[2026-07-24 19:46:23.541 Control 233933] Starting control daemon using socket /data1/gaobowen/tianze/logs/V-A/sm0-0-torch/r32_ours/mps-pipe/control
[2026-07-24 19:46:23.542 Control 233933] To connect CUDA applications to this daemon, set env CUDA_MPS_PIPE_DIRECTORY=/data1/gaobowen/tianze/logs/V-A/sm0-0-torch/r32_ours/mps-pipe
[2026-07-24 19:46:23.542 Control 233933] CUDA MPS Control binary version: 13000
[2026-07-24 19:46:27.311 Control 233933] Accepting connection...
[2026-07-24 19:46:27.311 Control 233933] User did not send valid credentials
[2026-07-24 19:46:27.311 Control 233933] Accepting connection...
[2026-07-24 19:46:27.311 Control 233933] NEW CLIENT 233938 from user 1003: Server is not ready, push client to pending list
[2026-07-24 19:46:27.311 Control 234029] Starting new server 234029 for user 1003
[2026-07-24 19:46:27.337 Control 233933] Accepting connection...
[2026-07-24 19:46:27.651 Control 233933] NEW SERVER 234029: Ready
[2026-07-24 19:46:34.478 Control 233933] Accepting connection...
[2026-07-24 19:46:34.478 Control 233933] User did not send valid credentials
[2026-07-24 19:46:34.478 Control 233933] Accepting connection...
[2026-07-24 19:46:34.478 Control 233933] NEW CLIENT 234109 from user 1003: Server already exists
[2026-07-24 19:46:34.501 Control 233933] Accepting connection...
[2026-07-24 19:46:34.501 Control 233933] User did not send valid credentials
[2026-07-24 19:46:34.501 Control 233933] Accepting connection...
[2026-07-24 19:46:34.501 Control 233933] NEW CLIENT 234110 from user 1003: Server already exists
[2026-07-24 19:47:31.005 Control 233933] Accepting connection...
[2026-07-24 19:47:31.005 Control 233933] NEW CLIENT 234110 from user 1003: Server already exists
[2026-07-24 19:47:31.161 Control 233933] Accepting connection...
[2026-07-24 19:47:31.161 Control 233933] NEW CLIENT 234109 from user 1003: Server already exists
[2026-07-24 19:47:31.732 Control 233933] Accepting connection...
[2026-07-24 19:47:31.732 Control 233933] User did not send valid credentials
[2026-07-24 19:47:31.732 Control 233933] Accepting connection...
[2026-07-24 19:47:31.732 Control 233933] NEW CLIENT 234962 from user 1003: Server already exists
[2026-07-24 19:47:31.949 Control 233933] Accepting connection...
[2026-07-24 19:47:31.949 Control 233933] User did not send valid credentials
[2026-07-24 19:47:31.949 Control 233933] Accepting connection...
[2026-07-24 19:47:31.949 Control 233933] NEW CLIENT 234964 from user 1003: Server already exists
[2026-07-24 19:51:21.392 Control 233933] Accepting connection...
[2026-07-24 19:51:21.392 Control 233933] NEW UI
[2026-07-24 19:51:21.392 Control 233933] Cmd:quit
[2026-07-24 19:51:21.392 Control 233933] Try shutting down server 234029, backoff is disabled
[2026-07-24 19:51:21.437 Control 233933] Server 234029 exited with status 0
[2026-07-24 19:51:21.437 Control 233933] Exit with status 0
