/data1/gaobowen/RLinf/.venv-libero-openpi/lib/python3.11/site-packages/transformers/utils/hub.py:111: FutureWarning: Using `TRANSFORMERS_CACHE` is deprecated and will be removed in v5 of Transformers. Use `HF_HOME` instead.
  warnings.warn(
WARNING: All log messages before absl::InitializeLog() is called are written to STDERR
I0000 00:00:1784893588.509714  233938 port.cc:153] oneDNN custom operations are on. You may see slightly different numerical results due to floating-point round-off errors from different computation orders. To turn them off, set the environment variable `TF_ENABLE_ONEDNN_OPTS=0`.
WARNING: All log messages before absl::InitializeLog() is called are written to STDERR
I0000 00:00:1784893589.758952  233938 port.cc:153] oneDNN custom operations are on. You may see slightly different numerical results due to floating-point round-off errors from different computation orders. To turn them off, set the environment variable `TF_ENABLE_ONEDNN_OPTS=0`.
/data1/gaobowen/RLinf/.venv-libero-openpi/lib/python3.11/site-packages/transformers/utils/hub.py:111: FutureWarning: Using `TRANSFORMERS_CACHE` is deprecated and will be removed in v5 of Transformers. Use `HF_HOME` instead.
  warnings.warn(
/data1/gaobowen/RLinf/.venv-libero-openpi/lib/python3.11/site-packages/transformers/utils/hub.py:111: FutureWarning: Using `TRANSFORMERS_CACHE` is deprecated and will be removed in v5 of Transformers. Use `HF_HOME` instead.
  warnings.warn(
WARNING: All log messages before absl::InitializeLog() is called are written to STDERR
I0000 00:00:1784893595.528738  234109 port.cc:153] oneDNN custom operations are on. You may see slightly different numerical results due to floating-point round-off errors from different computation orders. To turn them off, set the environment variable `TF_ENABLE_ONEDNN_OPTS=0`.
WARNING: All log messages before absl::InitializeLog() is called are written to STDERR
I0000 00:00:1784893595.577109  234110 port.cc:153] oneDNN custom operations are on. You may see slightly different numerical results due to floating-point round-off errors from different computation orders. To turn them off, set the environment variable `TF_ENABLE_ONEDNN_OPTS=0`.
WARNING: All log messages before absl::InitializeLog() is called are written to STDERR
I0000 00:00:1784893596.558904  234109 port.cc:153] oneDNN custom operations are on. You may see slightly different numerical results due to floating-point round-off errors from different computation orders. To turn them off, set the environment variable `TF_ENABLE_ONEDNN_OPTS=0`.
WARNING: All log messages before absl::InitializeLog() is called are written to STDERR
I0000 00:00:1784893596.593185  234110 port.cc:153] oneDNN custom operations are on. You may see slightly different numerical results due to floating-point round-off errors from different computation orders. To turn them off, set the environment variable `TF_ENABLE_ONEDNN_OPTS=0`.
target_request_rate_hz: 32.000
target_requests_per_second: 32.000
realized_offered_requests_per_second: 28.425
throughput_requests_per_second: 7.118
slo_ms: 200.000
slo_good_requests: 9
slo_goodput_requests_per_second: 1.279
num_requests: 200
completed_requests: 200
failed_requests: 0
timeout_requests: 0
submit_lateness_mean_ms: 1.117
submit_lateness_p50_ms: 0.766
submit_lateness_p95_ms: 1.759
action_latency_mean_ms: 17522.215
action_latency_p50_ms: 21751.158
action_latency_p95_ms: 22417.876
action_latency_p99_ms: 22530.849
end_to_end_latency_mean_ms: 17523.332
end_to_end_latency_p50_ms: 21751.581
end_to_end_latency_p95_ms: 22418.255
vlm_prefix_forward_mean_ms: 194.497
vlm_prefix_forward_p50_ms: 223.183
baseline_vlm_latency_mean_ms: null
baseline_vlm_latency_p50_ms: null
baseline_vlm_latency_p95_ms: null
baseline_ae_latency_mean_ms: null
baseline_ae_latency_p50_ms: null
baseline_ae_latency_p95_ms: null
baseline_ae_step_latency_mean_ms: null
baseline_ae_step_latency_p50_ms: null
baseline_ae_step_latency_p95_ms: null
baseline_ae_steps_mean: null
baseline_effective_batch_mean: null
infer_queue_wait_mean_ms: 0.114
infer_queue_wait_p50_ms: 0.112
infer_queue_wait_p95_ms: 0.174
vlm_request_queue_wait_mean_ms: 25.255
vlm_request_queue_wait_p50_ms: 1.814
vlm_request_queue_wait_p95_ms: 119.105
vlm_request_transfer_mean_ms: 2.377
vlm_request_transfer_p50_ms: 1.432
vlm_request_transfer_p95_ms: 3.457
vlm_queue_wait_mean_ms: 14467.926
vlm_queue_wait_p50_ms: 21027.857
vlm_queue_wait_p95_ms: 21747.838
prefix_queue_wait_mean_ms: 1538.398
prefix_queue_wait_p50_ms: 23.963
prefix_queue_wait_p95_ms: 21627.650
prefix_transfer_mean_ms: 7.915
prefix_transfer_p50_ms: 0.966
prefix_transfer_p95_ms: 39.269
prefix_admit_wait_mean_ms: 0.065
prefix_admit_wait_p50_ms: 0.060
prefix_admit_wait_p95_ms: 0.065
ae_result_queue_wait_mean_ms: 3.331
ae_result_queue_wait_p50_ms: 2.509
ae_result_queue_wait_p95_ms: 9.285
ae_result_transfer_mean_ms: 140.717
ae_result_transfer_p50_ms: 1.046
ae_result_transfer_p95_ms: 225.816
va_split_transfer_mean_ms: 151.009
va_split_transfer_p50_ms: 3.509
va_split_transfer_p95_ms: 243.069
va_split_queue_wait_mean_ms: 16034.975
va_split_queue_wait_p50_ms: 21219.259
va_split_queue_wait_p95_ms: 21868.620
prefix_lane_ingest_mean_ms: 0.645
prefix_lane_ingest_p50_ms: 0.635
prefix_lane_ingest_p95_ms: 0.675
prefix_lane_compact_mean_ms: 0.120
prefix_lane_compact_p50_ms: 0.000
prefix_lane_compact_p95_ms: 0.530
prefix_lane_overhead_mean_ms: 0.765
prefix_lane_overhead_p50_ms: 0.641
prefix_lane_overhead_p95_ms: 1.216
ae_step_mean_ms: 253.099
ae_step_p50_ms: 40.734
ae_effective_batch_mean: 8.474
vlm_effective_batch_mean: 6.830
policy_effective_batch_mean: null
batch_wait_mean_ms: null
batch_wait_p50_ms: null
batch_wait_p95_ms: null
effective_batch_mean: 8.474
effective_batch_p50: 8.000
effective_batch_p95: 19.200
effective_batch_p99: 19.200
effective_batch_max: 19.200
inflight_peak: 160
gpu_sm_util_mean: 20.468
gpu_mem_bw_util_mean: 5.709
