[2026-07-24 19:46:27.337 Other 234029] Startup
[2026-07-24 19:46:27.337 Other 234029] Connecting to control daemon on socket: /data1/gaobowen/tianze/logs/V-A/sm0-0-torch/r32_ours/mps-pipe/control
[2026-07-24 19:46:27.337 Other 234029] Initializing server process
[2026-07-24 19:46:27.577 Server 234029] Creating server context on device 0 (NVIDIA A800-SXM4-80GB)
[2026-07-24 19:46:27.651 Server 234029] Created anonymous shared memory region mps.shm.1003.234029
[2026-07-24 19:46:27.651 Server 234029] CUDA MPS Server for Linux/Unix. Binary version: 13000
[2026-07-24 19:46:27.651 Server 234029] Display Driver version: 580
[2026-07-24 19:46:27.651 Server 234029] Active Threads Percentage set to 100.0
[2026-07-24 19:46:27.651 Server 234029] Server Priority set to 0
[2026-07-24 19:46:27.651 Server 234029] Server has started
[2026-07-24 19:46:27.651 Server 234029] Received new client request for {PID: 0, Context ID: 0}
[2026-07-24 19:46:27.651 Server 234029] Client {PID: 233938, Context ID: 0} connected
[2026-07-24 19:46:27.651 Server 234029] Creating worker thread for client {PID: 233938, Context ID: 0}
[2026-07-24 19:46:34.478 Server 234029] Received new client request for {PID: 233938, Context ID: 0}
[2026-07-24 19:46:34.478 Server 234029] Client {PID: 234109, Context ID: 0} connected
[2026-07-24 19:46:34.478 Server 234029] Creating worker thread for client {PID: 234109, Context ID: 0}
[2026-07-24 19:46:34.501 Server 234029] Received new client request for {PID: 234109, Context ID: 0}
[2026-07-24 19:46:34.502 Server 234029] Client {PID: 234110, Context ID: 0} connected
[2026-07-24 19:46:34.502 Server 234029] Creating worker thread for client {PID: 234110, Context ID: 0}
[2026-07-24 19:47:31.005 Server 234029] Received new client request for {PID: 234110, Context ID: 0}
[2026-07-24 19:47:31.006 Server 234029] Client {PID: 234110, Context ID: 1} connected
[2026-07-24 19:47:31.006 Server 234029] Creating worker thread for client {PID: 234110, Context ID: 1}
[2026-07-24 19:47:31.006 Server 234029] Device NVIDIA A800-SXM4-80GB (uuid GPU-bc6f6460-c6ce-5737-1d7c-e745c8771862) is associated
[2026-07-24 19:47:31.006 Server 234029] Status of client {PID: 234110, Context ID: 1} is ACTIVE
[2026-07-24 19:47:31.161 Server 234029] Received new client request for {PID: 234110, Context ID: 1}
[2026-07-24 19:47:31.161 Server 234029] Client {PID: 234109, Context ID: 1} connected
[2026-07-24 19:47:31.161 Server 234029] Creating worker thread for client {PID: 234109, Context ID: 1}
[2026-07-24 19:47:31.161 Server 234029] Device NVIDIA A800-SXM4-80GB (uuid GPU-bc6f6460-c6ce-5737-1d7c-e745c8771862) is associated
[2026-07-24 19:47:31.161 Server 234029] Status of client {PID: 234109, Context ID: 1} is ACTIVE
[2026-07-24 19:47:31.732 Server 234029] Received new client request for {PID: 234109, Context ID: 1}
[2026-07-24 19:47:31.732 Server 234029] Client {PID: 234962, Context ID: 0} connected
[2026-07-24 19:47:31.732 Server 234029] Creating worker thread for client {PID: 234962, Context ID: 0}
[2026-07-24 19:47:31.949 Server 234029] Received new client request for {PID: 234962, Context ID: 0}
[2026-07-24 19:47:31.949 Server 234029] Client {PID: 234964, Context ID: 0} connected
[2026-07-24 19:47:31.949 Server 234029] Creating worker thread for client {PID: 234964, Context ID: 0}
[2026-07-24 19:51:19.724 Server 234029] Server failed to recevie command with status 806, assuming client {PID: 234110, Context ID: 1} exit
[2026-07-24 19:51:19.724 Server 234029] Client {PID: 234110, Context ID: 1} exiting. Number of active client contexts is 1.
[2026-07-24 19:51:19.756 Server 234029] Server failed to recevie command with status 806, assuming client {PID: 234110, Context ID: 0} exit
[2026-07-24 19:51:19.756 Server 234029] Client process 234110 disconnected
[2026-07-24 19:51:19.823 Server 234029] Server failed to recevie command with status 806, assuming client {PID: 234109, Context ID: 1} exit
[2026-07-24 19:51:19.823 Server 234029] Client {PID: 234109, Context ID: 1} exiting. Number of active client contexts is 0.
[2026-07-24 19:51:19.860 Server 234029] Server failed to recevie command with status 806, assuming client {PID: 234109, Context ID: 0} exit
[2026-07-24 19:51:19.860 Server 234029] Client process 234109 disconnected
[2026-07-24 19:51:20.235 Server 234029] Server failed to recevie command with status 806, assuming client {PID: 234962, Context ID: 0} exit
[2026-07-24 19:51:20.235 Server 234029] Client process 234962 disconnected
[2026-07-24 19:51:20.333 Server 234029] Server failed to recevie command with status 806, assuming client {PID: 234964, Context ID: 0} exit
[2026-07-24 19:51:20.333 Server 234029] Client process 234964 disconnected
[2026-07-24 19:51:21.364 Server 234029] Server failed to recevie command with status 806, assuming client {PID: 233938, Context ID: 0} exit
[2026-07-24 19:51:21.364 Server 234029] Client process 233938 disconnected
[2026-07-24 19:51:21.392 Server 234029] Server has been notified to shutdown
[2026-07-24 19:51:21.392 Server 234029] Waiting for current clients to finish
[2026-07-24 19:51:21.392 Server 234029] Exiting
