[2026-07-26 01:18:48.038 Control 1968668] Starting control daemon using socket /data1/gaobowen/tianze/logs/V-A/sm0-0-torch-new/r32_ours/mps-pipe/control
[2026-07-26 01:18:48.038 Control 1968668] To connect CUDA applications to this daemon, set env CUDA_MPS_PIPE_DIRECTORY=/data1/gaobowen/tianze/logs/V-A/sm0-0-torch-new/r32_ours/mps-pipe
[2026-07-26 01:18:48.038 Control 1968668] CUDA MPS Control binary version: 13000
[2026-07-26 01:18:51.806 Control 1968668] Accepting connection...
[2026-07-26 01:18:51.806 Control 1968668] User did not send valid credentials
[2026-07-26 01:18:51.806 Control 1968668] Accepting connection...
[2026-07-26 01:18:51.806 Control 1968668] NEW CLIENT 1968673 from user 1003: Server is not ready, push client to pending list
[2026-07-26 01:18:51.806 Control 1968762] Starting new server 1968762 for user 1003
[2026-07-26 01:18:51.824 Control 1968668] Accepting connection...
[2026-07-26 01:18:52.077 Control 1968668] NEW SERVER 1968762: Ready
[2026-07-26 01:18:58.894 Control 1968668] Accepting connection...
[2026-07-26 01:18:58.894 Control 1968668] User did not send valid credentials
[2026-07-26 01:18:58.894 Control 1968668] Accepting connection...
[2026-07-26 01:18:58.894 Control 1968668] NEW CLIENT 1968892 from user 1003: Server already exists
[2026-07-26 01:18:58.932 Control 1968668] Accepting connection...
[2026-07-26 01:18:58.932 Control 1968668] User did not send valid credentials
[2026-07-26 01:18:58.932 Control 1968668] Accepting connection...
[2026-07-26 01:18:58.932 Control 1968668] NEW CLIENT 1968891 from user 1003: Server already exists
[2026-07-26 01:19:54.111 Control 1968668] Accepting connection...
[2026-07-26 01:19:54.111 Control 1968668] NEW CLIENT 1968891 from user 1003: Server already exists
[2026-07-26 01:19:54.454 Control 1968668] Accepting connection...
[2026-07-26 01:19:54.454 Control 1968668] User did not send valid credentials
[2026-07-26 01:19:54.454 Control 1968668] Accepting connection...
[2026-07-26 01:19:54.454 Control 1968668] NEW CLIENT 1979735 from user 1003: Server already exists
[2026-07-26 01:19:55.891 Control 1968668] Accepting connection...
[2026-07-26 01:19:55.891 Control 1968668] NEW CLIENT 1968892 from user 1003: Server already exists
[2026-07-26 01:19:56.256 Control 1968668] Accepting connection...
[2026-07-26 01:19:56.256 Control 1968668] User did not send valid credentials
[2026-07-26 01:19:56.256 Control 1968668] Accepting connection...
[2026-07-26 01:19:56.256 Control 1968668] NEW CLIENT 1979815 from user 1003: Server already exists
[2026-07-26 01:23:33.467 Control 1968668] Accepting connection...
[2026-07-26 01:23:33.467 Control 1968668] NEW UI
[2026-07-26 01:23:33.467 Control 1968668] Cmd:quit
[2026-07-26 01:23:33.467 Control 1968668] Try shutting down server 1968762, backoff is disabled
[2026-07-26 01:23:33.502 Control 1968668] Server 1968762 exited with status 0
[2026-07-26 01:23:33.502 Control 1968668] Exit with status 0
