RUN_TS=r32_ours
RUN_MODE=profile
PROFILE_MODE=split-mps
GPU_ID=3
GPU_UUID=GPU-4179945d-3a58-f278-d14a-d866b6c7fb7e
GPU_NAME=NVIDIA A800-SXM4-80GB
CUDA_VISIBLE_DEVICES=GPU-4179945d-3a58-f278-d14a-d866b6c7fb7e
CUDA_MPS_PIPE_DIRECTORY=/data1/gaobowen/tianze/logs/V-A/sm0-0-torch-new/r32_ours/mps-pipe
CUDA_MPS_LOG_DIRECTORY=/data1/gaobowen/tianze/logs/V-A/sm0-0-torch-new/r32_ours
POLICY_CONFIG=pi05_libero
POLICY_DIR=/data1/gaobowen/model/RLinf-Pi05-LIBERO-SFT
NUM_REQUESTS=200
REQUEST_RATE_HZ=32
MAX_INFLIGHT=999
NUM_STEPS=5
TIMEOUT_S=600
WARMUP_REQUESTS=2
PYTORCH_COMPILE_MODE=default
AE_SM_PERCENT=0
VLM_SM_PERCENT=0
VA_SPLIT_MAX_AE_BATCH_SIZE=999
MAX_AE_BATCH_SIZE=999
VA_SPLIT_MAX_VLM_BATCH_SIZE=8
MAX_VLM_BATCH_SIZE=8
VA_SPLIT_MAX_VLM_WAIT_MS=1.0
MAX_VLM_WAIT_MS=1.0
BATCH_SIZE=8
ENABLE_POLICY_BATCH=true
