/data1/gaobowen/RLinf/.venv-libero-openpi/lib/python3.11/site-packages/transformers/utils/hub.py:111: FutureWarning: Using `TRANSFORMERS_CACHE` is deprecated and will be removed in v5 of Transformers. Use `HF_HOME` instead.
  warnings.warn(
WARNING: All log messages before absl::InitializeLog() is called are written to STDERR
I0000 00:00:1784893126.804538  227408 port.cc:153] oneDNN custom operations are on. You may see slightly different numerical results due to floating-point round-off errors from different computation orders. To turn them off, set the environment variable `TF_ENABLE_ONEDNN_OPTS=0`.
WARNING: All log messages before absl::InitializeLog() is called are written to STDERR
I0000 00:00:1784893127.989058  227408 port.cc:153] oneDNN custom operations are on. You may see slightly different numerical results due to floating-point round-off errors from different computation orders. To turn them off, set the environment variable `TF_ENABLE_ONEDNN_OPTS=0`.
target_request_rate_hz: 8.000
target_requests_per_second: 8.000
realized_offered_requests_per_second: 7.106
throughput_requests_per_second: 7.052
slo_ms: 200.000
slo_good_requests: 58
slo_goodput_requests_per_second: 2.061
num_requests: 200
completed_requests: 200
failed_requests: 0
timeout_requests: 0
submit_lateness_mean_ms: 66.351
submit_lateness_p50_ms: 58.639
submit_lateness_p95_ms: 153.847
action_latency_mean_ms: 179.809
action_latency_p50_ms: 185.316
action_latency_p95_ms: 211.729
action_latency_p99_ms: 234.849
end_to_end_latency_mean_ms: 246.160
end_to_end_latency_p50_ms: 249.532
end_to_end_latency_p95_ms: 344.060
vlm_prefix_forward_mean_ms: null
vlm_prefix_forward_p50_ms: null
baseline_vlm_latency_mean_ms: 77.751
baseline_vlm_latency_p50_ms: 81.738
baseline_vlm_latency_p95_ms: 104.964
baseline_ae_latency_mean_ms: 97.699
baseline_ae_latency_p50_ms: 98.866
baseline_ae_latency_p95_ms: 101.124
baseline_ae_step_latency_mean_ms: 19.540
baseline_ae_step_latency_p50_ms: 19.773
baseline_ae_step_latency_p95_ms: 20.225
baseline_ae_steps_mean: 5.000
baseline_effective_batch_mean: 1.860
infer_queue_wait_mean_ms: 0.709
infer_queue_wait_p50_ms: 0.626
infer_queue_wait_p95_ms: 1.279
vlm_request_queue_wait_mean_ms: null
vlm_request_queue_wait_p50_ms: null
vlm_request_queue_wait_p95_ms: null
vlm_request_transfer_mean_ms: null
vlm_request_transfer_p50_ms: null
vlm_request_transfer_p95_ms: null
vlm_queue_wait_mean_ms: null
vlm_queue_wait_p50_ms: null
vlm_queue_wait_p95_ms: null
prefix_queue_wait_mean_ms: null
prefix_queue_wait_p50_ms: null
prefix_queue_wait_p95_ms: null
prefix_transfer_mean_ms: null
prefix_transfer_p50_ms: null
prefix_transfer_p95_ms: null
prefix_admit_wait_mean_ms: null
prefix_admit_wait_p50_ms: null
prefix_admit_wait_p95_ms: null
ae_result_queue_wait_mean_ms: null
ae_result_queue_wait_p50_ms: null
ae_result_queue_wait_p95_ms: null
ae_result_transfer_mean_ms: null
ae_result_transfer_p50_ms: null
ae_result_transfer_p95_ms: null
va_split_transfer_mean_ms: null
va_split_transfer_p50_ms: null
va_split_transfer_p95_ms: null
va_split_queue_wait_mean_ms: null
va_split_queue_wait_p50_ms: null
va_split_queue_wait_p95_ms: null
prefix_lane_ingest_mean_ms: null
prefix_lane_ingest_p50_ms: null
prefix_lane_ingest_p95_ms: null
prefix_lane_compact_mean_ms: null
prefix_lane_compact_p50_ms: null
prefix_lane_compact_p95_ms: null
prefix_lane_overhead_mean_ms: null
prefix_lane_overhead_p50_ms: null
prefix_lane_overhead_p95_ms: null
ae_step_mean_ms: null
ae_step_p50_ms: null
ae_effective_batch_mean: null
vlm_effective_batch_mean: null
policy_effective_batch_mean: 1.860
batch_wait_mean_ms: 66.351
batch_wait_p50_ms: 58.639
batch_wait_p95_ms: 153.847
effective_batch_mean: 1.860
effective_batch_p50: 2.000
effective_batch_p95: 3.000
effective_batch_p99: 4.000
effective_batch_max: 4.000
inflight_peak: 4
gpu_sm_util_mean: 43.154
gpu_mem_bw_util_mean: 9.797
