/data1/gaobowen/RLinf/.venv-libero-openpi/lib/python3.11/site-packages/transformers/utils/hub.py:111: FutureWarning: Using `TRANSFORMERS_CACHE` is deprecated and will be removed in v5 of Transformers. Use `HF_HOME` instead.
  warnings.warn(
WARNING: All log messages before absl::InitializeLog() is called are written to STDERR
I0000 00:00:1784892666.244893  222584 port.cc:153] oneDNN custom operations are on. You may see slightly different numerical results due to floating-point round-off errors from different computation orders. To turn them off, set the environment variable `TF_ENABLE_ONEDNN_OPTS=0`.
WARNING: All log messages before absl::InitializeLog() is called are written to STDERR
I0000 00:00:1784892667.425018  222584 port.cc:153] oneDNN custom operations are on. You may see slightly different numerical results due to floating-point round-off errors from different computation orders. To turn them off, set the environment variable `TF_ENABLE_ONEDNN_OPTS=0`.
target_request_rate_hz: 16.000
target_requests_per_second: 16.000
realized_offered_requests_per_second: 14.212
throughput_requests_per_second: 13.899
slo_ms: 200.000
slo_good_requests: 11
slo_goodput_requests_per_second: 0.782
num_requests: 200
completed_requests: 200
failed_requests: 0
timeout_requests: 0
submit_lateness_mean_ms: 104.742
submit_lateness_p50_ms: 102.148
submit_lateness_p95_ms: 206.368
action_latency_mean_ms: 232.773
action_latency_p50_ms: 236.906
action_latency_p95_ms: 350.075
action_latency_p99_ms: 350.660
end_to_end_latency_mean_ms: 337.514
end_to_end_latency_p50_ms: 337.402
end_to_end_latency_p95_ms: 468.632
vlm_prefix_forward_mean_ms: null
vlm_prefix_forward_p50_ms: null
baseline_vlm_latency_mean_ms: 125.046
baseline_vlm_latency_p50_ms: 129.561
baseline_vlm_latency_p95_ms: 238.181
baseline_ae_latency_mean_ms: 102.178
baseline_ae_latency_p50_ms: 102.113
baseline_ae_latency_p95_ms: 103.961
baseline_ae_step_latency_mean_ms: 20.436
baseline_ae_step_latency_p50_ms: 20.423
baseline_ae_step_latency_p95_ms: 20.792
baseline_ae_steps_mean: 5.000
baseline_effective_batch_mean: 3.770
infer_queue_wait_mean_ms: 1.172
infer_queue_wait_p50_ms: 1.098
infer_queue_wait_p95_ms: 2.205
vlm_request_queue_wait_mean_ms: null
vlm_request_queue_wait_p50_ms: null
vlm_request_queue_wait_p95_ms: null
vlm_request_transfer_mean_ms: null
vlm_request_transfer_p50_ms: null
vlm_request_transfer_p95_ms: null
vlm_queue_wait_mean_ms: null
vlm_queue_wait_p50_ms: null
vlm_queue_wait_p95_ms: null
prefix_queue_wait_mean_ms: null
prefix_queue_wait_p50_ms: null
prefix_queue_wait_p95_ms: null
prefix_transfer_mean_ms: null
prefix_transfer_p50_ms: null
prefix_transfer_p95_ms: null
prefix_admit_wait_mean_ms: null
prefix_admit_wait_p50_ms: null
prefix_admit_wait_p95_ms: null
ae_result_queue_wait_mean_ms: null
ae_result_queue_wait_p50_ms: null
ae_result_queue_wait_p95_ms: null
ae_result_transfer_mean_ms: null
ae_result_transfer_p50_ms: null
ae_result_transfer_p95_ms: null
va_split_transfer_mean_ms: null
va_split_transfer_p50_ms: null
va_split_transfer_p95_ms: null
va_split_queue_wait_mean_ms: null
va_split_queue_wait_p50_ms: null
va_split_queue_wait_p95_ms: null
prefix_lane_ingest_mean_ms: null
prefix_lane_ingest_p50_ms: null
prefix_lane_ingest_p95_ms: null
prefix_lane_compact_mean_ms: null
prefix_lane_compact_p50_ms: null
prefix_lane_compact_p95_ms: null
prefix_lane_overhead_mean_ms: null
prefix_lane_overhead_p50_ms: null
prefix_lane_overhead_p95_ms: null
ae_step_mean_ms: null
ae_step_p50_ms: null
ae_effective_batch_mean: null
vlm_effective_batch_mean: null
policy_effective_batch_mean: 3.770
batch_wait_mean_ms: 104.742
batch_wait_p50_ms: 102.148
batch_wait_p95_ms: 206.368
effective_batch_mean: 3.770
effective_batch_p50: 4.000
effective_batch_p95: 8.000
effective_batch_p99: 8.000
effective_batch_max: 8.000
inflight_peak: 8
gpu_sm_util_mean: 65.288
gpu_mem_bw_util_mean: 17.877
