WARNING: All log messages before absl::InitializeLog() is called are written to STDERR
I0000 00:00:1784871140.432797  229464 port.cc:153] oneDNN custom operations are on. You may see slightly different numerical results due to floating-point round-off errors from different computation orders. To turn them off, set the environment variable `TF_ENABLE_ONEDNN_OPTS=0`.
WARNING: All log messages before absl::InitializeLog() is called are written to STDERR
I0000 00:00:1784871141.621054  229464 port.cc:153] oneDNN custom operations are on. You may see slightly different numerical results due to floating-point round-off errors from different computation orders. To turn them off, set the environment variable `TF_ENABLE_ONEDNN_OPTS=0`.
target_request_rate_hz: 32.000
target_requests_per_second: 32.000
realized_offered_requests_per_second: 28.425
throughput_requests_per_second: 21.988
slo_ms: 200.000
slo_good_requests: 1
slo_goodput_requests_per_second: 0.142
num_requests: 200
completed_requests: 200
failed_requests: 0
timeout_requests: 0
submit_lateness_mean_ms: 1008.280
submit_lateness_p50_ms: 1039.642
submit_lateness_p95_ms: 1744.178
action_latency_mean_ms: 346.385
action_latency_p50_ms: 349.968
action_latency_p95_ms: 355.722
action_latency_p99_ms: 376.011
end_to_end_latency_mean_ms: 1354.665
end_to_end_latency_p50_ms: 1390.340
end_to_end_latency_p95_ms: 2092.473
vlm_prefix_forward_mean_ms: null
vlm_prefix_forward_p50_ms: null
baseline_vlm_latency_mean_ms: 235.030
baseline_vlm_latency_p50_ms: 240.046
baseline_vlm_latency_p95_ms: 240.645
baseline_ae_latency_mean_ms: 104.275
baseline_ae_latency_p50_ms: 103.361
baseline_ae_latency_p95_ms: 107.791
baseline_ae_step_latency_mean_ms: 20.855
baseline_ae_step_latency_p50_ms: 20.672
baseline_ae_step_latency_p95_ms: 21.558
baseline_ae_steps_mean: 5.000
baseline_effective_batch_mean: 7.810
vlm_request_transfer_mean_ms: null
vlm_request_transfer_p50_ms: null
vlm_request_transfer_p95_ms: null
prefix_transfer_mean_ms: null
prefix_transfer_p50_ms: null
prefix_transfer_p95_ms: null
ae_result_transfer_mean_ms: null
ae_result_transfer_p50_ms: null
ae_result_transfer_p95_ms: null
va_split_transfer_mean_ms: null
va_split_transfer_p50_ms: null
va_split_transfer_p95_ms: null
prefix_lane_ingest_mean_ms: null
prefix_lane_ingest_p50_ms: null
prefix_lane_ingest_p95_ms: null
prefix_lane_compact_mean_ms: null
prefix_lane_compact_p50_ms: null
prefix_lane_compact_p95_ms: null
prefix_lane_overhead_mean_ms: null
prefix_lane_overhead_p50_ms: null
prefix_lane_overhead_p95_ms: null
ae_step_mean_ms: null
ae_step_p50_ms: null
ae_effective_batch_mean: null
vlm_effective_batch_mean: null
policy_effective_batch_mean: 7.810
batch_wait_mean_ms: 1008.280
batch_wait_p50_ms: 1039.642
batch_wait_p95_ms: 1744.178
effective_batch_mean: 7.810
effective_batch_p50: 8.000
effective_batch_p95: 8.000
effective_batch_p99: 8.000
effective_batch_max: 8.000
inflight_peak: 8
gpu_sm_util_mean: 82.304
gpu_mem_bw_util_mean: 26.957
