RUN_TS=compare200_sm0_30_r32_baseline_20260724_164403
RUN_MODE=profile
PROFILE_MODE=monolithic
GPU_ID=5
GPU_UUID=GPU-dd0d503d-0aa5-9ef6-69a0-55a6568f1458
GPU_NAME=NVIDIA A800-SXM4-80GB
CUDA_VISIBLE_DEVICES=GPU-dd0d503d-0aa5-9ef6-69a0-55a6568f1458
CUDA_MPS_PIPE_DIRECTORY=
CUDA_MPS_LOG_DIRECTORY=
POLICY_CONFIG=pi05_libero
POLICY_DIR=/data2/gaobowen/model/RLinf-Pi05-LIBERO-SFT
NUM_REQUESTS=200
REQUEST_RATE_HZ=32
MAX_INFLIGHT=999
NUM_STEPS=5
TIMEOUT_S=600
WARMUP_REQUESTS=2
PYTORCH_COMPILE_MODE=disabled
AE_SM_PERCENT=30
VLM_SM_PERCENT=0
VA_SPLIT_MAX_AE_BATCH_SIZE=999
MAX_AE_BATCH_SIZE=999
VA_SPLIT_MAX_VLM_BATCH_SIZE=8
MAX_VLM_BATCH_SIZE=8
VA_SPLIT_MAX_VLM_WAIT_MS=1.0
MAX_VLM_WAIT_MS=1.0
BATCH_SIZE=8
ENABLE_POLICY_BATCH=true
