WARNING: All log messages before absl::InitializeLog() is called are written to STDERR
I0000 00:00:1784882840.558407  642530 port.cc:153] oneDNN custom operations are on. You may see slightly different numerical results due to floating-point round-off errors from different computation orders. To turn them off, set the environment variable `TF_ENABLE_ONEDNN_OPTS=0`.
WARNING: All log messages before absl::InitializeLog() is called are written to STDERR
I0000 00:00:1784882841.776015  642530 port.cc:153] oneDNN custom operations are on. You may see slightly different numerical results due to floating-point round-off errors from different computation orders. To turn them off, set the environment variable `TF_ENABLE_ONEDNN_OPTS=0`.
target_request_rate_hz: 32.000
target_requests_per_second: 32.000
realized_offered_requests_per_second: 28.425
throughput_requests_per_second: 17.657
slo_ms: 200.000
slo_good_requests: 1
slo_goodput_requests_per_second: 0.142
num_requests: 200
completed_requests: 200
failed_requests: 0
timeout_requests: 0
submit_lateness_mean_ms: 2894.973
submit_lateness_p50_ms: 2790.164
submit_lateness_p95_ms: 3974.189
action_latency_mean_ms: 435.015
action_latency_p50_ms: 359.519
action_latency_p95_ms: 737.823
action_latency_p99_ms: 2154.318
end_to_end_latency_mean_ms: 3329.988
end_to_end_latency_p50_ms: 3218.865
end_to_end_latency_p95_ms: 4323.426
vlm_prefix_forward_mean_ms: null
vlm_prefix_forward_p50_ms: null
baseline_vlm_latency_mean_ms: 301.044
baseline_vlm_latency_p50_ms: 239.244
baseline_vlm_latency_p95_ms: 240.920
baseline_ae_latency_mean_ms: 125.430
baseline_ae_latency_p50_ms: 111.157
baseline_ae_latency_p95_ms: 122.927
baseline_ae_step_latency_mean_ms: 25.086
baseline_ae_step_latency_p50_ms: 22.231
baseline_ae_step_latency_p95_ms: 24.585
baseline_ae_steps_mean: 5.000
baseline_effective_batch_mean: 7.930
infer_queue_wait_mean_ms: 1.218
infer_queue_wait_p50_ms: 1.197
infer_queue_wait_p95_ms: 1.529
vlm_request_queue_wait_mean_ms: null
vlm_request_queue_wait_p50_ms: null
vlm_request_queue_wait_p95_ms: null
vlm_request_transfer_mean_ms: null
vlm_request_transfer_p50_ms: null
vlm_request_transfer_p95_ms: null
vlm_queue_wait_mean_ms: null
vlm_queue_wait_p50_ms: null
vlm_queue_wait_p95_ms: null
prefix_queue_wait_mean_ms: null
prefix_queue_wait_p50_ms: null
prefix_queue_wait_p95_ms: null
prefix_transfer_mean_ms: null
prefix_transfer_p50_ms: null
prefix_transfer_p95_ms: null
prefix_admit_wait_mean_ms: null
prefix_admit_wait_p50_ms: null
prefix_admit_wait_p95_ms: null
ae_result_queue_wait_mean_ms: null
ae_result_queue_wait_p50_ms: null
ae_result_queue_wait_p95_ms: null
ae_result_transfer_mean_ms: null
ae_result_transfer_p50_ms: null
ae_result_transfer_p95_ms: null
va_split_transfer_mean_ms: null
va_split_transfer_p50_ms: null
va_split_transfer_p95_ms: null
va_split_queue_wait_mean_ms: null
va_split_queue_wait_p50_ms: null
va_split_queue_wait_p95_ms: null
prefix_lane_ingest_mean_ms: null
prefix_lane_ingest_p50_ms: null
prefix_lane_ingest_p95_ms: null
prefix_lane_compact_mean_ms: null
prefix_lane_compact_p50_ms: null
prefix_lane_compact_p95_ms: null
prefix_lane_overhead_mean_ms: null
prefix_lane_overhead_p50_ms: null
prefix_lane_overhead_p95_ms: null
ae_step_mean_ms: null
ae_step_p50_ms: null
ae_effective_batch_mean: null
vlm_effective_batch_mean: null
policy_effective_batch_mean: 7.930
batch_wait_mean_ms: 2894.973
batch_wait_p50_ms: 2790.164
batch_wait_p95_ms: 3974.189
effective_batch_mean: 7.930
effective_batch_p50: 8.000
effective_batch_p95: 8.000
effective_batch_p99: 8.000
effective_batch_max: 8.000
inflight_peak: 8
gpu_sm_util_mean: 66.208
gpu_mem_bw_util_mean: 22.000
