[2026-07-24 18:01:08.172 Control 160066] Starting control daemon using socket /data1/gaobowen/tianze/logs/V-A/sm0-0/r16_ours/mps-pipe/control
[2026-07-24 18:01:08.172 Control 160066] To connect CUDA applications to this daemon, set env CUDA_MPS_PIPE_DIRECTORY=/data1/gaobowen/tianze/logs/V-A/sm0-0/r16_ours/mps-pipe
[2026-07-24 18:01:08.172 Control 160066] CUDA MPS Control binary version: 13000
[2026-07-24 18:01:11.890 Control 160066] Accepting connection...
[2026-07-24 18:01:11.890 Control 160066] User did not send valid credentials
[2026-07-24 18:01:11.890 Control 160066] Accepting connection...
[2026-07-24 18:01:11.890 Control 160066] NEW CLIENT 160071 from user 1003: Server is not ready, push client to pending list
[2026-07-24 18:01:11.890 Control 160154] Starting new server 160154 for user 1003
[2026-07-24 18:01:11.908 Control 160066] Accepting connection...
[2026-07-24 18:01:12.247 Control 160066] NEW SERVER 160154: Ready
[2026-07-24 18:01:18.955 Control 160066] Accepting connection...
[2026-07-24 18:01:18.955 Control 160066] User did not send valid credentials
[2026-07-24 18:01:18.956 Control 160066] Accepting connection...
[2026-07-24 18:01:18.956 Control 160066] NEW CLIENT 160264 from user 1003: Server already exists
[2026-07-24 18:01:18.979 Control 160066] Accepting connection...
[2026-07-24 18:01:18.979 Control 160066] User did not send valid credentials
[2026-07-24 18:01:18.979 Control 160066] Accepting connection...
[2026-07-24 18:01:18.979 Control 160066] NEW CLIENT 160263 from user 1003: Server already exists
[2026-07-24 18:02:12.857 Control 160066] Accepting connection...
[2026-07-24 18:02:12.857 Control 160066] NEW CLIENT 160264 from user 1003: Server already exists
[2026-07-24 18:02:14.044 Control 160066] Accepting connection...
[2026-07-24 18:02:14.044 Control 160066] NEW CLIENT 160263 from user 1003: Server already exists
[2026-07-24 18:02:34.996 Control 160066] Accepting connection...
[2026-07-24 18:02:34.996 Control 160066] NEW UI
[2026-07-24 18:02:34.996 Control 160066] Cmd:quit
[2026-07-24 18:02:34.996 Control 160066] Try shutting down server 160154, backoff is disabled
[2026-07-24 18:02:35.040 Control 160066] Server 160154 exited with status 0
[2026-07-24 18:02:35.040 Control 160066] Exit with status 0
