/data1/gaobowen/RLinf/.venv-libero-openpi/lib/python3.11/site-packages/transformers/utils/hub.py:111: FutureWarning: Using `TRANSFORMERS_CACHE` is deprecated and will be removed in v5 of Transformers. Use `HF_HOME` instead.
  warnings.warn(
WARNING: All log messages before absl::InitializeLog() is called are written to STDERR
I0000 00:00:1784887273.080651  160071 port.cc:153] oneDNN custom operations are on. You may see slightly different numerical results due to floating-point round-off errors from different computation orders. To turn them off, set the environment variable `TF_ENABLE_ONEDNN_OPTS=0`.
WARNING: All log messages before absl::InitializeLog() is called are written to STDERR
I0000 00:00:1784887274.247952  160071 port.cc:153] oneDNN custom operations are on. You may see slightly different numerical results due to floating-point round-off errors from different computation orders. To turn them off, set the environment variable `TF_ENABLE_ONEDNN_OPTS=0`.
/data1/gaobowen/RLinf/.venv-libero-openpi/lib/python3.11/site-packages/transformers/utils/hub.py:111: FutureWarning: Using `TRANSFORMERS_CACHE` is deprecated and will be removed in v5 of Transformers. Use `HF_HOME` instead.
  warnings.warn(
/data1/gaobowen/RLinf/.venv-libero-openpi/lib/python3.11/site-packages/transformers/utils/hub.py:111: FutureWarning: Using `TRANSFORMERS_CACHE` is deprecated and will be removed in v5 of Transformers. Use `HF_HOME` instead.
  warnings.warn(
WARNING: All log messages before absl::InitializeLog() is called are written to STDERR
WARNING: All log messages before absl::InitializeLog() is called are written to STDERR
I0000 00:00:1784887280.093925  160264 port.cc:153] oneDNN custom operations are on. You may see slightly different numerical results due to floating-point round-off errors from different computation orders. To turn them off, set the environment variable `TF_ENABLE_ONEDNN_OPTS=0`.
I0000 00:00:1784887280.093924  160263 port.cc:153] oneDNN custom operations are on. You may see slightly different numerical results due to floating-point round-off errors from different computation orders. To turn them off, set the environment variable `TF_ENABLE_ONEDNN_OPTS=0`.
WARNING: All log messages before absl::InitializeLog() is called are written to STDERR
I0000 00:00:1784887281.117666  160263 port.cc:153] oneDNN custom operations are on. You may see slightly different numerical results due to floating-point round-off errors from different computation orders. To turn them off, set the environment variable `TF_ENABLE_ONEDNN_OPTS=0`.
WARNING: All log messages before absl::InitializeLog() is called are written to STDERR
I0000 00:00:1784887281.130188  160264 port.cc:153] oneDNN custom operations are on. You may see slightly different numerical results due to floating-point round-off errors from different computation orders. To turn them off, set the environment variable `TF_ENABLE_ONEDNN_OPTS=0`.
target_request_rate_hz: 16.000
target_requests_per_second: 16.000
realized_offered_requests_per_second: 14.212
throughput_requests_per_second: 13.975
slo_ms: 200.000
slo_good_requests: 23
slo_goodput_requests_per_second: 1.634
num_requests: 200
completed_requests: 200
failed_requests: 0
timeout_requests: 0
submit_lateness_mean_ms: 0.698
submit_lateness_p50_ms: 0.618
submit_lateness_p95_ms: 1.700
action_latency_mean_ms: 292.474
action_latency_p50_ms: 281.145
action_latency_p95_ms: 443.517
action_latency_p99_ms: 493.157
end_to_end_latency_mean_ms: 293.171
end_to_end_latency_p50_ms: 281.757
end_to_end_latency_p95_ms: 443.984
vlm_prefix_forward_mean_ms: 100.213
vlm_prefix_forward_p50_ms: 97.112
baseline_vlm_latency_mean_ms: null
baseline_vlm_latency_p50_ms: null
baseline_vlm_latency_p95_ms: null
baseline_ae_latency_mean_ms: null
baseline_ae_latency_p50_ms: null
baseline_ae_latency_p95_ms: null
baseline_ae_step_latency_mean_ms: null
baseline_ae_step_latency_p50_ms: null
baseline_ae_step_latency_p95_ms: null
baseline_ae_steps_mean: null
baseline_effective_batch_mean: null
infer_queue_wait_mean_ms: 0.075
infer_queue_wait_p50_ms: 0.065
infer_queue_wait_p95_ms: 0.159
vlm_request_queue_wait_mean_ms: 36.836
vlm_request_queue_wait_p50_ms: 35.285
vlm_request_queue_wait_p95_ms: 98.703
vlm_request_transfer_mean_ms: 2.454
vlm_request_transfer_p50_ms: 1.364
vlm_request_transfer_p95_ms: 8.259
vlm_queue_wait_mean_ms: 2.715
vlm_queue_wait_p50_ms: 1.865
vlm_queue_wait_p95_ms: 5.230
prefix_queue_wait_mean_ms: 9.841
prefix_queue_wait_p50_ms: 7.724
prefix_queue_wait_p95_ms: 24.963
prefix_transfer_mean_ms: 12.692
prefix_transfer_p50_ms: 2.332
prefix_transfer_p95_ms: 67.463
prefix_admit_wait_mean_ms: 0.060
prefix_admit_wait_p50_ms: 0.059
prefix_admit_wait_p95_ms: 0.069
ae_result_queue_wait_mean_ms: 0.302
ae_result_queue_wait_p50_ms: 0.000
ae_result_queue_wait_p95_ms: 1.292
ae_result_transfer_mean_ms: 71.935
ae_result_transfer_p50_ms: 76.086
ae_result_transfer_p95_ms: 194.240
va_split_transfer_mean_ms: 87.082
va_split_transfer_p50_ms: 82.873
va_split_transfer_p95_ms: 250.509
va_split_queue_wait_mean_ms: 49.753
va_split_queue_wait_p50_ms: 49.103
va_split_queue_wait_p95_ms: 109.617
prefix_lane_ingest_mean_ms: 0.651
prefix_lane_ingest_p50_ms: 0.635
prefix_lane_ingest_p95_ms: 0.803
prefix_lane_compact_mean_ms: 0.489
prefix_lane_compact_p50_ms: 0.497
prefix_lane_compact_p95_ms: 1.601
prefix_lane_overhead_mean_ms: 1.140
prefix_lane_overhead_p50_ms: 1.132
prefix_lane_overhead_p95_ms: 2.301
ae_step_mean_ms: 23.766
ae_step_p50_ms: 22.437
ae_effective_batch_mean: 2.856
vlm_effective_batch_mean: 2.080
policy_effective_batch_mean: null
batch_wait_mean_ms: null
batch_wait_p50_ms: null
batch_wait_p95_ms: null
effective_batch_mean: 2.856
effective_batch_p50: 2.600
effective_batch_p95: 6.800
effective_batch_p99: 7.000
effective_batch_max: 7.000
inflight_peak: 14
gpu_sm_util_mean: 66.000
gpu_mem_bw_util_mean: 18.444
