[2026-07-24 18:01:11.908 Other 160154] Startup
[2026-07-24 18:01:11.908 Other 160154] Connecting to control daemon on socket: /data1/gaobowen/tianze/logs/V-A/sm0-0/r16_ours/mps-pipe/control
[2026-07-24 18:01:11.909 Other 160154] Initializing server process
[2026-07-24 18:01:12.177 Server 160154] Creating server context on device 0 (NVIDIA A800-SXM4-80GB)
[2026-07-24 18:01:12.247 Server 160154] Created anonymous shared memory region mps.shm.1003.160154
[2026-07-24 18:01:12.247 Server 160154] CUDA MPS Server for Linux/Unix. Binary version: 13000
[2026-07-24 18:01:12.247 Server 160154] Display Driver version: 580
[2026-07-24 18:01:12.247 Server 160154] Active Threads Percentage set to 100.0
[2026-07-24 18:01:12.247 Server 160154] Server Priority set to 0
[2026-07-24 18:01:12.247 Server 160154] Server has started
[2026-07-24 18:01:12.247 Server 160154] Received new client request for {PID: 0, Context ID: 0}
[2026-07-24 18:01:12.247 Server 160154] Client {PID: 160071, Context ID: 0} connected
[2026-07-24 18:01:12.247 Server 160154] Creating worker thread for client {PID: 160071, Context ID: 0}
[2026-07-24 18:01:18.956 Server 160154] Received new client request for {PID: 160071, Context ID: 0}
[2026-07-24 18:01:18.956 Server 160154] Client {PID: 160264, Context ID: 0} connected
[2026-07-24 18:01:18.956 Server 160154] Creating worker thread for client {PID: 160264, Context ID: 0}
[2026-07-24 18:01:18.979 Server 160154] Received new client request for {PID: 160264, Context ID: 0}
[2026-07-24 18:01:18.979 Server 160154] Client {PID: 160263, Context ID: 0} connected
[2026-07-24 18:01:18.979 Server 160154] Creating worker thread for client {PID: 160263, Context ID: 0}
[2026-07-24 18:02:12.857 Server 160154] Received new client request for {PID: 160263, Context ID: 0}
[2026-07-24 18:02:12.895 Server 160154] Client {PID: 160264, Context ID: 1} connected
[2026-07-24 18:02:12.895 Server 160154] Creating worker thread for client {PID: 160264, Context ID: 1}
[2026-07-24 18:02:12.895 Server 160154] Device NVIDIA A800-SXM4-80GB (uuid GPU-bc6f6460-c6ce-5737-1d7c-e745c8771862) is associated
[2026-07-24 18:02:12.895 Server 160154] Status of client {PID: 160264, Context ID: 1} is ACTIVE
[2026-07-24 18:02:14.044 Server 160154] Received new client request for {PID: 160264, Context ID: 1}
[2026-07-24 18:02:14.075 Server 160154] Client {PID: 160263, Context ID: 1} connected
[2026-07-24 18:02:14.075 Server 160154] Creating worker thread for client {PID: 160263, Context ID: 1}
[2026-07-24 18:02:14.075 Server 160154] Device NVIDIA A800-SXM4-80GB (uuid GPU-bc6f6460-c6ce-5737-1d7c-e745c8771862) is associated
[2026-07-24 18:02:14.075 Server 160154] Status of client {PID: 160263, Context ID: 1} is ACTIVE
[2026-07-24 18:02:33.083 Server 160154] Server failed to recevie command with status 806, assuming client {PID: 160264, Context ID: 1} exit
[2026-07-24 18:02:33.083 Server 160154] Client {PID: 160264, Context ID: 1} exiting. Number of active client contexts is 1.
[2026-07-24 18:02:33.111 Server 160154] Server failed to recevie command with status 806, assuming client {PID: 160264, Context ID: 0} exit
[2026-07-24 18:02:33.111 Server 160154] Client process 160264 disconnected
[2026-07-24 18:02:33.610 Server 160154] Server failed to recevie command with status 806, assuming client {PID: 160263, Context ID: 1} exit
[2026-07-24 18:02:33.610 Server 160154] Client {PID: 160263, Context ID: 1} exiting. Number of active client contexts is 0.
[2026-07-24 18:02:33.637 Server 160154] Server failed to recevie command with status 806, assuming client {PID: 160263, Context ID: 0} exit
[2026-07-24 18:02:33.637 Server 160154] Client process 160263 disconnected
[2026-07-24 18:02:34.968 Server 160154] Server failed to recevie command with status 806, assuming client {PID: 160071, Context ID: 0} exit
[2026-07-24 18:02:34.968 Server 160154] Client process 160071 disconnected
[2026-07-24 18:02:34.996 Server 160154] Server has been notified to shutdown
[2026-07-24 18:02:34.996 Server 160154] Waiting for current clients to finish
[2026-07-24 18:02:34.996 Server 160154] Exiting
