WARNING: All log messages before absl::InitializeLog() is called are written to STDERR
I0000 00:00:1784870772.273200  219341 port.cc:153] oneDNN custom operations are on. You may see slightly different numerical results due to floating-point round-off errors from different computation orders. To turn them off, set the environment variable `TF_ENABLE_ONEDNN_OPTS=0`.
WARNING: All log messages before absl::InitializeLog() is called are written to STDERR
I0000 00:00:1784870773.476893  219341 port.cc:153] oneDNN custom operations are on. You may see slightly different numerical results due to floating-point round-off errors from different computation orders. To turn them off, set the environment variable `TF_ENABLE_ONEDNN_OPTS=0`.
target_request_rate_hz: 8.000
target_requests_per_second: 8.000
realized_offered_requests_per_second: 7.106
throughput_requests_per_second: 7.054
slo_ms: 200.000
slo_good_requests: 48
slo_goodput_requests_per_second: 1.705
num_requests: 200
completed_requests: 200
failed_requests: 0
timeout_requests: 0
submit_lateness_mean_ms: 74.636
submit_lateness_p50_ms: 76.918
submit_lateness_p95_ms: 161.294
action_latency_mean_ms: 187.377
action_latency_p50_ms: 190.296
action_latency_p95_ms: 224.459
action_latency_p99_ms: 263.373
end_to_end_latency_mean_ms: 262.013
end_to_end_latency_p50_ms: 268.771
end_to_end_latency_p95_ms: 367.602
vlm_prefix_forward_mean_ms: null
vlm_prefix_forward_p50_ms: null
baseline_vlm_latency_mean_ms: 80.674
baseline_vlm_latency_p50_ms: 83.097
baseline_vlm_latency_p95_ms: 112.444
baseline_ae_latency_mean_ms: 102.360
baseline_ae_latency_p50_ms: 102.212
baseline_ae_latency_p95_ms: 105.721
baseline_ae_step_latency_mean_ms: 20.472
baseline_ae_step_latency_p50_ms: 20.442
baseline_ae_step_latency_p95_ms: 21.144
baseline_ae_steps_mean: 5.000
baseline_effective_batch_mean: 1.910
vlm_request_transfer_mean_ms: null
vlm_request_transfer_p50_ms: null
vlm_request_transfer_p95_ms: null
prefix_transfer_mean_ms: null
prefix_transfer_p50_ms: null
prefix_transfer_p95_ms: null
ae_result_transfer_mean_ms: null
ae_result_transfer_p50_ms: null
ae_result_transfer_p95_ms: null
va_split_transfer_mean_ms: null
va_split_transfer_p50_ms: null
va_split_transfer_p95_ms: null
prefix_lane_ingest_mean_ms: null
prefix_lane_ingest_p50_ms: null
prefix_lane_ingest_p95_ms: null
prefix_lane_compact_mean_ms: null
prefix_lane_compact_p50_ms: null
prefix_lane_compact_p95_ms: null
prefix_lane_overhead_mean_ms: null
prefix_lane_overhead_p50_ms: null
prefix_lane_overhead_p95_ms: null
ae_step_mean_ms: null
ae_step_p50_ms: null
ae_effective_batch_mean: null
vlm_effective_batch_mean: null
policy_effective_batch_mean: 1.910
batch_wait_mean_ms: 74.636
batch_wait_p50_ms: 76.918
batch_wait_p95_ms: 161.294
effective_batch_mean: 1.910
effective_batch_p50: 2.000
effective_batch_p95: 3.000
effective_batch_p99: 5.000
effective_batch_max: 5.000
inflight_peak: 5
gpu_sm_util_mean: 42.238
gpu_mem_bw_util_mean: 9.329
