[2026-07-26 01:08:53.014 Control 1936362] Starting control daemon using socket /data1/gaobowen/tianze/logs/V-A/sm0-0-torch-new/r8_ours/mps-pipe/control
[2026-07-26 01:08:53.014 Control 1936362] To connect CUDA applications to this daemon, set env CUDA_MPS_PIPE_DIRECTORY=/data1/gaobowen/tianze/logs/V-A/sm0-0-torch-new/r8_ours/mps-pipe
[2026-07-26 01:08:53.014 Control 1936362] CUDA MPS Control binary version: 13000
[2026-07-26 01:08:56.745 Control 1936362] Accepting connection...
[2026-07-26 01:08:56.745 Control 1936362] User did not send valid credentials
[2026-07-26 01:08:56.745 Control 1936362] Accepting connection...
[2026-07-26 01:08:56.745 Control 1936362] NEW CLIENT 1936367 from user 1003: Server is not ready, push client to pending list
[2026-07-26 01:08:56.745 Control 1936483] Starting new server 1936483 for user 1003
[2026-07-26 01:08:56.764 Control 1936362] Accepting connection...
[2026-07-26 01:08:57.002 Control 1936362] NEW SERVER 1936483: Ready
[2026-07-26 01:09:03.730 Control 1936362] Accepting connection...
[2026-07-26 01:09:03.730 Control 1936362] User did not send valid credentials
[2026-07-26 01:09:03.730 Control 1936362] Accepting connection...
[2026-07-26 01:09:03.730 Control 1936362] NEW CLIENT 1936563 from user 1003: Server already exists
[2026-07-26 01:09:03.734 Control 1936362] Accepting connection...
[2026-07-26 01:09:03.734 Control 1936362] User did not send valid credentials
[2026-07-26 01:09:03.734 Control 1936362] Accepting connection...
[2026-07-26 01:09:03.734 Control 1936362] NEW CLIENT 1936564 from user 1003: Server already exists
[2026-07-26 01:10:01.511 Control 1936362] Accepting connection...
[2026-07-26 01:10:01.511 Control 1936362] NEW CLIENT 1936564 from user 1003: Server already exists
[2026-07-26 01:10:01.610 Control 1936362] Accepting connection...
[2026-07-26 01:10:01.610 Control 1936362] User did not send valid credentials
[2026-07-26 01:10:01.610 Control 1936362] Accepting connection...
[2026-07-26 01:10:01.610 Control 1936362] NEW CLIENT 1942567 from user 1003: Server already exists
[2026-07-26 01:10:02.615 Control 1936362] Accepting connection...
[2026-07-26 01:10:02.615 Control 1936362] NEW CLIENT 1936563 from user 1003: Server already exists
[2026-07-26 01:10:03.294 Control 1936362] Accepting connection...
[2026-07-26 01:10:03.294 Control 1936362] User did not send valid credentials
[2026-07-26 01:10:03.294 Control 1936362] Accepting connection...
[2026-07-26 01:10:03.294 Control 1936362] NEW CLIENT 1944598 from user 1003: Server already exists
[2026-07-26 01:13:56.675 Control 1936362] Accepting connection...
[2026-07-26 01:13:56.675 Control 1936362] NEW UI
[2026-07-26 01:13:56.675 Control 1936362] Cmd:quit
[2026-07-26 01:13:56.675 Control 1936362] Try shutting down server 1936483, backoff is disabled
[2026-07-26 01:13:56.705 Control 1936362] Server 1936483 exited with status 0
[2026-07-26 01:13:56.705 Control 1936362] Exit with status 0
