/data1/gaobowen/RLinf/.venv-libero-openpi/lib/python3.11/site-packages/transformers/utils/hub.py:111: FutureWarning: Using `TRANSFORMERS_CACHE` is deprecated and will be removed in v5 of Transformers. Use `HF_HOME` instead.
  warnings.warn(
WARNING: All log messages before absl::InitializeLog() is called are written to STDERR
I0000 00:00:1784999337.790332 1936367 port.cc:153] oneDNN custom operations are on. You may see slightly different numerical results due to floating-point round-off errors from different computation orders. To turn them off, set the environment variable `TF_ENABLE_ONEDNN_OPTS=0`.
WARNING: All log messages before absl::InitializeLog() is called are written to STDERR
I0000 00:00:1784999338.984511 1936367 port.cc:153] oneDNN custom operations are on. You may see slightly different numerical results due to floating-point round-off errors from different computation orders. To turn them off, set the environment variable `TF_ENABLE_ONEDNN_OPTS=0`.
/data1/gaobowen/RLinf/.venv-libero-openpi/lib/python3.11/site-packages/transformers/utils/hub.py:111: FutureWarning: Using `TRANSFORMERS_CACHE` is deprecated and will be removed in v5 of Transformers. Use `HF_HOME` instead.
  warnings.warn(
/data1/gaobowen/RLinf/.venv-libero-openpi/lib/python3.11/site-packages/transformers/utils/hub.py:111: FutureWarning: Using `TRANSFORMERS_CACHE` is deprecated and will be removed in v5 of Transformers. Use `HF_HOME` instead.
  warnings.warn(
WARNING: All log messages before absl::InitializeLog() is called are written to STDERR
I0000 00:00:1784999344.742325 1936564 port.cc:153] oneDNN custom operations are on. You may see slightly different numerical results due to floating-point round-off errors from different computation orders. To turn them off, set the environment variable `TF_ENABLE_ONEDNN_OPTS=0`.
WARNING: All log messages before absl::InitializeLog() is called are written to STDERR
I0000 00:00:1784999344.749062 1936563 port.cc:153] oneDNN custom operations are on. You may see slightly different numerical results due to floating-point round-off errors from different computation orders. To turn them off, set the environment variable `TF_ENABLE_ONEDNN_OPTS=0`.
WARNING: All log messages before absl::InitializeLog() is called are written to STDERR
I0000 00:00:1784999345.771055 1936564 port.cc:153] oneDNN custom operations are on. You may see slightly different numerical results due to floating-point round-off errors from different computation orders. To turn them off, set the environment variable `TF_ENABLE_ONEDNN_OPTS=0`.
WARNING: All log messages before absl::InitializeLog() is called are written to STDERR
I0000 00:00:1784999345.797375 1936563 port.cc:153] oneDNN custom operations are on. You may see slightly different numerical results due to floating-point round-off errors from different computation orders. To turn them off, set the environment variable `TF_ENABLE_ONEDNN_OPTS=0`.
target_request_rate_hz: 8.000
target_requests_per_second: 8.000
realized_offered_requests_per_second: 7.106
throughput_requests_per_second: 7.080
slo_ms: 200.000
slo_good_requests: 196
slo_goodput_requests_per_second: 6.964
num_requests: 200
completed_requests: 200
failed_requests: 0
timeout_requests: 0
submit_lateness_mean_ms: 0.732
submit_lateness_p50_ms: 0.683
submit_lateness_p95_ms: 1.571
action_latency_mean_ms: 113.038
action_latency_p50_ms: 102.421
action_latency_p95_ms: 158.798
action_latency_p99_ms: 204.801
end_to_end_latency_mean_ms: 113.770
end_to_end_latency_p50_ms: 102.998
end_to_end_latency_p95_ms: 159.558
vlm_prefix_forward_mean_ms: 56.932
vlm_prefix_forward_p50_ms: 53.737
baseline_vlm_latency_mean_ms: null
baseline_vlm_latency_p50_ms: null
baseline_vlm_latency_p95_ms: null
baseline_ae_latency_mean_ms: null
baseline_ae_latency_p50_ms: null
baseline_ae_latency_p95_ms: null
baseline_ae_step_latency_mean_ms: null
baseline_ae_step_latency_p50_ms: null
baseline_ae_step_latency_p95_ms: null
baseline_ae_steps_mean: null
baseline_effective_batch_mean: null
infer_queue_wait_mean_ms: 0.069
infer_queue_wait_p50_ms: 0.061
infer_queue_wait_p95_ms: 0.100
vlm_request_queue_wait_mean_ms: 9.581
vlm_request_queue_wait_p50_ms: 0.000
vlm_request_queue_wait_p95_ms: 49.851
vlm_request_transfer_mean_ms: 5.326
vlm_request_transfer_p50_ms: 3.884
vlm_request_transfer_p95_ms: 11.176
vlm_queue_wait_mean_ms: 2.449
vlm_queue_wait_p50_ms: 2.386
vlm_queue_wait_p95_ms: 3.831
prefix_queue_wait_mean_ms: 0.621
prefix_queue_wait_p50_ms: 0.000
prefix_queue_wait_p95_ms: 4.636
prefix_transfer_mean_ms: 109.640
prefix_transfer_p50_ms: 56.637
prefix_transfer_p95_ms: 362.338
prefix_admit_wait_mean_ms: 0.065
prefix_admit_wait_p50_ms: 0.062
prefix_admit_wait_p95_ms: 0.088
ae_result_queue_wait_mean_ms: 0.041
ae_result_queue_wait_p50_ms: 0.000
ae_result_queue_wait_p95_ms: 0.460
ae_result_transfer_mean_ms: 141.836
ae_result_transfer_p50_ms: 94.124
ae_result_transfer_p95_ms: 405.331
va_split_transfer_mean_ms: 256.803
va_split_transfer_p50_ms: 160.630
va_split_transfer_p95_ms: 769.855
va_split_queue_wait_mean_ms: 12.756
va_split_queue_wait_p50_ms: 2.965
va_split_queue_wait_p95_ms: 52.184
prefix_lane_ingest_mean_ms: 0.696
prefix_lane_ingest_p50_ms: 0.646
prefix_lane_ingest_p95_ms: 0.985
prefix_lane_compact_mean_ms: 0.020
prefix_lane_compact_p50_ms: 0.000
prefix_lane_compact_p95_ms: 0.000
prefix_lane_overhead_mean_ms: 0.716
prefix_lane_overhead_p50_ms: 0.646
prefix_lane_overhead_p95_ms: 1.018
ae_step_mean_ms: 6.386
ae_step_p50_ms: 6.035
ae_effective_batch_mean: 1.146
vlm_effective_batch_mean: 1.130
policy_effective_batch_mean: null
batch_wait_mean_ms: null
batch_wait_p50_ms: null
batch_wait_p95_ms: null
effective_batch_mean: 1.146
effective_batch_p50: 1.000
effective_batch_p95: 2.000
effective_batch_p99: 3.200
effective_batch_max: 3.200
inflight_peak: 4
gpu_sm_util_mean: 32.514
gpu_mem_bw_util_mean: 7.972
