[2026-07-26 01:08:56.764 Other 1936483] Startup
[2026-07-26 01:08:56.764 Other 1936483] Connecting to control daemon on socket: /data1/gaobowen/tianze/logs/V-A/sm0-0-torch-new/r8_ours/mps-pipe/control
[2026-07-26 01:08:56.764 Other 1936483] Initializing server process
[2026-07-26 01:08:56.924 Server 1936483] Creating server context on device 0 (NVIDIA A800-SXM4-80GB)
[2026-07-26 01:08:57.002 Server 1936483] Created anonymous shared memory region mps.shm.1003.1936483
[2026-07-26 01:08:57.002 Server 1936483] CUDA MPS Server for Linux/Unix. Binary version: 13000
[2026-07-26 01:08:57.002 Server 1936483] Display Driver version: 580
[2026-07-26 01:08:57.002 Server 1936483] Active Threads Percentage set to 100.0
[2026-07-26 01:08:57.002 Server 1936483] Server Priority set to 0
[2026-07-26 01:08:57.002 Server 1936483] Server has started
[2026-07-26 01:08:57.002 Server 1936483] Received new client request for {PID: 0, Context ID: 0}
[2026-07-26 01:08:57.002 Server 1936483] Client {PID: 1936367, Context ID: 0} connected
[2026-07-26 01:08:57.002 Server 1936483] Creating worker thread for client {PID: 1936367, Context ID: 0}
[2026-07-26 01:09:03.730 Server 1936483] Received new client request for {PID: 1936367, Context ID: 0}
[2026-07-26 01:09:03.730 Server 1936483] Client {PID: 1936563, Context ID: 0} connected
[2026-07-26 01:09:03.730 Server 1936483] Creating worker thread for client {PID: 1936563, Context ID: 0}
[2026-07-26 01:09:03.734 Server 1936483] Received new client request for {PID: 1936563, Context ID: 0}
[2026-07-26 01:09:03.734 Server 1936483] Client {PID: 1936564, Context ID: 0} connected
[2026-07-26 01:09:03.734 Server 1936483] Creating worker thread for client {PID: 1936564, Context ID: 0}
[2026-07-26 01:10:01.511 Server 1936483] Received new client request for {PID: 1936564, Context ID: 0}
[2026-07-26 01:10:01.511 Server 1936483] Client {PID: 1936564, Context ID: 1} connected
[2026-07-26 01:10:01.511 Server 1936483] Creating worker thread for client {PID: 1936564, Context ID: 1}
[2026-07-26 01:10:01.511 Server 1936483] Device NVIDIA A800-SXM4-80GB (uuid GPU-4179945d-3a58-f278-d14a-d866b6c7fb7e) is associated
[2026-07-26 01:10:01.511 Server 1936483] Status of client {PID: 1936564, Context ID: 1} is ACTIVE
[2026-07-26 01:10:01.610 Server 1936483] Received new client request for {PID: 1936564, Context ID: 1}
[2026-07-26 01:10:01.610 Server 1936483] Client {PID: 1942567, Context ID: 0} connected
[2026-07-26 01:10:01.610 Server 1936483] Creating worker thread for client {PID: 1942567, Context ID: 0}
[2026-07-26 01:10:02.615 Server 1936483] Received new client request for {PID: 1942567, Context ID: 0}
[2026-07-26 01:10:02.615 Server 1936483] Client {PID: 1936563, Context ID: 1} connected
[2026-07-26 01:10:02.615 Server 1936483] Creating worker thread for client {PID: 1936563, Context ID: 1}
[2026-07-26 01:10:02.615 Server 1936483] Device NVIDIA A800-SXM4-80GB (uuid GPU-4179945d-3a58-f278-d14a-d866b6c7fb7e) is associated
[2026-07-26 01:10:02.615 Server 1936483] Status of client {PID: 1936563, Context ID: 1} is ACTIVE
[2026-07-26 01:10:03.294 Server 1936483] Received new client request for {PID: 1936563, Context ID: 1}
[2026-07-26 01:10:03.294 Server 1936483] Client {PID: 1944598, Context ID: 0} connected
[2026-07-26 01:10:03.294 Server 1936483] Creating worker thread for client {PID: 1944598, Context ID: 0}
[2026-07-26 01:13:54.800 Server 1936483] Server failed to recevie command with status 806, assuming client {PID: 1936564, Context ID: 1} exit
[2026-07-26 01:13:54.800 Server 1936483] Client {PID: 1936564, Context ID: 1} exiting. Number of active client contexts is 1.
[2026-07-26 01:13:54.838 Server 1936483] Server failed to recevie command with status 806, assuming client {PID: 1936564, Context ID: 0} exit
[2026-07-26 01:13:54.838 Server 1936483] Client process 1936564 disconnected
[2026-07-26 01:13:55.167 Server 1936483] Server failed to recevie command with status 806, assuming client {PID: 1936563, Context ID: 1} exit
[2026-07-26 01:13:55.167 Server 1936483] Client {PID: 1936563, Context ID: 1} exiting. Number of active client contexts is 0.
[2026-07-26 01:13:55.194 Server 1936483] Server failed to recevie command with status 806, assuming client {PID: 1936563, Context ID: 0} exit
[2026-07-26 01:13:55.194 Server 1936483] Client process 1936563 disconnected
[2026-07-26 01:13:55.256 Server 1936483] Server failed to recevie command with status 806, assuming client {PID: 1942567, Context ID: 0} exit
[2026-07-26 01:13:55.256 Server 1936483] Client process 1942567 disconnected
[2026-07-26 01:13:55.769 Server 1936483] Server failed to recevie command with status 806, assuming client {PID: 1944598, Context ID: 0} exit
[2026-07-26 01:13:55.769 Server 1936483] Client process 1944598 disconnected
[2026-07-26 01:13:56.650 Server 1936483] Server failed to recevie command with status 806, assuming client {PID: 1936367, Context ID: 0} exit
[2026-07-26 01:13:56.650 Server 1936483] Client process 1936367 disconnected
[2026-07-26 01:13:56.675 Server 1936483] Server has been notified to shutdown
[2026-07-26 01:13:56.675 Server 1936483] Waiting for current clients to finish
[2026-07-26 01:13:56.675 Server 1936483] Exiting
