[2026-07-24 13:27:52.196 Control 221641] Starting control daemon using socket /data1/tianze/V-A schedule/logs/test/compare200_r8_ours_20260724_132602/mps-pipe/control
[2026-07-24 13:27:52.196 Control 221641] To connect CUDA applications to this daemon, set env CUDA_MPS_PIPE_DIRECTORY=/data1/tianze/V-A schedule/logs/test/compare200_r8_ours_20260724_132602/mps-pipe
[2026-07-24 13:27:52.196 Control 221641] CUDA MPS Control binary version: 13000
[2026-07-24 13:27:55.956 Control 221641] Accepting connection...
[2026-07-24 13:27:55.957 Control 221641] User did not send valid credentials
[2026-07-24 13:27:55.957 Control 221641] Accepting connection...
[2026-07-24 13:27:55.957 Control 221641] NEW CLIENT 221645 from user 1008: Server is not ready, push client to pending list
[2026-07-24 13:27:55.957 Control 221719] Starting new server 221719 for user 1008
[2026-07-24 13:27:55.978 Control 221641] Accepting connection...
[2026-07-24 13:27:56.314 Control 221641] NEW SERVER 221719: Ready
[2026-07-24 13:28:03.145 Control 221641] Accepting connection...
[2026-07-24 13:28:03.145 Control 221641] User did not send valid credentials
[2026-07-24 13:28:03.145 Control 221641] Accepting connection...
[2026-07-24 13:28:03.145 Control 221641] NEW CLIENT 222007 from user 1008: Server already exists
[2026-07-24 13:28:03.156 Control 221641] Accepting connection...
[2026-07-24 13:28:03.156 Control 221641] User did not send valid credentials
[2026-07-24 13:28:03.156 Control 221641] Accepting connection...
[2026-07-24 13:28:03.156 Control 221641] NEW CLIENT 222008 from user 1008: Server already exists
[2026-07-24 13:28:56.959 Control 221641] Accepting connection...
[2026-07-24 13:28:56.959 Control 221641] NEW CLIENT 222008 from user 1008: Server already exists
[2026-07-24 13:28:57.862 Control 221641] Accepting connection...
[2026-07-24 13:28:57.862 Control 221641] NEW CLIENT 222007 from user 1008: Server already exists
[2026-07-24 13:29:32.081 Control 221641] Accepting connection...
[2026-07-24 13:29:32.081 Control 221641] NEW UI
[2026-07-24 13:29:32.081 Control 221641] Cmd:quit
[2026-07-24 13:29:32.081 Control 221641] Try shutting down server 221719, backoff is disabled
[2026-07-24 13:29:32.156 Control 221641] Server 221719 exited with status 0
[2026-07-24 13:29:32.156 Control 221641] Exit with status 0
