WARNING: All log messages before absl::InitializeLog() is called are written to STDERR
I0000 00:00:1784870877.154845  221645 port.cc:153] oneDNN custom operations are on. You may see slightly different numerical results due to floating-point round-off errors from different computation orders. To turn them off, set the environment variable `TF_ENABLE_ONEDNN_OPTS=0`.
WARNING: All log messages before absl::InitializeLog() is called are written to STDERR
I0000 00:00:1784870878.367754  221645 port.cc:153] oneDNN custom operations are on. You may see slightly different numerical results due to floating-point round-off errors from different computation orders. To turn them off, set the environment variable `TF_ENABLE_ONEDNN_OPTS=0`.
WARNING: All log messages before absl::InitializeLog() is called are written to STDERR
I0000 00:00:1784870884.232461  222007 port.cc:153] oneDNN custom operations are on. You may see slightly different numerical results due to floating-point round-off errors from different computation orders. To turn them off, set the environment variable `TF_ENABLE_ONEDNN_OPTS=0`.
WARNING: All log messages before absl::InitializeLog() is called are written to STDERR
I0000 00:00:1784870884.276635  222008 port.cc:153] oneDNN custom operations are on. You may see slightly different numerical results due to floating-point round-off errors from different computation orders. To turn them off, set the environment variable `TF_ENABLE_ONEDNN_OPTS=0`.
WARNING: All log messages before absl::InitializeLog() is called are written to STDERR
I0000 00:00:1784870885.275043  222007 port.cc:153] oneDNN custom operations are on. You may see slightly different numerical results due to floating-point round-off errors from different computation orders. To turn them off, set the environment variable `TF_ENABLE_ONEDNN_OPTS=0`.
WARNING: All log messages before absl::InitializeLog() is called are written to STDERR
I0000 00:00:1784870885.320708  222008 port.cc:153] oneDNN custom operations are on. You may see slightly different numerical results due to floating-point round-off errors from different computation orders. To turn them off, set the environment variable `TF_ENABLE_ONEDNN_OPTS=0`.
target_request_rate_hz: 8.000
target_requests_per_second: 8.000
realized_offered_requests_per_second: 7.106
throughput_requests_per_second: 7.060
slo_ms: 200.000
slo_good_requests: 84
slo_goodput_requests_per_second: 2.985
num_requests: 200
completed_requests: 200
failed_requests: 0
timeout_requests: 0
submit_lateness_mean_ms: 0.759
submit_lateness_p50_ms: 0.709
submit_lateness_p95_ms: 1.721
action_latency_mean_ms: 220.852
action_latency_p50_ms: 208.625
action_latency_p95_ms: 299.641
action_latency_p99_ms: 338.729
end_to_end_latency_mean_ms: 221.611
end_to_end_latency_p50_ms: 209.206
end_to_end_latency_p95_ms: 300.280
vlm_prefix_forward_mean_ms: 77.261
vlm_prefix_forward_p50_ms: 71.500
baseline_vlm_latency_mean_ms: null
baseline_vlm_latency_p50_ms: null
baseline_vlm_latency_p95_ms: null
baseline_ae_latency_mean_ms: null
baseline_ae_latency_p50_ms: null
baseline_ae_latency_p95_ms: null
baseline_ae_step_latency_mean_ms: null
baseline_ae_step_latency_p50_ms: null
baseline_ae_step_latency_p95_ms: null
baseline_ae_steps_mean: null
baseline_effective_batch_mean: null
vlm_request_transfer_mean_ms: 18.226
vlm_request_transfer_p50_ms: 2.771
vlm_request_transfer_p95_ms: 72.046
prefix_transfer_mean_ms: 9.951
prefix_transfer_p50_ms: 5.588
prefix_transfer_p95_ms: 23.888
ae_result_transfer_mean_ms: 0.699
ae_result_transfer_p50_ms: 0.584
ae_result_transfer_p95_ms: 1.414
va_split_transfer_mean_ms: 28.876
va_split_transfer_p50_ms: 18.600
va_split_transfer_p95_ms: 86.864
prefix_lane_ingest_mean_ms: 0.675
prefix_lane_ingest_p50_ms: 0.663
prefix_lane_ingest_p95_ms: 0.788
prefix_lane_compact_mean_ms: 0.268
prefix_lane_compact_p50_ms: 0.000
prefix_lane_compact_p95_ms: 0.868
prefix_lane_overhead_mean_ms: 0.943
prefix_lane_overhead_p50_ms: 0.685
prefix_lane_overhead_p95_ms: 1.531
ae_step_mean_ms: 20.870
ae_step_p50_ms: 20.420
ae_effective_batch_mean: 1.538
vlm_effective_batch_mean: 1.230
policy_effective_batch_mean: null
batch_wait_mean_ms: null
batch_wait_p50_ms: null
batch_wait_p95_ms: null
effective_batch_mean: 1.538
effective_batch_p50: 1.400
effective_batch_p95: 2.600
effective_batch_p99: 3.600
effective_batch_max: 3.600
inflight_peak: 7
gpu_sm_util_mean: 41.853
gpu_mem_bw_util_mean: 9.790
