[2026-07-24 13:27:55.978 Other 221719] Startup
[2026-07-24 13:27:55.978 Other 221719] Connecting to control daemon on socket: /data1/tianze/V-A schedule/logs/test/compare200_r8_ours_20260724_132602/mps-pipe/control
[2026-07-24 13:27:55.978 Other 221719] Initializing server process
[2026-07-24 13:27:56.239 Server 221719] Creating server context on device 0 (NVIDIA A800-SXM4-80GB)
[2026-07-24 13:27:56.314 Server 221719] Created anonymous shared memory region mps.shm.1008.221719
[2026-07-24 13:27:56.314 Server 221719] CUDA MPS Server for Linux/Unix. Binary version: 13000
[2026-07-24 13:27:56.314 Server 221719] Display Driver version: 580
[2026-07-24 13:27:56.314 Server 221719] Active Threads Percentage set to 100.0
[2026-07-24 13:27:56.314 Server 221719] Server Priority set to 0
[2026-07-24 13:27:56.314 Server 221719] Server has started
[2026-07-24 13:27:56.314 Server 221719] Received new client request for {PID: 0, Context ID: 0}
[2026-07-24 13:27:56.314 Server 221719] Client {PID: 221645, Context ID: 0} connected
[2026-07-24 13:27:56.314 Server 221719] Creating worker thread for client {PID: 221645, Context ID: 0}
[2026-07-24 13:28:03.145 Server 221719] Received new client request for {PID: 221645, Context ID: 0}
[2026-07-24 13:28:03.145 Server 221719] Client {PID: 222007, Context ID: 0} connected
[2026-07-24 13:28:03.145 Server 221719] Creating worker thread for client {PID: 222007, Context ID: 0}
[2026-07-24 13:28:03.156 Server 221719] Received new client request for {PID: 222007, Context ID: 0}
[2026-07-24 13:28:03.156 Server 221719] Client {PID: 222008, Context ID: 0} connected
[2026-07-24 13:28:03.156 Server 221719] Creating worker thread for client {PID: 222008, Context ID: 0}
[2026-07-24 13:28:56.959 Server 221719] Received new client request for {PID: 222008, Context ID: 0}
[2026-07-24 13:28:56.959 Server 221719] Client {PID: 222008, Context ID: 1} connected
[2026-07-24 13:28:56.959 Server 221719] Creating worker thread for client {PID: 222008, Context ID: 1}
[2026-07-24 13:28:56.959 Server 221719] Device NVIDIA A800-SXM4-80GB (uuid GPU-1e91fa45-683b-e950-c0ed-522784cbc201) is associated
[2026-07-24 13:28:56.959 Server 221719] Status of client {PID: 222008, Context ID: 1} is ACTIVE
[2026-07-24 13:28:57.863 Server 221719] Received new client request for {PID: 222008, Context ID: 1}
[2026-07-24 13:28:57.863 Server 221719] Client {PID: 222007, Context ID: 1} connected
[2026-07-24 13:28:57.863 Server 221719] Creating worker thread for client {PID: 222007, Context ID: 1}
[2026-07-24 13:28:57.863 Server 221719] Device NVIDIA A800-SXM4-80GB (uuid GPU-1e91fa45-683b-e950-c0ed-522784cbc201) is associated
[2026-07-24 13:28:57.863 Server 221719] Status of client {PID: 222007, Context ID: 1} is ACTIVE
[2026-07-24 13:29:30.491 Server 221719] Server failed to recevie command with status 806, assuming client {PID: 222008, Context ID: 1} exit
[2026-07-24 13:29:30.491 Server 221719] Client {PID: 222008, Context ID: 1} exiting. Number of active client contexts is 1.
[2026-07-24 13:29:30.522 Server 221719] Server failed to recevie command with status 806, assuming client {PID: 222008, Context ID: 0} exit
[2026-07-24 13:29:30.522 Server 221719] Client process 222008 disconnected
[2026-07-24 13:29:30.589 Server 221719] Server failed to recevie command with status 806, assuming client {PID: 222007, Context ID: 1} exit
[2026-07-24 13:29:30.589 Server 221719] Client {PID: 222007, Context ID: 1} exiting. Number of active client contexts is 0.
[2026-07-24 13:29:30.625 Server 221719] Server failed to recevie command with status 806, assuming client {PID: 222007, Context ID: 0} exit
[2026-07-24 13:29:30.625 Server 221719] Client process 222007 disconnected
[2026-07-24 13:29:32.056 Server 221719] Server failed to recevie command with status 806, assuming client {PID: 221645, Context ID: 0} exit
[2026-07-24 13:29:32.056 Server 221719] Client process 221645 disconnected
[2026-07-24 13:29:32.081 Server 221719] Server has been notified to shutdown
[2026-07-24 13:29:32.081 Server 221719] Waiting for current clients to finish
[2026-07-24 13:29:32.081 Server 221719] Exiting
