WARNING: All log messages before absl::InitializeLog() is called are written to STDERR
I0000 00:00:1784882651.036170  636547 port.cc:153] oneDNN custom operations are on. You may see slightly different numerical results due to floating-point round-off errors from different computation orders. To turn them off, set the environment variable `TF_ENABLE_ONEDNN_OPTS=0`.
WARNING: All log messages before absl::InitializeLog() is called are written to STDERR
I0000 00:00:1784882652.224838  636547 port.cc:153] oneDNN custom operations are on. You may see slightly different numerical results due to floating-point round-off errors from different computation orders. To turn them off, set the environment variable `TF_ENABLE_ONEDNN_OPTS=0`.
target_request_rate_hz: 8.000
target_requests_per_second: 8.000
realized_offered_requests_per_second: 7.106
throughput_requests_per_second: 7.052
slo_ms: 200.000
slo_good_requests: 46
slo_goodput_requests_per_second: 1.634
num_requests: 200
completed_requests: 200
failed_requests: 0
timeout_requests: 0
submit_lateness_mean_ms: 115.058
submit_lateness_p50_ms: 74.200
submit_lateness_p95_ms: 222.451
action_latency_mean_ms: 214.251
action_latency_p50_ms: 187.698
action_latency_p95_ms: 350.915
action_latency_p99_ms: 498.057
end_to_end_latency_mean_ms: 329.309
end_to_end_latency_p50_ms: 266.879
end_to_end_latency_p95_ms: 648.355
vlm_prefix_forward_mean_ms: null
vlm_prefix_forward_p50_ms: null
baseline_vlm_latency_mean_ms: 109.718
baseline_vlm_latency_p50_ms: 82.415
baseline_vlm_latency_p95_ms: 240.383
baseline_ae_latency_mean_ms: 99.985
baseline_ae_latency_p50_ms: 100.638
baseline_ae_latency_p95_ms: 105.224
baseline_ae_step_latency_mean_ms: 19.997
baseline_ae_step_latency_p50_ms: 20.128
baseline_ae_step_latency_p95_ms: 21.045
baseline_ae_steps_mean: 5.000
baseline_effective_batch_mean: 2.200
infer_queue_wait_mean_ms: 0.312
infer_queue_wait_p50_ms: 0.285
infer_queue_wait_p95_ms: 0.576
vlm_request_queue_wait_mean_ms: null
vlm_request_queue_wait_p50_ms: null
vlm_request_queue_wait_p95_ms: null
vlm_request_transfer_mean_ms: null
vlm_request_transfer_p50_ms: null
vlm_request_transfer_p95_ms: null
vlm_queue_wait_mean_ms: null
vlm_queue_wait_p50_ms: null
vlm_queue_wait_p95_ms: null
prefix_queue_wait_mean_ms: null
prefix_queue_wait_p50_ms: null
prefix_queue_wait_p95_ms: null
prefix_transfer_mean_ms: null
prefix_transfer_p50_ms: null
prefix_transfer_p95_ms: null
prefix_admit_wait_mean_ms: null
prefix_admit_wait_p50_ms: null
prefix_admit_wait_p95_ms: null
ae_result_queue_wait_mean_ms: null
ae_result_queue_wait_p50_ms: null
ae_result_queue_wait_p95_ms: null
ae_result_transfer_mean_ms: null
ae_result_transfer_p50_ms: null
ae_result_transfer_p95_ms: null
va_split_transfer_mean_ms: null
va_split_transfer_p50_ms: null
va_split_transfer_p95_ms: null
va_split_queue_wait_mean_ms: null
va_split_queue_wait_p50_ms: null
va_split_queue_wait_p95_ms: null
prefix_lane_ingest_mean_ms: null
prefix_lane_ingest_p50_ms: null
prefix_lane_ingest_p95_ms: null
prefix_lane_compact_mean_ms: null
prefix_lane_compact_p50_ms: null
prefix_lane_compact_p95_ms: null
prefix_lane_overhead_mean_ms: null
prefix_lane_overhead_p50_ms: null
prefix_lane_overhead_p95_ms: null
ae_step_mean_ms: null
ae_step_p50_ms: null
ae_effective_batch_mean: null
vlm_effective_batch_mean: null
policy_effective_batch_mean: 2.200
batch_wait_mean_ms: 115.058
batch_wait_p50_ms: 74.200
batch_wait_p95_ms: 222.451
effective_batch_mean: 2.200
effective_batch_p50: 2.000
effective_batch_p95: 4.000
effective_batch_p99: 8.000
effective_batch_max: 8.000
inflight_peak: 8
gpu_sm_util_mean: 42.177
gpu_mem_bw_util_mean: 9.681
