[2026-07-24 19:40:13.379 Control 229009] Starting control daemon using socket /data1/gaobowen/tianze/logs/V-A/sm0-0-torch/r8_ours/mps-pipe/control
[2026-07-24 19:40:13.379 Control 229009] To connect CUDA applications to this daemon, set env CUDA_MPS_PIPE_DIRECTORY=/data1/gaobowen/tianze/logs/V-A/sm0-0-torch/r8_ours/mps-pipe
[2026-07-24 19:40:13.380 Control 229009] CUDA MPS Control binary version: 13000
[2026-07-24 19:40:17.094 Control 229009] Accepting connection...
[2026-07-24 19:40:17.094 Control 229009] User did not send valid credentials
[2026-07-24 19:40:17.094 Control 229009] Accepting connection...
[2026-07-24 19:40:17.094 Control 229009] NEW CLIENT 229014 from user 1003: Server is not ready, push client to pending list
[2026-07-24 19:40:17.094 Control 229105] Starting new server 229105 for user 1003
[2026-07-24 19:40:17.112 Control 229009] Accepting connection...
[2026-07-24 19:40:17.433 Control 229009] NEW SERVER 229105: Ready
[2026-07-24 19:40:24.137 Control 229009] Accepting connection...
[2026-07-24 19:40:24.137 Control 229009] User did not send valid credentials
[2026-07-24 19:40:24.137 Control 229009] Accepting connection...
[2026-07-24 19:40:24.137 Control 229009] NEW CLIENT 229184 from user 1003: Server already exists
[2026-07-24 19:40:24.164 Control 229009] Accepting connection...
[2026-07-24 19:40:24.164 Control 229009] User did not send valid credentials
[2026-07-24 19:40:24.164 Control 229009] Accepting connection...
[2026-07-24 19:40:24.164 Control 229009] NEW CLIENT 229183 from user 1003: Server already exists
[2026-07-24 19:41:17.961 Control 229009] Accepting connection...
[2026-07-24 19:41:17.961 Control 229009] NEW CLIENT 229184 from user 1003: Server already exists
[2026-07-24 19:41:18.483 Control 229009] Accepting connection...
[2026-07-24 19:41:18.483 Control 229009] User did not send valid credentials
[2026-07-24 19:41:18.483 Control 229009] Accepting connection...
[2026-07-24 19:41:18.483 Control 229009] NEW CLIENT 230660 from user 1003: Server already exists
[2026-07-24 19:41:18.686 Control 229009] Accepting connection...
[2026-07-24 19:41:18.686 Control 229009] NEW CLIENT 229183 from user 1003: Server already exists
[2026-07-24 19:41:19.236 Control 229009] Accepting connection...
[2026-07-24 19:41:19.236 Control 229009] User did not send valid credentials
[2026-07-24 19:41:19.236 Control 229009] Accepting connection...
[2026-07-24 19:41:19.236 Control 229009] NEW CLIENT 230729 from user 1003: Server already exists
[2026-07-24 19:45:11.120 Control 229009] Accepting connection...
[2026-07-24 19:45:11.120 Control 229009] NEW UI
[2026-07-24 19:45:11.120 Control 229009] Cmd:quit
[2026-07-24 19:45:11.120 Control 229009] Try shutting down server 229105, backoff is disabled
[2026-07-24 19:45:11.165 Control 229009] Server 229105 exited with status 0
[2026-07-24 19:45:11.166 Control 229009] Exit with status 0
