/data1/gaobowen/RLinf/.venv-libero-openpi/lib/python3.11/site-packages/transformers/utils/hub.py:111: FutureWarning: Using `TRANSFORMERS_CACHE` is deprecated and will be removed in v5 of Transformers. Use `HF_HOME` instead.
  warnings.warn(
WARNING: All log messages before absl::InitializeLog() is called are written to STDERR
I0000 00:00:1784893218.268088  229014 port.cc:153] oneDNN custom operations are on. You may see slightly different numerical results due to floating-point round-off errors from different computation orders. To turn them off, set the environment variable `TF_ENABLE_ONEDNN_OPTS=0`.
WARNING: All log messages before absl::InitializeLog() is called are written to STDERR
I0000 00:00:1784893219.454009  229014 port.cc:153] oneDNN custom operations are on. You may see slightly different numerical results due to floating-point round-off errors from different computation orders. To turn them off, set the environment variable `TF_ENABLE_ONEDNN_OPTS=0`.
/data1/gaobowen/RLinf/.venv-libero-openpi/lib/python3.11/site-packages/transformers/utils/hub.py:111: FutureWarning: Using `TRANSFORMERS_CACHE` is deprecated and will be removed in v5 of Transformers. Use `HF_HOME` instead.
  warnings.warn(
/data1/gaobowen/RLinf/.venv-libero-openpi/lib/python3.11/site-packages/transformers/utils/hub.py:111: FutureWarning: Using `TRANSFORMERS_CACHE` is deprecated and will be removed in v5 of Transformers. Use `HF_HOME` instead.
  warnings.warn(
WARNING: All log messages before absl::InitializeLog() is called are written to STDERR
WARNING: All log messages before absl::InitializeLog() is called are written to STDERR
I0000 00:00:1784893225.228695  229183 port.cc:153] oneDNN custom operations are on. You may see slightly different numerical results due to floating-point round-off errors from different computation orders. To turn them off, set the environment variable `TF_ENABLE_ONEDNN_OPTS=0`.
I0000 00:00:1784893225.228696  229184 port.cc:153] oneDNN custom operations are on. You may see slightly different numerical results due to floating-point round-off errors from different computation orders. To turn them off, set the environment variable `TF_ENABLE_ONEDNN_OPTS=0`.
WARNING: All log messages before absl::InitializeLog() is called are written to STDERR
I0000 00:00:1784893226.248816  229184 port.cc:153] oneDNN custom operations are on. You may see slightly different numerical results due to floating-point round-off errors from different computation orders. To turn them off, set the environment variable `TF_ENABLE_ONEDNN_OPTS=0`.
WARNING: All log messages before absl::InitializeLog() is called are written to STDERR
I0000 00:00:1784893226.254741  229183 port.cc:153] oneDNN custom operations are on. You may see slightly different numerical results due to floating-point round-off errors from different computation orders. To turn them off, set the environment variable `TF_ENABLE_ONEDNN_OPTS=0`.
target_request_rate_hz: 8.000
target_requests_per_second: 8.000
realized_offered_requests_per_second: 7.106
throughput_requests_per_second: 7.082
slo_ms: 200.000
slo_good_requests: 199
slo_goodput_requests_per_second: 7.071
num_requests: 200
completed_requests: 200
failed_requests: 0
timeout_requests: 0
submit_lateness_mean_ms: 0.743
submit_lateness_p50_ms: 0.695
submit_lateness_p95_ms: 1.675
action_latency_mean_ms: 108.778
action_latency_p50_ms: 96.817
action_latency_p95_ms: 158.086
action_latency_p99_ms: 180.860
end_to_end_latency_mean_ms: 109.520
end_to_end_latency_p50_ms: 97.732
end_to_end_latency_p95_ms: 158.296
vlm_prefix_forward_mean_ms: 56.536
vlm_prefix_forward_p50_ms: 53.355
baseline_vlm_latency_mean_ms: null
baseline_vlm_latency_p50_ms: null
baseline_vlm_latency_p95_ms: null
baseline_ae_latency_mean_ms: null
baseline_ae_latency_p50_ms: null
baseline_ae_latency_p95_ms: null
baseline_ae_step_latency_mean_ms: null
baseline_ae_step_latency_p50_ms: null
baseline_ae_step_latency_p95_ms: null
baseline_ae_steps_mean: null
baseline_effective_batch_mean: null
infer_queue_wait_mean_ms: 0.098
infer_queue_wait_p50_ms: 0.065
infer_queue_wait_p95_ms: 0.186
vlm_request_queue_wait_mean_ms: 9.005
vlm_request_queue_wait_p50_ms: 0.000
vlm_request_queue_wait_p95_ms: 47.820
vlm_request_transfer_mean_ms: 5.046
vlm_request_transfer_p50_ms: 4.261
vlm_request_transfer_p95_ms: 11.021
vlm_queue_wait_mean_ms: 2.071
vlm_queue_wait_p50_ms: 1.606
vlm_queue_wait_p95_ms: 3.377
prefix_queue_wait_mean_ms: 0.424
prefix_queue_wait_p50_ms: 0.000
prefix_queue_wait_p95_ms: 4.470
prefix_transfer_mean_ms: 111.370
prefix_transfer_p50_ms: 60.129
prefix_transfer_p95_ms: 368.377
prefix_admit_wait_mean_ms: 0.058
prefix_admit_wait_p50_ms: 0.057
prefix_admit_wait_p95_ms: 0.064
ae_result_queue_wait_mean_ms: 0.031
ae_result_queue_wait_p50_ms: 0.000
ae_result_queue_wait_p95_ms: 0.416
ae_result_transfer_mean_ms: 141.801
ae_result_transfer_p50_ms: 96.050
ae_result_transfer_p95_ms: 401.350
va_split_transfer_mean_ms: 258.217
va_split_transfer_p50_ms: 167.654
va_split_transfer_p95_ms: 776.262
va_split_queue_wait_mean_ms: 11.590
va_split_queue_wait_p50_ms: 2.696
va_split_queue_wait_p95_ms: 50.090
prefix_lane_ingest_mean_ms: 0.637
prefix_lane_ingest_p50_ms: 0.620
prefix_lane_ingest_p95_ms: 0.745
prefix_lane_compact_mean_ms: 0.010
prefix_lane_compact_p50_ms: 0.000
prefix_lane_compact_p95_ms: 0.000
prefix_lane_overhead_mean_ms: 0.647
prefix_lane_overhead_p50_ms: 0.620
prefix_lane_overhead_p95_ms: 0.748
ae_step_mean_ms: 6.024
ae_step_p50_ms: 5.878
ae_effective_batch_mean: 1.138
vlm_effective_batch_mean: 1.130
policy_effective_batch_mean: null
batch_wait_mean_ms: null
batch_wait_p50_ms: null
batch_wait_p95_ms: null
effective_batch_mean: 1.138
effective_batch_p50: 1.000
effective_batch_p95: 2.000
effective_batch_p99: 3.000
effective_batch_max: 3.000
inflight_peak: 4
gpu_sm_util_mean: 32.718
gpu_mem_bw_util_mean: 7.972
