[2026-07-24 19:40:17.112 Other 229105] Startup
[2026-07-24 19:40:17.112 Other 229105] Connecting to control daemon on socket: /data1/gaobowen/tianze/logs/V-A/sm0-0-torch/r8_ours/mps-pipe/control
[2026-07-24 19:40:17.112 Other 229105] Initializing server process
[2026-07-24 19:40:17.354 Server 229105] Creating server context on device 0 (NVIDIA A800-SXM4-80GB)
[2026-07-24 19:40:17.433 Server 229105] Created anonymous shared memory region mps.shm.1003.229105
[2026-07-24 19:40:17.433 Server 229105] CUDA MPS Server for Linux/Unix. Binary version: 13000
[2026-07-24 19:40:17.433 Server 229105] Display Driver version: 580
[2026-07-24 19:40:17.433 Server 229105] Active Threads Percentage set to 100.0
[2026-07-24 19:40:17.433 Server 229105] Server Priority set to 0
[2026-07-24 19:40:17.433 Server 229105] Server has started
[2026-07-24 19:40:17.433 Server 229105] Received new client request for {PID: 0, Context ID: 0}
[2026-07-24 19:40:17.433 Server 229105] Client {PID: 229014, Context ID: 0} connected
[2026-07-24 19:40:17.433 Server 229105] Creating worker thread for client {PID: 229014, Context ID: 0}
[2026-07-24 19:40:24.137 Server 229105] Received new client request for {PID: 229014, Context ID: 0}
[2026-07-24 19:40:24.137 Server 229105] Client {PID: 229184, Context ID: 0} connected
[2026-07-24 19:40:24.137 Server 229105] Creating worker thread for client {PID: 229184, Context ID: 0}
[2026-07-24 19:40:24.164 Server 229105] Received new client request for {PID: 229184, Context ID: 0}
[2026-07-24 19:40:24.164 Server 229105] Client {PID: 229183, Context ID: 0} connected
[2026-07-24 19:40:24.164 Server 229105] Creating worker thread for client {PID: 229183, Context ID: 0}
[2026-07-24 19:41:17.961 Server 229105] Received new client request for {PID: 229183, Context ID: 0}
[2026-07-24 19:41:17.962 Server 229105] Client {PID: 229184, Context ID: 1} connected
[2026-07-24 19:41:17.962 Server 229105] Creating worker thread for client {PID: 229184, Context ID: 1}
[2026-07-24 19:41:17.962 Server 229105] Device NVIDIA A800-SXM4-80GB (uuid GPU-bc6f6460-c6ce-5737-1d7c-e745c8771862) is associated
[2026-07-24 19:41:17.962 Server 229105] Status of client {PID: 229184, Context ID: 1} is ACTIVE
[2026-07-24 19:41:18.483 Server 229105] Received new client request for {PID: 229184, Context ID: 1}
[2026-07-24 19:41:18.483 Server 229105] Client {PID: 230660, Context ID: 0} connected
[2026-07-24 19:41:18.483 Server 229105] Creating worker thread for client {PID: 230660, Context ID: 0}
[2026-07-24 19:41:18.686 Server 229105] Received new client request for {PID: 230660, Context ID: 0}
[2026-07-24 19:41:18.687 Server 229105] Client {PID: 229183, Context ID: 1} connected
[2026-07-24 19:41:18.687 Server 229105] Creating worker thread for client {PID: 229183, Context ID: 1}
[2026-07-24 19:41:18.687 Server 229105] Device NVIDIA A800-SXM4-80GB (uuid GPU-bc6f6460-c6ce-5737-1d7c-e745c8771862) is associated
[2026-07-24 19:41:18.687 Server 229105] Status of client {PID: 229183, Context ID: 1} is ACTIVE
[2026-07-24 19:41:19.236 Server 229105] Received new client request for {PID: 229183, Context ID: 1}
[2026-07-24 19:41:19.236 Server 229105] Client {PID: 230729, Context ID: 0} connected
[2026-07-24 19:41:19.236 Server 229105] Creating worker thread for client {PID: 230729, Context ID: 0}
[2026-07-24 19:45:09.240 Server 229105] Server failed to recevie command with status 806, assuming client {PID: 229184, Context ID: 1} exit
[2026-07-24 19:45:09.240 Server 229105] Client {PID: 229184, Context ID: 1} exiting. Number of active client contexts is 1.
[2026-07-24 19:45:09.271 Server 229105] Server failed to recevie command with status 806, assuming client {PID: 229184, Context ID: 0} exit
[2026-07-24 19:45:09.271 Server 229105] Client process 229184 disconnected
[2026-07-24 19:45:09.271 Server 229105] Server failed to recevie command with status 806, assuming client {PID: 230660, Context ID: 0} exit
[2026-07-24 19:45:09.271 Server 229105] Client process 230660 disconnected
[2026-07-24 19:45:09.619 Server 229105] Server failed to recevie command with status 806, assuming client {PID: 229183, Context ID: 1} exit
[2026-07-24 19:45:09.619 Server 229105] Client {PID: 229183, Context ID: 1} exiting. Number of active client contexts is 0.
[2026-07-24 19:45:09.650 Server 229105] Server failed to recevie command with status 806, assuming client {PID: 229183, Context ID: 0} exit
[2026-07-24 19:45:09.650 Server 229105] Client process 229183 disconnected
[2026-07-24 19:45:10.213 Server 229105] Server failed to recevie command with status 806, assuming client {PID: 230729, Context ID: 0} exit
[2026-07-24 19:45:10.213 Server 229105] Client process 230729 disconnected
[2026-07-24 19:45:11.092 Server 229105] Server failed to recevie command with status 806, assuming client {PID: 229014, Context ID: 0} exit
[2026-07-24 19:45:11.092 Server 229105] Client process 229014 disconnected
[2026-07-24 19:45:11.120 Server 229105] Server has been notified to shutdown
[2026-07-24 19:45:11.120 Server 229105] Waiting for current clients to finish
[2026-07-24 19:45:11.120 Server 229105] Exiting
