[2026-07-24 18:42:14.566 Control 193537] Starting control daemon using socket /data1/gaobowen/tianze/logs/V-A/sm0-0-new/r32_ours/mps-pipe/control
[2026-07-24 18:42:14.566 Control 193537] To connect CUDA applications to this daemon, set env CUDA_MPS_PIPE_DIRECTORY=/data1/gaobowen/tianze/logs/V-A/sm0-0-new/r32_ours/mps-pipe
[2026-07-24 18:42:14.566 Control 193537] CUDA MPS Control binary version: 13000
[2026-07-24 18:42:18.308 Control 193537] Accepting connection...
[2026-07-24 18:42:18.308 Control 193537] User did not send valid credentials
[2026-07-24 18:42:18.308 Control 193537] Accepting connection...
[2026-07-24 18:42:18.308 Control 193537] NEW CLIENT 193542 from user 1003: Server is not ready, push client to pending list
[2026-07-24 18:42:18.308 Control 193642] Starting new server 193642 for user 1003
[2026-07-24 18:42:18.329 Control 193537] Accepting connection...
[2026-07-24 18:42:18.643 Control 193537] NEW SERVER 193642: Ready
[2026-07-24 18:42:25.367 Control 193537] Accepting connection...
[2026-07-24 18:42:25.367 Control 193537] User did not send valid credentials
[2026-07-24 18:42:25.368 Control 193537] Accepting connection...
[2026-07-24 18:42:25.368 Control 193537] NEW CLIENT 193757 from user 1003: Server already exists
[2026-07-24 18:42:25.387 Control 193537] Accepting connection...
[2026-07-24 18:42:25.387 Control 193537] User did not send valid credentials
[2026-07-24 18:42:25.388 Control 193537] Accepting connection...
[2026-07-24 18:42:25.388 Control 193537] NEW CLIENT 193756 from user 1003: Server already exists
[2026-07-24 18:43:18.307 Control 193537] Accepting connection...
[2026-07-24 18:43:18.308 Control 193537] NEW CLIENT 193757 from user 1003: Server already exists
[2026-07-24 18:43:18.687 Control 193537] Accepting connection...
[2026-07-24 18:43:18.687 Control 193537] NEW CLIENT 193756 from user 1003: Server already exists
[2026-07-24 18:43:32.479 Control 193537] Accepting connection...
[2026-07-24 18:43:32.479 Control 193537] NEW UI
[2026-07-24 18:43:32.479 Control 193537] Cmd:quit
[2026-07-24 18:43:32.479 Control 193537] Try shutting down server 193642, backoff is disabled
[2026-07-24 18:43:32.526 Control 193537] Server 193642 exited with status 0
[2026-07-24 18:43:32.526 Control 193537] Exit with status 0
