/data1/gaobowen/RLinf/.venv-libero-openpi/lib/python3.11/site-packages/transformers/utils/hub.py:111: FutureWarning: Using `TRANSFORMERS_CACHE` is deprecated and will be removed in v5 of Transformers. Use `HF_HOME` instead.
  warnings.warn(
WARNING: All log messages before absl::InitializeLog() is called are written to STDERR
I0000 00:00:1784889739.460013  193542 port.cc:153] oneDNN custom operations are on. You may see slightly different numerical results due to floating-point round-off errors from different computation orders. To turn them off, set the environment variable `TF_ENABLE_ONEDNN_OPTS=0`.
WARNING: All log messages before absl::InitializeLog() is called are written to STDERR
I0000 00:00:1784889740.672434  193542 port.cc:153] oneDNN custom operations are on. You may see slightly different numerical results due to floating-point round-off errors from different computation orders. To turn them off, set the environment variable `TF_ENABLE_ONEDNN_OPTS=0`.
/data1/gaobowen/RLinf/.venv-libero-openpi/lib/python3.11/site-packages/transformers/utils/hub.py:111: FutureWarning: Using `TRANSFORMERS_CACHE` is deprecated and will be removed in v5 of Transformers. Use `HF_HOME` instead.
  warnings.warn(
/data1/gaobowen/RLinf/.venv-libero-openpi/lib/python3.11/site-packages/transformers/utils/hub.py:111: FutureWarning: Using `TRANSFORMERS_CACHE` is deprecated and will be removed in v5 of Transformers. Use `HF_HOME` instead.
  warnings.warn(
WARNING: All log messages before absl::InitializeLog() is called are written to STDERR
I0000 00:00:1784889746.458729  193757 port.cc:153] oneDNN custom operations are on. You may see slightly different numerical results due to floating-point round-off errors from different computation orders. To turn them off, set the environment variable `TF_ENABLE_ONEDNN_OPTS=0`.
WARNING: All log messages before absl::InitializeLog() is called are written to STDERR
I0000 00:00:1784889746.466166  193756 port.cc:153] oneDNN custom operations are on. You may see slightly different numerical results due to floating-point round-off errors from different computation orders. To turn them off, set the environment variable `TF_ENABLE_ONEDNN_OPTS=0`.
WARNING: All log messages before absl::InitializeLog() is called are written to STDERR
I0000 00:00:1784889747.490367  193757 port.cc:153] oneDNN custom operations are on. You may see slightly different numerical results due to floating-point round-off errors from different computation orders. To turn them off, set the environment variable `TF_ENABLE_ONEDNN_OPTS=0`.
WARNING: All log messages before absl::InitializeLog() is called are written to STDERR
I0000 00:00:1784889747.490564  193756 port.cc:153] oneDNN custom operations are on. You may see slightly different numerical results due to floating-point round-off errors from different computation orders. To turn them off, set the environment variable `TF_ENABLE_ONEDNN_OPTS=0`.
target_request_rate_hz: 32.000
target_requests_per_second: 32.000
realized_offered_requests_per_second: 28.425
throughput_requests_per_second: 24.801
slo_ms: 200.000
slo_good_requests: 1
slo_goodput_requests_per_second: 0.142
num_requests: 200
completed_requests: 200
failed_requests: 0
timeout_requests: 0
submit_lateness_mean_ms: 0.716
submit_lateness_p50_ms: 0.691
submit_lateness_p95_ms: 1.709
action_latency_mean_ms: 973.763
action_latency_p50_ms: 1030.421
action_latency_p95_ms: 1324.714
action_latency_p99_ms: 1419.095
end_to_end_latency_mean_ms: 974.480
end_to_end_latency_p50_ms: 1030.700
end_to_end_latency_p95_ms: 1325.958
vlm_prefix_forward_mean_ms: 269.092
vlm_prefix_forward_p50_ms: 277.850
baseline_vlm_latency_mean_ms: null
baseline_vlm_latency_p50_ms: null
baseline_vlm_latency_p95_ms: null
baseline_ae_latency_mean_ms: null
baseline_ae_latency_p50_ms: null
baseline_ae_latency_p95_ms: null
baseline_ae_step_latency_mean_ms: null
baseline_ae_step_latency_p50_ms: null
baseline_ae_step_latency_p95_ms: null
baseline_ae_steps_mean: null
baseline_effective_batch_mean: null
infer_queue_wait_mean_ms: 0.084
infer_queue_wait_p50_ms: 0.048
infer_queue_wait_p95_ms: 0.167
vlm_request_queue_wait_mean_ms: 141.449
vlm_request_queue_wait_p50_ms: 143.864
vlm_request_queue_wait_p95_ms: 278.567
vlm_request_transfer_mean_ms: 2.426
vlm_request_transfer_p50_ms: 1.352
vlm_request_transfer_p95_ms: 3.002
vlm_queue_wait_mean_ms: 317.140
vlm_queue_wait_p50_ms: 315.296
vlm_queue_wait_p95_ms: 618.001
prefix_queue_wait_mean_ms: 11.141
prefix_queue_wait_p50_ms: 10.077
prefix_queue_wait_p95_ms: 26.342
prefix_transfer_mean_ms: 11.681
prefix_transfer_p50_ms: 0.910
prefix_transfer_p95_ms: 92.397
prefix_admit_wait_mean_ms: 0.059
prefix_admit_wait_p50_ms: 0.057
prefix_admit_wait_p95_ms: 0.066
ae_result_queue_wait_mean_ms: 3.206
ae_result_queue_wait_p50_ms: 2.554
ae_result_queue_wait_p95_ms: 5.585
ae_result_transfer_mean_ms: 40.584
ae_result_transfer_p50_ms: 0.727
ae_result_transfer_p95_ms: 324.688
va_split_transfer_mean_ms: 54.691
va_split_transfer_p50_ms: 3.136
va_split_transfer_p95_ms: 412.532
va_split_queue_wait_mean_ms: 472.996
va_split_queue_wait_p50_ms: 518.977
va_split_queue_wait_p95_ms: 785.157
prefix_lane_ingest_mean_ms: 0.662
prefix_lane_ingest_p50_ms: 0.633
prefix_lane_ingest_p95_ms: 0.814
prefix_lane_compact_mean_ms: 0.106
prefix_lane_compact_p50_ms: 0.000
prefix_lane_compact_p95_ms: 0.536
prefix_lane_overhead_mean_ms: 0.767
prefix_lane_overhead_p50_ms: 0.636
prefix_lane_overhead_p95_ms: 1.224
ae_step_mean_ms: 41.361
ae_step_p50_ms: 43.216
ae_effective_batch_mean: 7.984
vlm_effective_batch_mean: 7.600
policy_effective_batch_mean: null
batch_wait_mean_ms: null
batch_wait_p50_ms: null
batch_wait_p95_ms: null
effective_batch_mean: 7.984
effective_batch_p50: 8.000
effective_batch_p95: 9.600
effective_batch_p99: 10.200
effective_batch_max: 10.200
inflight_peak: 38
gpu_sm_util_mean: 84.756
gpu_mem_bw_util_mean: 31.098
