[2026-07-24 18:42:18.329 Other 193642] Startup
[2026-07-24 18:42:18.329 Other 193642] Connecting to control daemon on socket: /data1/gaobowen/tianze/logs/V-A/sm0-0-new/r32_ours/mps-pipe/control
[2026-07-24 18:42:18.329 Other 193642] Initializing server process
[2026-07-24 18:42:18.571 Server 193642] Creating server context on device 0 (NVIDIA A800-SXM4-80GB)
[2026-07-24 18:42:18.643 Server 193642] Created anonymous shared memory region mps.shm.1003.193642
[2026-07-24 18:42:18.643 Server 193642] CUDA MPS Server for Linux/Unix. Binary version: 13000
[2026-07-24 18:42:18.643 Server 193642] Display Driver version: 580
[2026-07-24 18:42:18.643 Server 193642] Active Threads Percentage set to 100.0
[2026-07-24 18:42:18.643 Server 193642] Server Priority set to 0
[2026-07-24 18:42:18.643 Server 193642] Server has started
[2026-07-24 18:42:18.643 Server 193642] Received new client request for {PID: 0, Context ID: 0}
[2026-07-24 18:42:18.643 Server 193642] Client {PID: 193542, Context ID: 0} connected
[2026-07-24 18:42:18.643 Server 193642] Creating worker thread for client {PID: 193542, Context ID: 0}
[2026-07-24 18:42:25.368 Server 193642] Received new client request for {PID: 193542, Context ID: 0}
[2026-07-24 18:42:25.368 Server 193642] Client {PID: 193757, Context ID: 0} connected
[2026-07-24 18:42:25.368 Server 193642] Creating worker thread for client {PID: 193757, Context ID: 0}
[2026-07-24 18:42:25.388 Server 193642] Received new client request for {PID: 193757, Context ID: 0}
[2026-07-24 18:42:25.388 Server 193642] Client {PID: 193756, Context ID: 0} connected
[2026-07-24 18:42:25.388 Server 193642] Creating worker thread for client {PID: 193756, Context ID: 0}
[2026-07-24 18:43:18.308 Server 193642] Received new client request for {PID: 193756, Context ID: 0}
[2026-07-24 18:43:18.308 Server 193642] Client {PID: 193757, Context ID: 1} connected
[2026-07-24 18:43:18.308 Server 193642] Creating worker thread for client {PID: 193757, Context ID: 1}
[2026-07-24 18:43:18.308 Server 193642] Device NVIDIA A800-SXM4-80GB (uuid GPU-bc6f6460-c6ce-5737-1d7c-e745c8771862) is associated
[2026-07-24 18:43:18.308 Server 193642] Status of client {PID: 193757, Context ID: 1} is ACTIVE
[2026-07-24 18:43:18.687 Server 193642] Received new client request for {PID: 193757, Context ID: 1}
[2026-07-24 18:43:18.687 Server 193642] Client {PID: 193756, Context ID: 1} connected
[2026-07-24 18:43:18.687 Server 193642] Creating worker thread for client {PID: 193756, Context ID: 1}
[2026-07-24 18:43:18.687 Server 193642] Device NVIDIA A800-SXM4-80GB (uuid GPU-bc6f6460-c6ce-5737-1d7c-e745c8771862) is associated
[2026-07-24 18:43:18.687 Server 193642] Status of client {PID: 193756, Context ID: 1} is ACTIVE
[2026-07-24 18:43:30.659 Server 193642] Server failed to recevie command with status 806, assuming client {PID: 193757, Context ID: 1} exit
[2026-07-24 18:43:30.659 Server 193642] Client {PID: 193757, Context ID: 1} exiting. Number of active client contexts is 1.
[2026-07-24 18:43:30.695 Server 193642] Server failed to recevie command with status 806, assuming client {PID: 193757, Context ID: 0} exit
[2026-07-24 18:43:30.695 Server 193642] Client process 193757 disconnected
[2026-07-24 18:43:30.913 Server 193642] Server failed to recevie command with status 806, assuming client {PID: 193756, Context ID: 1} exit
[2026-07-24 18:43:30.913 Server 193642] Client {PID: 193756, Context ID: 1} exiting. Number of active client contexts is 0.
[2026-07-24 18:43:30.946 Server 193642] Server failed to recevie command with status 806, assuming client {PID: 193756, Context ID: 0} exit
[2026-07-24 18:43:30.946 Server 193642] Client process 193756 disconnected
[2026-07-24 18:43:32.449 Server 193642] Server failed to recevie command with status 806, assuming client {PID: 193542, Context ID: 0} exit
[2026-07-24 18:43:32.449 Server 193642] Client process 193542 disconnected
[2026-07-24 18:43:32.479 Server 193642] Server has been notified to shutdown
[2026-07-24 18:43:32.479 Server 193642] Waiting for current clients to finish
[2026-07-24 18:43:32.479 Server 193642] Exiting
