[2026-07-24 19:24:10.627 Control 217939] Starting control daemon using socket /data1/gaobowen/tianze/logs/V-A/sm0-0-4/r32_ours/mps-pipe/control
[2026-07-24 19:24:10.627 Control 217939] To connect CUDA applications to this daemon, set env CUDA_MPS_PIPE_DIRECTORY=/data1/gaobowen/tianze/logs/V-A/sm0-0-4/r32_ours/mps-pipe
[2026-07-24 19:24:10.627 Control 217939] CUDA MPS Control binary version: 13000
[2026-07-24 19:24:14.363 Control 217939] Accepting connection...
[2026-07-24 19:24:14.363 Control 217939] User did not send valid credentials
[2026-07-24 19:24:14.363 Control 217939] Accepting connection...
[2026-07-24 19:24:14.363 Control 217939] NEW CLIENT 217944 from user 1003: Server is not ready, push client to pending list
[2026-07-24 19:24:14.363 Control 218036] Starting new server 218036 for user 1003
[2026-07-24 19:24:14.385 Control 217939] Accepting connection...
[2026-07-24 19:24:14.707 Control 217939] NEW SERVER 218036: Ready
[2026-07-24 19:24:21.468 Control 217939] Accepting connection...
[2026-07-24 19:24:21.468 Control 217939] User did not send valid credentials
[2026-07-24 19:24:21.468 Control 217939] Accepting connection...
[2026-07-24 19:24:21.468 Control 217939] NEW CLIENT 218140 from user 1003: Server already exists
[2026-07-24 19:24:21.493 Control 217939] Accepting connection...
[2026-07-24 19:24:21.493 Control 217939] User did not send valid credentials
[2026-07-24 19:24:21.493 Control 217939] Accepting connection...
[2026-07-24 19:24:21.493 Control 217939] NEW CLIENT 218139 from user 1003: Server already exists
[2026-07-24 19:25:14.674 Control 217939] Accepting connection...
[2026-07-24 19:25:14.674 Control 217939] NEW CLIENT 218139 from user 1003: Server already exists
[2026-07-24 19:25:16.612 Control 217939] Accepting connection...
[2026-07-24 19:25:16.612 Control 217939] NEW CLIENT 218140 from user 1003: Server already exists
[2026-07-24 19:25:29.856 Control 217939] Accepting connection...
[2026-07-24 19:25:29.856 Control 217939] NEW UI
[2026-07-24 19:25:29.856 Control 217939] Cmd:quit
[2026-07-24 19:25:29.856 Control 217939] Try shutting down server 218036, backoff is disabled
[2026-07-24 19:25:29.909 Control 217939] Server 218036 exited with status 0
[2026-07-24 19:25:29.909 Control 217939] Exit with status 0
