/data1/gaobowen/RLinf/.venv-libero-openpi/lib/python3.11/site-packages/transformers/utils/hub.py:111: FutureWarning: Using `TRANSFORMERS_CACHE` is deprecated and will be removed in v5 of Transformers. Use `HF_HOME` instead.
  warnings.warn(
WARNING: All log messages before absl::InitializeLog() is called are written to STDERR
I0000 00:00:1784892255.536678  217944 port.cc:153] oneDNN custom operations are on. You may see slightly different numerical results due to floating-point round-off errors from different computation orders. To turn them off, set the environment variable `TF_ENABLE_ONEDNN_OPTS=0`.
WARNING: All log messages before absl::InitializeLog() is called are written to STDERR
I0000 00:00:1784892256.749811  217944 port.cc:153] oneDNN custom operations are on. You may see slightly different numerical results due to floating-point round-off errors from different computation orders. To turn them off, set the environment variable `TF_ENABLE_ONEDNN_OPTS=0`.
/data1/gaobowen/RLinf/.venv-libero-openpi/lib/python3.11/site-packages/transformers/utils/hub.py:111: FutureWarning: Using `TRANSFORMERS_CACHE` is deprecated and will be removed in v5 of Transformers. Use `HF_HOME` instead.
  warnings.warn(
/data1/gaobowen/RLinf/.venv-libero-openpi/lib/python3.11/site-packages/transformers/utils/hub.py:111: FutureWarning: Using `TRANSFORMERS_CACHE` is deprecated and will be removed in v5 of Transformers. Use `HF_HOME` instead.
  warnings.warn(
WARNING: All log messages before absl::InitializeLog() is called are written to STDERR
I0000 00:00:1784892262.551583  218140 port.cc:153] oneDNN custom operations are on. You may see slightly different numerical results due to floating-point round-off errors from different computation orders. To turn them off, set the environment variable `TF_ENABLE_ONEDNN_OPTS=0`.
WARNING: All log messages before absl::InitializeLog() is called are written to STDERR
I0000 00:00:1784892262.553848  218139 port.cc:153] oneDNN custom operations are on. You may see slightly different numerical results due to floating-point round-off errors from different computation orders. To turn them off, set the environment variable `TF_ENABLE_ONEDNN_OPTS=0`.
WARNING: All log messages before absl::InitializeLog() is called are written to STDERR
WARNING: All log messages before absl::InitializeLog() is called are written to STDERR
I0000 00:00:1784892263.575208  218139 port.cc:153] oneDNN custom operations are on. You may see slightly different numerical results due to floating-point round-off errors from different computation orders. To turn them off, set the environment variable `TF_ENABLE_ONEDNN_OPTS=0`.
I0000 00:00:1784892263.575203  218140 port.cc:153] oneDNN custom operations are on. You may see slightly different numerical results due to floating-point round-off errors from different computation orders. To turn them off, set the environment variable `TF_ENABLE_ONEDNN_OPTS=0`.
target_request_rate_hz: 32.000
target_requests_per_second: 32.000
realized_offered_requests_per_second: 28.425
throughput_requests_per_second: 25.451
slo_ms: 200.000
slo_good_requests: 1
slo_goodput_requests_per_second: 0.142
num_requests: 200
completed_requests: 200
failed_requests: 0
timeout_requests: 0
submit_lateness_mean_ms: 0.729
submit_lateness_p50_ms: 0.716
submit_lateness_p95_ms: 1.700
action_latency_mean_ms: 882.064
action_latency_p50_ms: 922.985
action_latency_p95_ms: 1189.283
action_latency_p99_ms: 1229.113
end_to_end_latency_mean_ms: 882.792
end_to_end_latency_p50_ms: 923.610
end_to_end_latency_p95_ms: 1189.636
vlm_prefix_forward_mean_ms: 263.350
vlm_prefix_forward_p50_ms: 277.018
baseline_vlm_latency_mean_ms: null
baseline_vlm_latency_p50_ms: null
baseline_vlm_latency_p95_ms: null
baseline_ae_latency_mean_ms: null
baseline_ae_latency_p50_ms: null
baseline_ae_latency_p95_ms: null
baseline_ae_step_latency_mean_ms: null
baseline_ae_step_latency_p50_ms: null
baseline_ae_step_latency_p95_ms: null
baseline_ae_steps_mean: null
baseline_effective_batch_mean: null
infer_queue_wait_mean_ms: 0.088
infer_queue_wait_p50_ms: 0.046
infer_queue_wait_p95_ms: 0.157
vlm_request_queue_wait_mean_ms: 128.761
vlm_request_queue_wait_p50_ms: 125.859
vlm_request_queue_wait_p95_ms: 273.055
vlm_request_transfer_mean_ms: 1.985
vlm_request_transfer_p50_ms: 1.317
vlm_request_transfer_p95_ms: 3.696
vlm_queue_wait_mean_ms: 212.437
vlm_queue_wait_p50_ms: 301.072
vlm_queue_wait_p95_ms: 581.622
prefix_queue_wait_mean_ms: 12.956
prefix_queue_wait_p50_ms: 11.797
prefix_queue_wait_p95_ms: 29.418
prefix_transfer_mean_ms: 6.106
prefix_transfer_p50_ms: 0.918
prefix_transfer_p95_ms: 34.340
prefix_admit_wait_mean_ms: 0.060
prefix_admit_wait_p50_ms: 0.057
prefix_admit_wait_p95_ms: 0.068
ae_result_queue_wait_mean_ms: 2.404
ae_result_queue_wait_p50_ms: 2.222
ae_result_queue_wait_p95_ms: 5.770
ae_result_transfer_mean_ms: 39.555
ae_result_transfer_p50_ms: 0.685
ae_result_transfer_p95_ms: 303.912
va_split_transfer_mean_ms: 47.645
va_split_transfer_p50_ms: 3.099
va_split_transfer_p95_ms: 329.684
va_split_queue_wait_mean_ms: 356.619
va_split_queue_wait_p50_ms: 386.373
va_split_queue_wait_p95_ms: 612.811
prefix_lane_ingest_mean_ms: 0.653
prefix_lane_ingest_p50_ms: 0.622
prefix_lane_ingest_p95_ms: 0.794
prefix_lane_compact_mean_ms: 0.092
prefix_lane_compact_p50_ms: 0.000
prefix_lane_compact_p95_ms: 0.504
prefix_lane_overhead_mean_ms: 0.745
prefix_lane_overhead_p50_ms: 0.625
prefix_lane_overhead_p95_ms: 1.123
ae_step_mean_ms: 47.718
ae_step_p50_ms: 51.862
ae_effective_batch_mean: 7.914
vlm_effective_batch_mean: 7.540
policy_effective_batch_mean: null
batch_wait_mean_ms: null
batch_wait_p50_ms: null
batch_wait_p95_ms: null
effective_batch_mean: 7.914
effective_batch_p50: 8.000
effective_batch_p95: 9.600
effective_batch_p99: 9.600
effective_batch_max: 9.600
inflight_peak: 33
gpu_sm_util_mean: 88.050
gpu_mem_bw_util_mean: 32.500
