[2026-07-24 19:24:14.385 Other 218036] Startup
[2026-07-24 19:24:14.385 Other 218036] Connecting to control daemon on socket: /data1/gaobowen/tianze/logs/V-A/sm0-0-4/r32_ours/mps-pipe/control
[2026-07-24 19:24:14.385 Other 218036] Initializing server process
[2026-07-24 19:24:14.628 Server 218036] Creating server context on device 0 (NVIDIA A800-SXM4-80GB)
[2026-07-24 19:24:14.707 Server 218036] Created anonymous shared memory region mps.shm.1003.218036
[2026-07-24 19:24:14.707 Server 218036] CUDA MPS Server for Linux/Unix. Binary version: 13000
[2026-07-24 19:24:14.707 Server 218036] Display Driver version: 580
[2026-07-24 19:24:14.707 Server 218036] Active Threads Percentage set to 100.0
[2026-07-24 19:24:14.707 Server 218036] Server Priority set to 0
[2026-07-24 19:24:14.707 Server 218036] Server has started
[2026-07-24 19:24:14.707 Server 218036] Received new client request for {PID: 0, Context ID: 0}
[2026-07-24 19:24:14.707 Server 218036] Client {PID: 217944, Context ID: 0} connected
[2026-07-24 19:24:14.707 Server 218036] Creating worker thread for client {PID: 217944, Context ID: 0}
[2026-07-24 19:24:21.468 Server 218036] Received new client request for {PID: 217944, Context ID: 0}
[2026-07-24 19:24:21.468 Server 218036] Client {PID: 218140, Context ID: 0} connected
[2026-07-24 19:24:21.468 Server 218036] Creating worker thread for client {PID: 218140, Context ID: 0}
[2026-07-24 19:24:21.493 Server 218036] Received new client request for {PID: 218140, Context ID: 0}
[2026-07-24 19:24:21.493 Server 218036] Client {PID: 218139, Context ID: 0} connected
[2026-07-24 19:24:21.493 Server 218036] Creating worker thread for client {PID: 218139, Context ID: 0}
[2026-07-24 19:25:14.674 Server 218036] Received new client request for {PID: 218139, Context ID: 0}
[2026-07-24 19:25:14.674 Server 218036] Client {PID: 218139, Context ID: 1} connected
[2026-07-24 19:25:14.674 Server 218036] Creating worker thread for client {PID: 218139, Context ID: 1}
[2026-07-24 19:25:14.674 Server 218036] Device NVIDIA A800-SXM4-80GB (uuid GPU-bc6f6460-c6ce-5737-1d7c-e745c8771862) is associated
[2026-07-24 19:25:14.674 Server 218036] Status of client {PID: 218139, Context ID: 1} is ACTIVE
[2026-07-24 19:25:16.612 Server 218036] Received new client request for {PID: 218139, Context ID: 1}
[2026-07-24 19:25:16.612 Server 218036] Client {PID: 218140, Context ID: 1} connected
[2026-07-24 19:25:16.612 Server 218036] Creating worker thread for client {PID: 218140, Context ID: 1}
[2026-07-24 19:25:16.612 Server 218036] Device NVIDIA A800-SXM4-80GB (uuid GPU-bc6f6460-c6ce-5737-1d7c-e745c8771862) is associated
[2026-07-24 19:25:16.612 Server 218036] Status of client {PID: 218140, Context ID: 1} is ACTIVE
[2026-07-24 19:25:28.267 Server 218036] Server failed to recevie command with status 806, assuming client {PID: 218140, Context ID: 1} exit
[2026-07-24 19:25:28.267 Server 218036] Client {PID: 218140, Context ID: 1} exiting. Number of active client contexts is 1.
[2026-07-24 19:25:28.300 Server 218036] Server failed to recevie command with status 806, assuming client {PID: 218139, Context ID: 1} exit
[2026-07-24 19:25:28.300 Server 218036] Client {PID: 218139, Context ID: 1} exiting. Number of active client contexts is 0.
[2026-07-24 19:25:28.319 Server 218036] Server failed to recevie command with status 806, assuming client {PID: 218140, Context ID: 0} exit
[2026-07-24 19:25:28.319 Server 218036] Client process 218140 disconnected
[2026-07-24 19:25:28.397 Server 218036] Server failed to recevie command with status 806, assuming client {PID: 218139, Context ID: 0} exit
[2026-07-24 19:25:28.397 Server 218036] Client process 218139 disconnected
[2026-07-24 19:25:29.826 Server 218036] Server failed to recevie command with status 806, assuming client {PID: 217944, Context ID: 0} exit
[2026-07-24 19:25:29.826 Server 218036] Client process 217944 disconnected
[2026-07-24 19:25:29.856 Server 218036] Server has been notified to shutdown
[2026-07-24 19:25:29.856 Server 218036] Waiting for current clients to finish
[2026-07-24 19:25:29.856 Server 218036] Exiting
