[2026-07-26 01:13:57.059 Control 1957910] Starting control daemon using socket /data1/gaobowen/tianze/logs/V-A/sm0-0-torch-new/r16_ours/mps-pipe/control
[2026-07-26 01:13:57.059 Control 1957910] To connect CUDA applications to this daemon, set env CUDA_MPS_PIPE_DIRECTORY=/data1/gaobowen/tianze/logs/V-A/sm0-0-torch-new/r16_ours/mps-pipe
[2026-07-26 01:13:57.059 Control 1957910] CUDA MPS Control binary version: 13000
[2026-07-26 01:14:00.894 Control 1957910] Accepting connection...
[2026-07-26 01:14:00.894 Control 1957910] User did not send valid credentials
[2026-07-26 01:14:00.894 Control 1957910] Accepting connection...
[2026-07-26 01:14:00.894 Control 1957910] NEW CLIENT 1957915 from user 1003: Server is not ready, push client to pending list
[2026-07-26 01:14:00.894 Control 1958002] Starting new server 1958002 for user 1003
[2026-07-26 01:14:00.912 Control 1957910] Accepting connection...
[2026-07-26 01:14:01.151 Control 1957910] NEW SERVER 1958002: Ready
[2026-07-26 01:14:07.986 Control 1957910] Accepting connection...
[2026-07-26 01:14:07.987 Control 1957910] User did not send valid credentials
[2026-07-26 01:14:07.987 Control 1957910] Accepting connection...
[2026-07-26 01:14:07.987 Control 1957910] NEW CLIENT 1958104 from user 1003: Server already exists
[2026-07-26 01:14:07.990 Control 1957910] Accepting connection...
[2026-07-26 01:14:07.990 Control 1957910] User did not send valid credentials
[2026-07-26 01:14:07.990 Control 1957910] Accepting connection...
[2026-07-26 01:14:07.990 Control 1957910] NEW CLIENT 1958103 from user 1003: Server already exists
[2026-07-26 01:15:04.827 Control 1957910] Accepting connection...
[2026-07-26 01:15:04.827 Control 1957910] NEW CLIENT 1958103 from user 1003: Server already exists
[2026-07-26 01:15:05.600 Control 1957910] Accepting connection...
[2026-07-26 01:15:05.600 Control 1957910] User did not send valid credentials
[2026-07-26 01:15:05.600 Control 1957910] Accepting connection...
[2026-07-26 01:15:05.600 Control 1957910] NEW CLIENT 1963128 from user 1003: Server already exists
[2026-07-26 01:15:05.639 Control 1957910] Accepting connection...
[2026-07-26 01:15:05.639 Control 1957910] NEW CLIENT 1958104 from user 1003: Server already exists
[2026-07-26 01:15:06.298 Control 1957910] Accepting connection...
[2026-07-26 01:15:06.298 Control 1957910] User did not send valid credentials
[2026-07-26 01:15:06.298 Control 1957910] Accepting connection...
[2026-07-26 01:15:06.299 Control 1957910] NEW CLIENT 1963216 from user 1003: Server already exists
[2026-07-26 01:18:47.663 Control 1957910] Accepting connection...
[2026-07-26 01:18:47.663 Control 1957910] NEW UI
[2026-07-26 01:18:47.663 Control 1957910] Cmd:quit
[2026-07-26 01:18:47.663 Control 1957910] Try shutting down server 1958002, backoff is disabled
[2026-07-26 01:18:47.693 Control 1957910] Server 1958002 exited with status 0
[2026-07-26 01:18:47.694 Control 1957910] Exit with status 0
