WARNING: All log messages before absl::InitializeLog() is called are written to STDERR
I0000 00:00:1784870977.058199  224393 port.cc:153] oneDNN custom operations are on. You may see slightly different numerical results due to floating-point round-off errors from different computation orders. To turn them off, set the environment variable `TF_ENABLE_ONEDNN_OPTS=0`.
WARNING: All log messages before absl::InitializeLog() is called are written to STDERR
I0000 00:00:1784870978.279223  224393 port.cc:153] oneDNN custom operations are on. You may see slightly different numerical results due to floating-point round-off errors from different computation orders. To turn them off, set the environment variable `TF_ENABLE_ONEDNN_OPTS=0`.
target_request_rate_hz: 16.000
target_requests_per_second: 16.000
realized_offered_requests_per_second: 14.212
throughput_requests_per_second: 13.913
slo_ms: 200.000
slo_good_requests: 9
slo_goodput_requests_per_second: 0.640
num_requests: 200
completed_requests: 200
failed_requests: 0
timeout_requests: 0
submit_lateness_mean_ms: 120.606
submit_lateness_p50_ms: 119.222
submit_lateness_p95_ms: 231.075
action_latency_mean_ms: 236.391
action_latency_p50_ms: 239.976
action_latency_p95_ms: 324.194
action_latency_p99_ms: 353.553
end_to_end_latency_mean_ms: 356.997
end_to_end_latency_p50_ms: 350.926
end_to_end_latency_p95_ms: 500.454
vlm_prefix_forward_mean_ms: null
vlm_prefix_forward_p50_ms: null
baseline_vlm_latency_mean_ms: 127.151
baseline_vlm_latency_p50_ms: 130.566
baseline_vlm_latency_p95_ms: 211.263
baseline_ae_latency_mean_ms: 103.838
baseline_ae_latency_p50_ms: 104.073
baseline_ae_latency_p95_ms: 106.129
baseline_ae_step_latency_mean_ms: 20.768
baseline_ae_step_latency_p50_ms: 20.815
baseline_ae_step_latency_p95_ms: 21.226
baseline_ae_steps_mean: 5.000
baseline_effective_batch_mean: 3.810
vlm_request_transfer_mean_ms: null
vlm_request_transfer_p50_ms: null
vlm_request_transfer_p95_ms: null
prefix_transfer_mean_ms: null
prefix_transfer_p50_ms: null
prefix_transfer_p95_ms: null
ae_result_transfer_mean_ms: null
ae_result_transfer_p50_ms: null
ae_result_transfer_p95_ms: null
va_split_transfer_mean_ms: null
va_split_transfer_p50_ms: null
va_split_transfer_p95_ms: null
prefix_lane_ingest_mean_ms: null
prefix_lane_ingest_p50_ms: null
prefix_lane_ingest_p95_ms: null
prefix_lane_compact_mean_ms: null
prefix_lane_compact_p50_ms: null
prefix_lane_compact_p95_ms: null
prefix_lane_overhead_mean_ms: null
prefix_lane_overhead_p50_ms: null
prefix_lane_overhead_p95_ms: null
ae_step_mean_ms: null
ae_step_p50_ms: null
ae_effective_batch_mean: null
vlm_effective_batch_mean: null
policy_effective_batch_mean: 3.810
batch_wait_mean_ms: 120.606
batch_wait_p50_ms: 119.222
batch_wait_p95_ms: 231.075
effective_batch_mean: 3.810
effective_batch_p50: 4.000
effective_batch_p95: 7.000
effective_batch_p99: 8.000
effective_batch_max: 8.000
inflight_peak: 8
gpu_sm_util_mean: 64.096
gpu_mem_bw_util_mean: 17.192
