[2026-07-24 13:30:48.058 Control 226469] Starting control daemon using socket /data1/tianze/V-A schedule/logs/test/compare200_r16_ours_20260724_132602/mps-pipe/control
[2026-07-24 13:30:48.058 Control 226469] To connect CUDA applications to this daemon, set env CUDA_MPS_PIPE_DIRECTORY=/data1/tianze/V-A schedule/logs/test/compare200_r16_ours_20260724_132602/mps-pipe
[2026-07-24 13:30:48.058 Control 226469] CUDA MPS Control binary version: 13000
[2026-07-24 13:30:51.844 Control 226469] Accepting connection...
[2026-07-24 13:30:51.844 Control 226469] User did not send valid credentials
[2026-07-24 13:30:51.844 Control 226469] Accepting connection...
[2026-07-24 13:30:51.844 Control 226469] NEW CLIENT 226473 from user 1008: Server is not ready, push client to pending list
[2026-07-24 13:30:51.844 Control 226553] Starting new server 226553 for user 1008
[2026-07-24 13:30:51.870 Control 226469] Accepting connection...
[2026-07-24 13:30:52.254 Control 226469] NEW SERVER 226553: Ready
[2026-07-24 13:30:59.119 Control 226469] Accepting connection...
[2026-07-24 13:30:59.119 Control 226469] User did not send valid credentials
[2026-07-24 13:30:59.119 Control 226469] Accepting connection...
[2026-07-24 13:30:59.119 Control 226469] NEW CLIENT 226635 from user 1008: Server already exists
[2026-07-24 13:30:59.131 Control 226469] Accepting connection...
[2026-07-24 13:30:59.131 Control 226469] User did not send valid credentials
[2026-07-24 13:30:59.131 Control 226469] Accepting connection...
[2026-07-24 13:30:59.131 Control 226469] NEW CLIENT 226636 from user 1008: Server already exists
[2026-07-24 13:31:54.980 Control 226469] Accepting connection...
[2026-07-24 13:31:54.981 Control 226469] NEW CLIENT 226636 from user 1008: Server already exists
[2026-07-24 13:31:55.343 Control 226469] Accepting connection...
[2026-07-24 13:31:55.343 Control 226469] NEW CLIENT 226635 from user 1008: Server already exists
[2026-07-24 13:32:15.541 Control 226469] Accepting connection...
[2026-07-24 13:32:15.541 Control 226469] NEW UI
[2026-07-24 13:32:15.541 Control 226469] Cmd:quit
[2026-07-24 13:32:15.541 Control 226469] Try shutting down server 226553, backoff is disabled
[2026-07-24 13:32:15.573 Control 226469] Server 226553 exited with status 0
[2026-07-24 13:32:15.573 Control 226469] Exit with status 0
