[2026-07-24 13:30:51.870 Other 226553] Startup
[2026-07-24 13:30:51.870 Other 226553] Connecting to control daemon on socket: /data1/tianze/V-A schedule/logs/test/compare200_r16_ours_20260724_132602/mps-pipe/control
[2026-07-24 13:30:51.870 Other 226553] Initializing server process
[2026-07-24 13:30:52.187 Server 226553] Creating server context on device 0 (NVIDIA A800-SXM4-80GB)
[2026-07-24 13:30:52.254 Server 226553] Created anonymous shared memory region mps.shm.1008.226553
[2026-07-24 13:30:52.254 Server 226553] CUDA MPS Server for Linux/Unix. Binary version: 13000
[2026-07-24 13:30:52.254 Server 226553] Display Driver version: 580
[2026-07-24 13:30:52.254 Server 226553] Active Threads Percentage set to 100.0
[2026-07-24 13:30:52.254 Server 226553] Server Priority set to 0
[2026-07-24 13:30:52.254 Server 226553] Server has started
[2026-07-24 13:30:52.254 Server 226553] Received new client request for {PID: 0, Context ID: 0}
[2026-07-24 13:30:52.254 Server 226553] Client {PID: 226473, Context ID: 0} connected
[2026-07-24 13:30:52.254 Server 226553] Creating worker thread for client {PID: 226473, Context ID: 0}
[2026-07-24 13:30:59.119 Server 226553] Received new client request for {PID: 226473, Context ID: 0}
[2026-07-24 13:30:59.119 Server 226553] Client {PID: 226635, Context ID: 0} connected
[2026-07-24 13:30:59.119 Server 226553] Creating worker thread for client {PID: 226635, Context ID: 0}
[2026-07-24 13:30:59.131 Server 226553] Received new client request for {PID: 226635, Context ID: 0}
[2026-07-24 13:30:59.131 Server 226553] Client {PID: 226636, Context ID: 0} connected
[2026-07-24 13:30:59.131 Server 226553] Creating worker thread for client {PID: 226636, Context ID: 0}
[2026-07-24 13:31:54.981 Server 226553] Received new client request for {PID: 226636, Context ID: 0}
[2026-07-24 13:31:54.981 Server 226553] Client {PID: 226636, Context ID: 1} connected
[2026-07-24 13:31:54.981 Server 226553] Creating worker thread for client {PID: 226636, Context ID: 1}
[2026-07-24 13:31:54.981 Server 226553] Device NVIDIA A800-SXM4-80GB (uuid GPU-1e91fa45-683b-e950-c0ed-522784cbc201) is associated
[2026-07-24 13:31:54.981 Server 226553] Status of client {PID: 226636, Context ID: 1} is ACTIVE
[2026-07-24 13:31:55.344 Server 226553] Received new client request for {PID: 226636, Context ID: 1}
[2026-07-24 13:31:55.344 Server 226553] Client {PID: 226635, Context ID: 1} connected
[2026-07-24 13:31:55.344 Server 226553] Creating worker thread for client {PID: 226635, Context ID: 1}
[2026-07-24 13:31:55.344 Server 226553] Device NVIDIA A800-SXM4-80GB (uuid GPU-1e91fa45-683b-e950-c0ed-522784cbc201) is associated
[2026-07-24 13:31:55.344 Server 226553] Status of client {PID: 226635, Context ID: 1} is ACTIVE
[2026-07-24 13:32:13.940 Server 226553] Server failed to recevie command with status 806, assuming client {PID: 226636, Context ID: 1} exit
[2026-07-24 13:32:13.940 Server 226553] Client {PID: 226636, Context ID: 1} exiting. Number of active client contexts is 1.
[2026-07-24 13:32:13.973 Server 226553] Server failed to recevie command with status 806, assuming client {PID: 226636, Context ID: 0} exit
[2026-07-24 13:32:13.973 Server 226553] Client process 226636 disconnected
[2026-07-24 13:32:14.043 Server 226553] Server failed to recevie command with status 806, assuming client {PID: 226635, Context ID: 1} exit
[2026-07-24 13:32:14.043 Server 226553] Client {PID: 226635, Context ID: 1} exiting. Number of active client contexts is 0.
[2026-07-24 13:32:14.086 Server 226553] Server failed to recevie command with status 806, assuming client {PID: 226635, Context ID: 0} exit
[2026-07-24 13:32:14.086 Server 226553] Client process 226635 disconnected
[2026-07-24 13:32:15.515 Server 226553] Server failed to recevie command with status 806, assuming client {PID: 226473, Context ID: 0} exit
[2026-07-24 13:32:15.515 Server 226553] Client process 226473 disconnected
[2026-07-24 13:32:15.541 Server 226553] Server has been notified to shutdown
[2026-07-24 13:32:15.541 Server 226553] Waiting for current clients to finish
[2026-07-24 13:32:15.541 Server 226553] Exiting
