WARNING: All log messages before absl::InitializeLog() is called are written to STDERR
I0000 00:00:1784882751.968875  640762 port.cc:153] oneDNN custom operations are on. You may see slightly different numerical results due to floating-point round-off errors from different computation orders. To turn them off, set the environment variable `TF_ENABLE_ONEDNN_OPTS=0`.
WARNING: All log messages before absl::InitializeLog() is called are written to STDERR
I0000 00:00:1784882753.192363  640762 port.cc:153] oneDNN custom operations are on. You may see slightly different numerical results due to floating-point round-off errors from different computation orders. To turn them off, set the environment variable `TF_ENABLE_ONEDNN_OPTS=0`.
target_request_rate_hz: 16.000
target_requests_per_second: 16.000
realized_offered_requests_per_second: 14.212
throughput_requests_per_second: 13.909
slo_ms: 200.000
slo_good_requests: 2
slo_goodput_requests_per_second: 0.142
num_requests: 200
completed_requests: 200
failed_requests: 0
timeout_requests: 0
submit_lateness_mean_ms: 546.106
submit_lateness_p50_ms: 286.349
submit_lateness_p95_ms: 1528.049
action_latency_mean_ms: 357.255
action_latency_p50_ms: 344.326
action_latency_p95_ms: 387.086
action_latency_p99_ms: 2416.610
end_to_end_latency_mean_ms: 903.361
end_to_end_latency_p50_ms: 817.672
end_to_end_latency_p95_ms: 2010.987
vlm_prefix_forward_mean_ms: null
vlm_prefix_forward_p50_ms: null
baseline_vlm_latency_mean_ms: 228.573
baseline_vlm_latency_p50_ms: 238.565
baseline_vlm_latency_p95_ms: 239.874
baseline_ae_latency_mean_ms: 103.647
baseline_ae_latency_p50_ms: 103.012
baseline_ae_latency_p95_ms: 111.455
baseline_ae_step_latency_mean_ms: 20.729
baseline_ae_step_latency_p50_ms: 20.602
baseline_ae_step_latency_p95_ms: 22.291
baseline_ae_steps_mean: 5.000
baseline_effective_batch_mean: 5.970
infer_queue_wait_mean_ms: 0.724
infer_queue_wait_p50_ms: 0.487
infer_queue_wait_p95_ms: 1.463
vlm_request_queue_wait_mean_ms: null
vlm_request_queue_wait_p50_ms: null
vlm_request_queue_wait_p95_ms: null
vlm_request_transfer_mean_ms: null
vlm_request_transfer_p50_ms: null
vlm_request_transfer_p95_ms: null
vlm_queue_wait_mean_ms: null
vlm_queue_wait_p50_ms: null
vlm_queue_wait_p95_ms: null
prefix_queue_wait_mean_ms: null
prefix_queue_wait_p50_ms: null
prefix_queue_wait_p95_ms: null
prefix_transfer_mean_ms: null
prefix_transfer_p50_ms: null
prefix_transfer_p95_ms: null
prefix_admit_wait_mean_ms: null
prefix_admit_wait_p50_ms: null
prefix_admit_wait_p95_ms: null
ae_result_queue_wait_mean_ms: null
ae_result_queue_wait_p50_ms: null
ae_result_queue_wait_p95_ms: null
ae_result_transfer_mean_ms: null
ae_result_transfer_p50_ms: null
ae_result_transfer_p95_ms: null
va_split_transfer_mean_ms: null
va_split_transfer_p50_ms: null
va_split_transfer_p95_ms: null
va_split_queue_wait_mean_ms: null
va_split_queue_wait_p50_ms: null
va_split_queue_wait_p95_ms: null
prefix_lane_ingest_mean_ms: null
prefix_lane_ingest_p50_ms: null
prefix_lane_ingest_p95_ms: null
prefix_lane_compact_mean_ms: null
prefix_lane_compact_p50_ms: null
prefix_lane_compact_p95_ms: null
prefix_lane_overhead_mean_ms: null
prefix_lane_overhead_p50_ms: null
prefix_lane_overhead_p95_ms: null
ae_step_mean_ms: null
ae_step_p50_ms: null
ae_effective_batch_mean: null
vlm_effective_batch_mean: null
policy_effective_batch_mean: 5.970
batch_wait_mean_ms: 546.106
batch_wait_p50_ms: 286.349
batch_wait_p95_ms: 1528.049
effective_batch_mean: 5.970
effective_batch_p50: 8.000
effective_batch_p95: 8.000
effective_batch_p99: 8.000
effective_batch_max: 8.000
inflight_peak: 8
gpu_sm_util_mean: 60.209
gpu_mem_bw_util_mean: 18.313
