[2026-07-24 18:02:35.460 Control 161574] Starting control daemon using socket /data1/gaobowen/tianze/logs/V-A/sm0-0/r32_ours/mps-pipe/control
[2026-07-24 18:02:35.461 Control 161574] To connect CUDA applications to this daemon, set env CUDA_MPS_PIPE_DIRECTORY=/data1/gaobowen/tianze/logs/V-A/sm0-0/r32_ours/mps-pipe
[2026-07-24 18:02:35.461 Control 161574] CUDA MPS Control binary version: 13000
[2026-07-24 18:02:39.173 Control 161574] Accepting connection...
[2026-07-24 18:02:39.173 Control 161574] User did not send valid credentials
[2026-07-24 18:02:39.173 Control 161574] Accepting connection...
[2026-07-24 18:02:39.173 Control 161574] NEW CLIENT 161579 from user 1003: Server is not ready, push client to pending list
[2026-07-24 18:02:39.173 Control 161678] Starting new server 161678 for user 1003
[2026-07-24 18:02:39.193 Control 161574] Accepting connection...
[2026-07-24 18:02:39.519 Control 161574] NEW SERVER 161678: Ready
[2026-07-24 18:02:46.285 Control 161574] Accepting connection...
[2026-07-24 18:02:46.285 Control 161574] User did not send valid credentials
[2026-07-24 18:02:46.285 Control 161574] Accepting connection...
[2026-07-24 18:02:46.285 Control 161574] NEW CLIENT 161791 from user 1003: Server already exists
[2026-07-24 18:02:46.296 Control 161574] Accepting connection...
[2026-07-24 18:02:46.296 Control 161574] User did not send valid credentials
[2026-07-24 18:02:46.296 Control 161574] Accepting connection...
[2026-07-24 18:02:46.296 Control 161574] NEW CLIENT 161790 from user 1003: Server already exists
[2026-07-24 18:03:39.586 Control 161574] Accepting connection...
[2026-07-24 18:03:39.586 Control 161574] NEW CLIENT 161791 from user 1003: Server already exists
[2026-07-24 18:03:41.604 Control 161574] Accepting connection...
[2026-07-24 18:03:41.604 Control 161574] NEW CLIENT 161790 from user 1003: Server already exists
[2026-07-24 18:03:55.364 Control 161574] Accepting connection...
[2026-07-24 18:03:55.364 Control 161574] NEW UI
[2026-07-24 18:03:55.364 Control 161574] Cmd:quit
[2026-07-24 18:03:55.364 Control 161574] Try shutting down server 161678, backoff is disabled
[2026-07-24 18:03:55.413 Control 161574] Server 161678 exited with status 0
[2026-07-24 18:03:55.414 Control 161574] Exit with status 0
