/data1/gaobowen/RLinf/.venv-libero-openpi/lib/python3.11/site-packages/transformers/utils/hub.py:111: FutureWarning: Using `TRANSFORMERS_CACHE` is deprecated and will be removed in v5 of Transformers. Use `HF_HOME` instead.
  warnings.warn(
WARNING: All log messages before absl::InitializeLog() is called are written to STDERR
I0000 00:00:1784887360.349338  161579 port.cc:153] oneDNN custom operations are on. You may see slightly different numerical results due to floating-point round-off errors from different computation orders. To turn them off, set the environment variable `TF_ENABLE_ONEDNN_OPTS=0`.
WARNING: All log messages before absl::InitializeLog() is called are written to STDERR
I0000 00:00:1784887361.537768  161579 port.cc:153] oneDNN custom operations are on. You may see slightly different numerical results due to floating-point round-off errors from different computation orders. To turn them off, set the environment variable `TF_ENABLE_ONEDNN_OPTS=0`.
/data1/gaobowen/RLinf/.venv-libero-openpi/lib/python3.11/site-packages/transformers/utils/hub.py:111: FutureWarning: Using `TRANSFORMERS_CACHE` is deprecated and will be removed in v5 of Transformers. Use `HF_HOME` instead.
  warnings.warn(
/data1/gaobowen/RLinf/.venv-libero-openpi/lib/python3.11/site-packages/transformers/utils/hub.py:111: FutureWarning: Using `TRANSFORMERS_CACHE` is deprecated and will be removed in v5 of Transformers. Use `HF_HOME` instead.
  warnings.warn(
WARNING: All log messages before absl::InitializeLog() is called are written to STDERR
WARNING: All log messages before absl::InitializeLog() is called are written to STDERR
I0000 00:00:1784887367.376054  161791 port.cc:153] oneDNN custom operations are on. You may see slightly different numerical results due to floating-point round-off errors from different computation orders. To turn them off, set the environment variable `TF_ENABLE_ONEDNN_OPTS=0`.
I0000 00:00:1784887367.376051  161790 port.cc:153] oneDNN custom operations are on. You may see slightly different numerical results due to floating-point round-off errors from different computation orders. To turn them off, set the environment variable `TF_ENABLE_ONEDNN_OPTS=0`.
WARNING: All log messages before absl::InitializeLog() is called are written to STDERR
WARNING: All log messages before absl::InitializeLog() is called are written to STDERR
I0000 00:00:1784887368.405696  161791 port.cc:153] oneDNN custom operations are on. You may see slightly different numerical results due to floating-point round-off errors from different computation orders. To turn them off, set the environment variable `TF_ENABLE_ONEDNN_OPTS=0`.
I0000 00:00:1784887368.405695  161790 port.cc:153] oneDNN custom operations are on. You may see slightly different numerical results due to floating-point round-off errors from different computation orders. To turn them off, set the environment variable `TF_ENABLE_ONEDNN_OPTS=0`.
target_request_rate_hz: 32.000
target_requests_per_second: 32.000
realized_offered_requests_per_second: 28.425
throughput_requests_per_second: 25.479
slo_ms: 200.000
slo_good_requests: 0
slo_goodput_requests_per_second: 0.000
num_requests: 200
completed_requests: 200
failed_requests: 0
timeout_requests: 0
submit_lateness_mean_ms: 0.875
submit_lateness_p50_ms: 0.719
submit_lateness_p95_ms: 1.806
action_latency_mean_ms: 851.687
action_latency_p50_ms: 903.582
action_latency_p95_ms: 1132.996
action_latency_p99_ms: 1174.866
end_to_end_latency_mean_ms: 852.562
end_to_end_latency_p50_ms: 904.407
end_to_end_latency_p95_ms: 1134.004
vlm_prefix_forward_mean_ms: 262.490
vlm_prefix_forward_p50_ms: 277.433
baseline_vlm_latency_mean_ms: null
baseline_vlm_latency_p50_ms: null
baseline_vlm_latency_p95_ms: null
baseline_ae_latency_mean_ms: null
baseline_ae_latency_p50_ms: null
baseline_ae_latency_p95_ms: null
baseline_ae_step_latency_mean_ms: null
baseline_ae_step_latency_p50_ms: null
baseline_ae_step_latency_p95_ms: null
baseline_ae_steps_mean: null
baseline_effective_batch_mean: null
infer_queue_wait_mean_ms: 0.073
infer_queue_wait_p50_ms: 0.045
infer_queue_wait_p95_ms: 0.166
vlm_request_queue_wait_mean_ms: 129.370
vlm_request_queue_wait_p50_ms: 123.648
vlm_request_queue_wait_p95_ms: 270.577
vlm_request_transfer_mean_ms: 1.721
vlm_request_transfer_p50_ms: 1.331
vlm_request_transfer_p95_ms: 2.192
vlm_queue_wait_mean_ms: 199.613
vlm_queue_wait_p50_ms: 298.976
vlm_queue_wait_p95_ms: 341.341
prefix_queue_wait_mean_ms: 10.907
prefix_queue_wait_p50_ms: 10.302
prefix_queue_wait_p95_ms: 26.246
prefix_transfer_mean_ms: 6.996
prefix_transfer_p50_ms: 0.902
prefix_transfer_p95_ms: 46.817
prefix_admit_wait_mean_ms: 0.057
prefix_admit_wait_p50_ms: 0.056
prefix_admit_wait_p95_ms: 0.063
ae_result_queue_wait_mean_ms: 2.011
ae_result_queue_wait_p50_ms: 1.848
ae_result_queue_wait_p95_ms: 4.368
ae_result_transfer_mean_ms: 39.556
ae_result_transfer_p50_ms: 0.625
ae_result_transfer_p95_ms: 304.280
va_split_transfer_mean_ms: 48.273
va_split_transfer_p50_ms: 2.938
va_split_transfer_p95_ms: 336.499
va_split_queue_wait_mean_ms: 341.957
va_split_queue_wait_p50_ms: 367.312
va_split_queue_wait_p95_ms: 594.427
prefix_lane_ingest_mean_ms: 0.652
prefix_lane_ingest_p50_ms: 0.639
prefix_lane_ingest_p95_ms: 0.769
prefix_lane_compact_mean_ms: 0.086
prefix_lane_compact_p50_ms: 0.000
prefix_lane_compact_p95_ms: 0.513
prefix_lane_overhead_mean_ms: 0.739
prefix_lane_overhead_p50_ms: 0.641
prefix_lane_overhead_p95_ms: 1.159
ae_step_mean_ms: 45.635
ae_step_p50_ms: 47.636
ae_effective_batch_mean: 7.864
vlm_effective_batch_mean: 7.510
policy_effective_batch_mean: null
batch_wait_mean_ms: null
batch_wait_p50_ms: null
batch_wait_p95_ms: null
effective_batch_mean: 7.864
effective_batch_p50: 8.000
effective_batch_p95: 9.600
effective_batch_p99: 9.600
effective_batch_max: 9.600
inflight_peak: 32
gpu_sm_util_mean: 86.550
gpu_mem_bw_util_mean: 31.675
