[2026-07-24 18:02:39.193 Other 161678] Startup
[2026-07-24 18:02:39.193 Other 161678] Connecting to control daemon on socket: /data1/gaobowen/tianze/logs/V-A/sm0-0/r32_ours/mps-pipe/control
[2026-07-24 18:02:39.193 Other 161678] Initializing server process
[2026-07-24 18:02:39.440 Server 161678] Creating server context on device 0 (NVIDIA A800-SXM4-80GB)
[2026-07-24 18:02:39.519 Server 161678] Created anonymous shared memory region mps.shm.1003.161678
[2026-07-24 18:02:39.519 Server 161678] CUDA MPS Server for Linux/Unix. Binary version: 13000
[2026-07-24 18:02:39.519 Server 161678] Display Driver version: 580
[2026-07-24 18:02:39.519 Server 161678] Active Threads Percentage set to 100.0
[2026-07-24 18:02:39.519 Server 161678] Server Priority set to 0
[2026-07-24 18:02:39.519 Server 161678] Server has started
[2026-07-24 18:02:39.519 Server 161678] Received new client request for {PID: 0, Context ID: 0}
[2026-07-24 18:02:39.519 Server 161678] Client {PID: 161579, Context ID: 0} connected
[2026-07-24 18:02:39.519 Server 161678] Creating worker thread for client {PID: 161579, Context ID: 0}
[2026-07-24 18:02:46.286 Server 161678] Received new client request for {PID: 161579, Context ID: 0}
[2026-07-24 18:02:46.286 Server 161678] Client {PID: 161791, Context ID: 0} connected
[2026-07-24 18:02:46.286 Server 161678] Creating worker thread for client {PID: 161791, Context ID: 0}
[2026-07-24 18:02:46.296 Server 161678] Received new client request for {PID: 161791, Context ID: 0}
[2026-07-24 18:02:46.296 Server 161678] Client {PID: 161790, Context ID: 0} connected
[2026-07-24 18:02:46.296 Server 161678] Creating worker thread for client {PID: 161790, Context ID: 0}
[2026-07-24 18:03:39.586 Server 161678] Received new client request for {PID: 161790, Context ID: 0}
[2026-07-24 18:03:39.623 Server 161678] Client {PID: 161791, Context ID: 1} connected
[2026-07-24 18:03:39.623 Server 161678] Creating worker thread for client {PID: 161791, Context ID: 1}
[2026-07-24 18:03:39.623 Server 161678] Device NVIDIA A800-SXM4-80GB (uuid GPU-bc6f6460-c6ce-5737-1d7c-e745c8771862) is associated
[2026-07-24 18:03:39.623 Server 161678] Status of client {PID: 161791, Context ID: 1} is ACTIVE
[2026-07-24 18:03:41.604 Server 161678] Received new client request for {PID: 161791, Context ID: 1}
[2026-07-24 18:03:41.631 Server 161678] Client {PID: 161790, Context ID: 1} connected
[2026-07-24 18:03:41.631 Server 161678] Creating worker thread for client {PID: 161790, Context ID: 1}
[2026-07-24 18:03:41.631 Server 161678] Device NVIDIA A800-SXM4-80GB (uuid GPU-bc6f6460-c6ce-5737-1d7c-e745c8771862) is associated
[2026-07-24 18:03:41.631 Server 161678] Status of client {PID: 161790, Context ID: 1} is ACTIVE
[2026-07-24 18:03:53.854 Server 161678] Server failed to recevie command with status 806, assuming client {PID: 161791, Context ID: 1} exit
[2026-07-24 18:03:53.854 Server 161678] Client {PID: 161791, Context ID: 1} exiting. Number of active client contexts is 1.
[2026-07-24 18:03:53.881 Server 161678] Server failed to recevie command with status 806, assuming client {PID: 161790, Context ID: 1} exit
[2026-07-24 18:03:53.881 Server 161678] Client {PID: 161790, Context ID: 1} exiting. Number of active client contexts is 0.
[2026-07-24 18:03:53.923 Server 161678] Server failed to recevie command with status 806, assuming client {PID: 161791, Context ID: 0} exit
[2026-07-24 18:03:53.923 Server 161678] Client process 161791 disconnected
[2026-07-24 18:03:54.010 Server 161678] Server failed to recevie command with status 806, assuming client {PID: 161790, Context ID: 0} exit
[2026-07-24 18:03:54.010 Server 161678] Client process 161790 disconnected
[2026-07-24 18:03:55.335 Server 161678] Server failed to recevie command with status 806, assuming client {PID: 161579, Context ID: 0} exit
[2026-07-24 18:03:55.335 Server 161678] Client process 161579 disconnected
[2026-07-24 18:03:55.364 Server 161678] Server has been notified to shutdown
[2026-07-24 18:03:55.364 Server 161678] Waiting for current clients to finish
[2026-07-24 18:03:55.364 Server 161678] Exiting
