[2026-07-24 19:21:05.974 Control 215325] Starting control daemon using socket /data1/gaobowen/tianze/logs/V-A/sm0-0-4/r8_ours/mps-pipe/control
[2026-07-24 19:21:05.974 Control 215325] To connect CUDA applications to this daemon, set env CUDA_MPS_PIPE_DIRECTORY=/data1/gaobowen/tianze/logs/V-A/sm0-0-4/r8_ours/mps-pipe
[2026-07-24 19:21:05.974 Control 215325] CUDA MPS Control binary version: 13000
[2026-07-24 19:21:09.684 Control 215325] Accepting connection...
[2026-07-24 19:21:09.684 Control 215325] User did not send valid credentials
[2026-07-24 19:21:09.684 Control 215325] Accepting connection...
[2026-07-24 19:21:09.684 Control 215325] NEW CLIENT 215330 from user 1003: Server is not ready, push client to pending list
[2026-07-24 19:21:09.684 Control 215425] Starting new server 215425 for user 1003
[2026-07-24 19:21:09.724 Control 215325] Accepting connection...
[2026-07-24 19:21:10.025 Control 215325] NEW SERVER 215425: Ready
[2026-07-24 19:21:16.770 Control 215325] Accepting connection...
[2026-07-24 19:21:16.770 Control 215325] User did not send valid credentials
[2026-07-24 19:21:16.770 Control 215325] Accepting connection...
[2026-07-24 19:21:16.770 Control 215325] NEW CLIENT 215526 from user 1003: Server already exists
[2026-07-24 19:21:16.794 Control 215325] Accepting connection...
[2026-07-24 19:21:16.794 Control 215325] User did not send valid credentials
[2026-07-24 19:21:16.794 Control 215325] Accepting connection...
[2026-07-24 19:21:16.794 Control 215325] NEW CLIENT 215525 from user 1003: Server already exists
[2026-07-24 19:22:09.367 Control 215325] Accepting connection...
[2026-07-24 19:22:09.367 Control 215325] NEW CLIENT 215526 from user 1003: Server already exists
[2026-07-24 19:22:11.650 Control 215325] Accepting connection...
[2026-07-24 19:22:11.650 Control 215325] NEW CLIENT 215525 from user 1003: Server already exists
[2026-07-24 19:22:45.563 Control 215325] Accepting connection...
[2026-07-24 19:22:45.563 Control 215325] NEW UI
[2026-07-24 19:22:45.563 Control 215325] Cmd:quit
[2026-07-24 19:22:45.563 Control 215325] Try shutting down server 215425, backoff is disabled
[2026-07-24 19:22:45.609 Control 215325] Server 215425 exited with status 0
[2026-07-24 19:22:45.609 Control 215325] Exit with status 0
