/data1/gaobowen/RLinf/.venv-libero-openpi/lib/python3.11/site-packages/transformers/utils/hub.py:111: FutureWarning: Using `TRANSFORMERS_CACHE` is deprecated and will be removed in v5 of Transformers. Use `HF_HOME` instead.
  warnings.warn(
WARNING: All log messages before absl::InitializeLog() is called are written to STDERR
I0000 00:00:1784892070.849346  215330 port.cc:153] oneDNN custom operations are on. You may see slightly different numerical results due to floating-point round-off errors from different computation orders. To turn them off, set the environment variable `TF_ENABLE_ONEDNN_OPTS=0`.
WARNING: All log messages before absl::InitializeLog() is called are written to STDERR
I0000 00:00:1784892072.033171  215330 port.cc:153] oneDNN custom operations are on. You may see slightly different numerical results due to floating-point round-off errors from different computation orders. To turn them off, set the environment variable `TF_ENABLE_ONEDNN_OPTS=0`.
/data1/gaobowen/RLinf/.venv-libero-openpi/lib/python3.11/site-packages/transformers/utils/hub.py:111: FutureWarning: Using `TRANSFORMERS_CACHE` is deprecated and will be removed in v5 of Transformers. Use `HF_HOME` instead.
  warnings.warn(
/data1/gaobowen/RLinf/.venv-libero-openpi/lib/python3.11/site-packages/transformers/utils/hub.py:111: FutureWarning: Using `TRANSFORMERS_CACHE` is deprecated and will be removed in v5 of Transformers. Use `HF_HOME` instead.
  warnings.warn(
WARNING: All log messages before absl::InitializeLog() is called are written to STDERR
I0000 00:00:1784892077.822285  215526 port.cc:153] oneDNN custom operations are on. You may see slightly different numerical results due to floating-point round-off errors from different computation orders. To turn them off, set the environment variable `TF_ENABLE_ONEDNN_OPTS=0`.
WARNING: All log messages before absl::InitializeLog() is called are written to STDERR
I0000 00:00:1784892077.898637  215525 port.cc:153] oneDNN custom operations are on. You may see slightly different numerical results due to floating-point round-off errors from different computation orders. To turn them off, set the environment variable `TF_ENABLE_ONEDNN_OPTS=0`.
WARNING: All log messages before absl::InitializeLog() is called are written to STDERR
I0000 00:00:1784892078.843947  215526 port.cc:153] oneDNN custom operations are on. You may see slightly different numerical results due to floating-point round-off errors from different computation orders. To turn them off, set the environment variable `TF_ENABLE_ONEDNN_OPTS=0`.
WARNING: All log messages before absl::InitializeLog() is called are written to STDERR
I0000 00:00:1784892078.926837  215525 port.cc:153] oneDNN custom operations are on. You may see slightly different numerical results due to floating-point round-off errors from different computation orders. To turn them off, set the environment variable `TF_ENABLE_ONEDNN_OPTS=0`.
target_request_rate_hz: 8.000
target_requests_per_second: 8.000
realized_offered_requests_per_second: 7.106
throughput_requests_per_second: 7.062
slo_ms: 200.000
slo_good_requests: 91
slo_goodput_requests_per_second: 3.233
num_requests: 200
completed_requests: 200
failed_requests: 0
timeout_requests: 0
submit_lateness_mean_ms: 0.747
submit_lateness_p50_ms: 0.700
submit_lateness_p95_ms: 1.629
action_latency_mean_ms: 217.771
action_latency_p50_ms: 203.143
action_latency_p95_ms: 302.326
action_latency_p99_ms: 334.106
end_to_end_latency_mean_ms: 218.518
end_to_end_latency_p50_ms: 203.563
end_to_end_latency_p95_ms: 302.477
vlm_prefix_forward_mean_ms: 79.421
vlm_prefix_forward_p50_ms: 72.167
baseline_vlm_latency_mean_ms: null
baseline_vlm_latency_p50_ms: null
baseline_vlm_latency_p95_ms: null
baseline_ae_latency_mean_ms: null
baseline_ae_latency_p50_ms: null
baseline_ae_latency_p95_ms: null
baseline_ae_step_latency_mean_ms: null
baseline_ae_step_latency_p50_ms: null
baseline_ae_step_latency_p95_ms: null
baseline_ae_steps_mean: null
baseline_effective_batch_mean: null
infer_queue_wait_mean_ms: 0.086
infer_queue_wait_p50_ms: 0.053
infer_queue_wait_p95_ms: 0.180
vlm_request_queue_wait_mean_ms: 17.412
vlm_request_queue_wait_p50_ms: 1.119
vlm_request_queue_wait_p95_ms: 72.486
vlm_request_transfer_mean_ms: 4.358
vlm_request_transfer_p50_ms: 2.388
vlm_request_transfer_p95_ms: 11.133
vlm_queue_wait_mean_ms: 2.317
vlm_queue_wait_p50_ms: 2.200
vlm_queue_wait_p95_ms: 4.760
prefix_queue_wait_mean_ms: 5.844
prefix_queue_wait_p50_ms: 2.116
prefix_queue_wait_p95_ms: 19.732
prefix_transfer_mean_ms: 62.156
prefix_transfer_p50_ms: 9.709
prefix_transfer_p95_ms: 288.327
prefix_admit_wait_mean_ms: 0.057
prefix_admit_wait_p50_ms: 0.054
prefix_admit_wait_p95_ms: 0.065
ae_result_queue_wait_mean_ms: 0.061
ae_result_queue_wait_p50_ms: 0.000
ae_result_queue_wait_p95_ms: 0.496
ae_result_transfer_mean_ms: 142.190
ae_result_transfer_p50_ms: 103.493
ae_result_transfer_p95_ms: 406.064
va_split_transfer_mean_ms: 208.705
va_split_transfer_p50_ms: 111.223
va_split_transfer_p95_ms: 697.667
va_split_queue_wait_mean_ms: 25.692
va_split_queue_wait_p50_ms: 10.807
va_split_queue_wait_p95_ms: 87.950
prefix_lane_ingest_mean_ms: 0.643
prefix_lane_ingest_p50_ms: 0.623
prefix_lane_ingest_p95_ms: 0.695
prefix_lane_compact_mean_ms: 0.215
prefix_lane_compact_p50_ms: 0.000
prefix_lane_compact_p95_ms: 0.732
prefix_lane_overhead_mean_ms: 0.858
prefix_lane_overhead_p50_ms: 0.628
prefix_lane_overhead_p95_ms: 1.390
ae_step_mean_ms: 19.693
ae_step_p50_ms: 19.169
ae_effective_batch_mean: 1.486
vlm_effective_batch_mean: 1.230
policy_effective_batch_mean: null
batch_wait_mean_ms: null
batch_wait_p50_ms: null
batch_wait_p95_ms: null
effective_batch_mean: 1.486
effective_batch_p50: 1.200
effective_batch_p95: 2.800
effective_batch_p99: 3.200
effective_batch_max: 3.200
inflight_peak: 6
gpu_sm_util_mean: 42.697
gpu_mem_bw_util_mean: 9.859
