[2026-07-24 19:22:46.049 Control 216666] Starting control daemon using socket /data1/gaobowen/tianze/logs/V-A/sm0-0-4/r16_ours/mps-pipe/control
[2026-07-24 19:22:46.050 Control 216666] To connect CUDA applications to this daemon, set env CUDA_MPS_PIPE_DIRECTORY=/data1/gaobowen/tianze/logs/V-A/sm0-0-4/r16_ours/mps-pipe
[2026-07-24 19:22:46.050 Control 216666] CUDA MPS Control binary version: 13000
[2026-07-24 19:22:49.771 Control 216666] Accepting connection...
[2026-07-24 19:22:49.771 Control 216666] User did not send valid credentials
[2026-07-24 19:22:49.771 Control 216666] Accepting connection...
[2026-07-24 19:22:49.771 Control 216666] NEW CLIENT 216671 from user 1003: Server is not ready, push client to pending list
[2026-07-24 19:22:49.771 Control 216767] Starting new server 216767 for user 1003
[2026-07-24 19:22:49.797 Control 216666] Accepting connection...
[2026-07-24 19:22:50.104 Control 216666] NEW SERVER 216767: Ready
[2026-07-24 19:22:56.846 Control 216666] Accepting connection...
[2026-07-24 19:22:56.846 Control 216666] User did not send valid credentials
[2026-07-24 19:22:56.846 Control 216666] Accepting connection...
[2026-07-24 19:22:56.846 Control 216666] NEW CLIENT 216864 from user 1003: Server already exists
[2026-07-24 19:22:56.853 Control 216666] Accepting connection...
[2026-07-24 19:22:56.854 Control 216666] User did not send valid credentials
[2026-07-24 19:22:56.854 Control 216666] Accepting connection...
[2026-07-24 19:22:56.854 Control 216666] NEW CLIENT 216863 from user 1003: Server already exists
[2026-07-24 19:23:49.454 Control 216666] Accepting connection...
[2026-07-24 19:23:49.454 Control 216666] NEW CLIENT 216863 from user 1003: Server already exists
[2026-07-24 19:23:49.735 Control 216666] Accepting connection...
[2026-07-24 19:23:49.735 Control 216666] NEW CLIENT 216864 from user 1003: Server already exists
[2026-07-24 19:24:10.183 Control 216666] Accepting connection...
[2026-07-24 19:24:10.183 Control 216666] NEW UI
[2026-07-24 19:24:10.183 Control 216666] Cmd:quit
[2026-07-24 19:24:10.183 Control 216666] Try shutting down server 216767, backoff is disabled
[2026-07-24 19:24:10.230 Control 216666] Server 216767 exited with status 0
[2026-07-24 19:24:10.231 Control 216666] Exit with status 0
