/data1/gaobowen/RLinf/.venv-libero-openpi/lib/python3.11/site-packages/transformers/utils/hub.py:111: FutureWarning: Using `TRANSFORMERS_CACHE` is deprecated and will be removed in v5 of Transformers. Use `HF_HOME` instead.
  warnings.warn(
WARNING: All log messages before absl::InitializeLog() is called are written to STDERR
I0000 00:00:1784892170.926562  216671 port.cc:153] oneDNN custom operations are on. You may see slightly different numerical results due to floating-point round-off errors from different computation orders. To turn them off, set the environment variable `TF_ENABLE_ONEDNN_OPTS=0`.
WARNING: All log messages before absl::InitializeLog() is called are written to STDERR
I0000 00:00:1784892172.143981  216671 port.cc:153] oneDNN custom operations are on. You may see slightly different numerical results due to floating-point round-off errors from different computation orders. To turn them off, set the environment variable `TF_ENABLE_ONEDNN_OPTS=0`.
/data1/gaobowen/RLinf/.venv-libero-openpi/lib/python3.11/site-packages/transformers/utils/hub.py:111: FutureWarning: Using `TRANSFORMERS_CACHE` is deprecated and will be removed in v5 of Transformers. Use `HF_HOME` instead.
  warnings.warn(
/data1/gaobowen/RLinf/.venv-libero-openpi/lib/python3.11/site-packages/transformers/utils/hub.py:111: FutureWarning: Using `TRANSFORMERS_CACHE` is deprecated and will be removed in v5 of Transformers. Use `HF_HOME` instead.
  warnings.warn(
WARNING: All log messages before absl::InitializeLog() is called are written to STDERR
WARNING: All log messages before absl::InitializeLog() is called are written to STDERR
I0000 00:00:1784892177.949700  216864 port.cc:153] oneDNN custom operations are on. You may see slightly different numerical results due to floating-point round-off errors from different computation orders. To turn them off, set the environment variable `TF_ENABLE_ONEDNN_OPTS=0`.
I0000 00:00:1784892177.949701  216863 port.cc:153] oneDNN custom operations are on. You may see slightly different numerical results due to floating-point round-off errors from different computation orders. To turn them off, set the environment variable `TF_ENABLE_ONEDNN_OPTS=0`.
WARNING: All log messages before absl::InitializeLog() is called are written to STDERR
WARNING: All log messages before absl::InitializeLog() is called are written to STDERR
I0000 00:00:1784892178.966566  216864 port.cc:153] oneDNN custom operations are on. You may see slightly different numerical results due to floating-point round-off errors from different computation orders. To turn them off, set the environment variable `TF_ENABLE_ONEDNN_OPTS=0`.
I0000 00:00:1784892178.966565  216863 port.cc:153] oneDNN custom operations are on. You may see slightly different numerical results due to floating-point round-off errors from different computation orders. To turn them off, set the environment variable `TF_ENABLE_ONEDNN_OPTS=0`.
target_request_rate_hz: 16.000
target_requests_per_second: 16.000
realized_offered_requests_per_second: 14.212
throughput_requests_per_second: 13.967
slo_ms: 200.000
slo_good_requests: 21
slo_goodput_requests_per_second: 1.492
num_requests: 200
completed_requests: 200
failed_requests: 0
timeout_requests: 0
submit_lateness_mean_ms: 0.750
submit_lateness_p50_ms: 0.681
submit_lateness_p95_ms: 1.938
action_latency_mean_ms: 293.417
action_latency_p50_ms: 287.272
action_latency_p95_ms: 442.302
action_latency_p99_ms: 496.336
end_to_end_latency_mean_ms: 294.167
end_to_end_latency_p50_ms: 288.070
end_to_end_latency_p95_ms: 442.818
vlm_prefix_forward_mean_ms: 100.878
vlm_prefix_forward_p50_ms: 97.478
baseline_vlm_latency_mean_ms: null
baseline_vlm_latency_p50_ms: null
baseline_vlm_latency_p95_ms: null
baseline_ae_latency_mean_ms: null
baseline_ae_latency_p50_ms: null
baseline_ae_latency_p95_ms: null
baseline_ae_step_latency_mean_ms: null
baseline_ae_step_latency_p50_ms: null
baseline_ae_step_latency_p95_ms: null
baseline_ae_steps_mean: null
baseline_effective_batch_mean: null
infer_queue_wait_mean_ms: 0.066
infer_queue_wait_p50_ms: 0.048
infer_queue_wait_p95_ms: 0.165
vlm_request_queue_wait_mean_ms: 38.301
vlm_request_queue_wait_p50_ms: 37.124
vlm_request_queue_wait_p95_ms: 93.823
vlm_request_transfer_mean_ms: 2.575
vlm_request_transfer_p50_ms: 1.395
vlm_request_transfer_p95_ms: 10.119
vlm_queue_wait_mean_ms: 2.749
vlm_queue_wait_p50_ms: 2.088
vlm_queue_wait_p95_ms: 5.399
prefix_queue_wait_mean_ms: 10.384
prefix_queue_wait_p50_ms: 7.154
prefix_queue_wait_p95_ms: 25.347
prefix_transfer_mean_ms: 12.305
prefix_transfer_p50_ms: 2.222
prefix_transfer_p95_ms: 66.855
prefix_admit_wait_mean_ms: 0.057
prefix_admit_wait_p50_ms: 0.055
prefix_admit_wait_p95_ms: 0.063
ae_result_queue_wait_mean_ms: 0.306
ae_result_queue_wait_p50_ms: 0.000
ae_result_queue_wait_p95_ms: 1.147
ae_result_transfer_mean_ms: 71.976
ae_result_transfer_p50_ms: 77.767
ae_result_transfer_p95_ms: 198.757
va_split_transfer_mean_ms: 86.856
va_split_transfer_p50_ms: 84.343
va_split_transfer_p95_ms: 259.569
va_split_queue_wait_mean_ms: 51.798
va_split_queue_wait_p50_ms: 51.364
va_split_queue_wait_p95_ms: 107.907
prefix_lane_ingest_mean_ms: 0.637
prefix_lane_ingest_p50_ms: 0.623
prefix_lane_ingest_p95_ms: 0.746
prefix_lane_compact_mean_ms: 0.473
prefix_lane_compact_p50_ms: 0.499
prefix_lane_compact_p95_ms: 1.477
prefix_lane_overhead_mean_ms: 1.110
prefix_lane_overhead_p50_ms: 1.117
prefix_lane_overhead_p95_ms: 2.115
ae_step_mean_ms: 23.484
ae_step_p50_ms: 21.760
ae_effective_batch_mean: 2.854
vlm_effective_batch_mean: 2.090
policy_effective_batch_mean: null
batch_wait_mean_ms: null
batch_wait_p50_ms: null
batch_wait_p95_ms: null
effective_batch_mean: 2.854
effective_batch_p50: 2.600
effective_batch_p95: 6.800
effective_batch_p99: 7.000
effective_batch_max: 7.000
inflight_peak: 12
gpu_sm_util_mean: 65.972
gpu_mem_bw_util_mean: 18.611
