[2026-07-24 19:22:49.797 Other 216767] Startup
[2026-07-24 19:22:49.797 Other 216767] Connecting to control daemon on socket: /data1/gaobowen/tianze/logs/V-A/sm0-0-4/r16_ours/mps-pipe/control
[2026-07-24 19:22:49.797 Other 216767] Initializing server process
[2026-07-24 19:22:50.024 Server 216767] Creating server context on device 0 (NVIDIA A800-SXM4-80GB)
[2026-07-24 19:22:50.103 Server 216767] Created anonymous shared memory region mps.shm.1003.216767
[2026-07-24 19:22:50.104 Server 216767] CUDA MPS Server for Linux/Unix. Binary version: 13000
[2026-07-24 19:22:50.104 Server 216767] Display Driver version: 580
[2026-07-24 19:22:50.104 Server 216767] Active Threads Percentage set to 100.0
[2026-07-24 19:22:50.104 Server 216767] Server Priority set to 0
[2026-07-24 19:22:50.104 Server 216767] Server has started
[2026-07-24 19:22:50.104 Server 216767] Received new client request for {PID: 0, Context ID: 0}
[2026-07-24 19:22:50.104 Server 216767] Client {PID: 216671, Context ID: 0} connected
[2026-07-24 19:22:50.104 Server 216767] Creating worker thread for client {PID: 216671, Context ID: 0}
[2026-07-24 19:22:56.846 Server 216767] Received new client request for {PID: 216671, Context ID: 0}
[2026-07-24 19:22:56.846 Server 216767] Client {PID: 216864, Context ID: 0} connected
[2026-07-24 19:22:56.846 Server 216767] Creating worker thread for client {PID: 216864, Context ID: 0}
[2026-07-24 19:22:56.854 Server 216767] Received new client request for {PID: 216864, Context ID: 0}
[2026-07-24 19:22:56.854 Server 216767] Client {PID: 216863, Context ID: 0} connected
[2026-07-24 19:22:56.854 Server 216767] Creating worker thread for client {PID: 216863, Context ID: 0}
[2026-07-24 19:23:49.455 Server 216767] Received new client request for {PID: 216863, Context ID: 0}
[2026-07-24 19:23:49.455 Server 216767] Client {PID: 216863, Context ID: 1} connected
[2026-07-24 19:23:49.455 Server 216767] Creating worker thread for client {PID: 216863, Context ID: 1}
[2026-07-24 19:23:49.455 Server 216767] Device NVIDIA A800-SXM4-80GB (uuid GPU-bc6f6460-c6ce-5737-1d7c-e745c8771862) is associated
[2026-07-24 19:23:49.455 Server 216767] Status of client {PID: 216863, Context ID: 1} is ACTIVE
[2026-07-24 19:23:49.735 Server 216767] Received new client request for {PID: 216863, Context ID: 1}
[2026-07-24 19:23:49.735 Server 216767] Client {PID: 216864, Context ID: 1} connected
[2026-07-24 19:23:49.735 Server 216767] Creating worker thread for client {PID: 216864, Context ID: 1}
[2026-07-24 19:23:49.735 Server 216767] Device NVIDIA A800-SXM4-80GB (uuid GPU-bc6f6460-c6ce-5737-1d7c-e745c8771862) is associated
[2026-07-24 19:23:49.735 Server 216767] Status of client {PID: 216864, Context ID: 1} is ACTIVE
[2026-07-24 19:24:08.619 Server 216767] Server failed to recevie command with status 806, assuming client {PID: 216863, Context ID: 1} exit
[2026-07-24 19:24:08.619 Server 216767] Client {PID: 216863, Context ID: 1} exiting. Number of active client contexts is 1.
[2026-07-24 19:24:08.651 Server 216767] Server failed to recevie command with status 806, assuming client {PID: 216863, Context ID: 0} exit
[2026-07-24 19:24:08.652 Server 216767] Client process 216863 disconnected
[2026-07-24 19:24:08.652 Server 216767] Server failed to recevie command with status 806, assuming client {PID: 216864, Context ID: 1} exit
[2026-07-24 19:24:08.652 Server 216767] Client {PID: 216864, Context ID: 1} exiting. Number of active client contexts is 0.
[2026-07-24 19:24:08.754 Server 216767] Server failed to recevie command with status 806, assuming client {PID: 216864, Context ID: 0} exit
[2026-07-24 19:24:08.754 Server 216767] Client process 216864 disconnected
[2026-07-24 19:24:10.152 Server 216767] Server failed to recevie command with status 806, assuming client {PID: 216671, Context ID: 0} exit
[2026-07-24 19:24:10.152 Server 216767] Client process 216671 disconnected
[2026-07-24 19:24:10.184 Server 216767] Server has been notified to shutdown
[2026-07-24 19:24:10.184 Server 216767] Waiting for current clients to finish
[2026-07-24 19:24:10.184 Server 216767] Exiting
