[2026-07-24 18:40:47.795 Control 192115] Starting control daemon using socket /data1/gaobowen/tianze/logs/V-A/sm0-0-new/r16_ours/mps-pipe/control
[2026-07-24 18:40:47.795 Control 192115] To connect CUDA applications to this daemon, set env CUDA_MPS_PIPE_DIRECTORY=/data1/gaobowen/tianze/logs/V-A/sm0-0-new/r16_ours/mps-pipe
[2026-07-24 18:40:47.795 Control 192115] CUDA MPS Control binary version: 13000
[2026-07-24 18:40:51.537 Control 192115] Accepting connection...
[2026-07-24 18:40:51.537 Control 192115] User did not send valid credentials
[2026-07-24 18:40:51.537 Control 192115] Accepting connection...
[2026-07-24 18:40:51.537 Control 192115] NEW CLIENT 192120 from user 1003: Server is not ready, push client to pending list
[2026-07-24 18:40:51.537 Control 192222] Starting new server 192222 for user 1003
[2026-07-24 18:40:51.557 Control 192115] Accepting connection...
[2026-07-24 18:40:51.863 Control 192115] NEW SERVER 192222: Ready
[2026-07-24 18:40:58.598 Control 192115] Accepting connection...
[2026-07-24 18:40:58.598 Control 192115] User did not send valid credentials
[2026-07-24 18:40:58.598 Control 192115] Accepting connection...
[2026-07-24 18:40:58.598 Control 192115] NEW CLIENT 192332 from user 1003: Server already exists
[2026-07-24 18:40:58.635 Control 192115] Accepting connection...
[2026-07-24 18:40:58.635 Control 192115] User did not send valid credentials
[2026-07-24 18:40:58.635 Control 192115] Accepting connection...
[2026-07-24 18:40:58.635 Control 192115] NEW CLIENT 192333 from user 1003: Server already exists
[2026-07-24 18:41:53.426 Control 192115] Accepting connection...
[2026-07-24 18:41:53.426 Control 192115] NEW CLIENT 192332 from user 1003: Server already exists
[2026-07-24 18:41:54.221 Control 192115] Accepting connection...
[2026-07-24 18:41:54.221 Control 192115] NEW CLIENT 192333 from user 1003: Server already exists
[2026-07-24 18:42:14.112 Control 192115] Accepting connection...
[2026-07-24 18:42:14.112 Control 192115] NEW UI
[2026-07-24 18:42:14.112 Control 192115] Cmd:quit
[2026-07-24 18:42:14.112 Control 192115] Try shutting down server 192222, backoff is disabled
[2026-07-24 18:42:14.161 Control 192115] Server 192222 exited with status 0
[2026-07-24 18:42:14.161 Control 192115] Exit with status 0
