/data1/gaobowen/RLinf/.venv-libero-openpi/lib/python3.11/site-packages/transformers/utils/hub.py:111: FutureWarning: Using `TRANSFORMERS_CACHE` is deprecated and will be removed in v5 of Transformers. Use `HF_HOME` instead.
  warnings.warn(
WARNING: All log messages before absl::InitializeLog() is called are written to STDERR
I0000 00:00:1784889652.690792  192120 port.cc:153] oneDNN custom operations are on. You may see slightly different numerical results due to floating-point round-off errors from different computation orders. To turn them off, set the environment variable `TF_ENABLE_ONEDNN_OPTS=0`.
WARNING: All log messages before absl::InitializeLog() is called are written to STDERR
I0000 00:00:1784889653.896357  192120 port.cc:153] oneDNN custom operations are on. You may see slightly different numerical results due to floating-point round-off errors from different computation orders. To turn them off, set the environment variable `TF_ENABLE_ONEDNN_OPTS=0`.
/data1/gaobowen/RLinf/.venv-libero-openpi/lib/python3.11/site-packages/transformers/utils/hub.py:111: FutureWarning: Using `TRANSFORMERS_CACHE` is deprecated and will be removed in v5 of Transformers. Use `HF_HOME` instead.
  warnings.warn(
/data1/gaobowen/RLinf/.venv-libero-openpi/lib/python3.11/site-packages/transformers/utils/hub.py:111: FutureWarning: Using `TRANSFORMERS_CACHE` is deprecated and will be removed in v5 of Transformers. Use `HF_HOME` instead.
  warnings.warn(
WARNING: All log messages before absl::InitializeLog() is called are written to STDERR
WARNING: All log messages before absl::InitializeLog() is called are written to STDERR
I0000 00:00:1784889659.739591  192333 port.cc:153] oneDNN custom operations are on. You may see slightly different numerical results due to floating-point round-off errors from different computation orders. To turn them off, set the environment variable `TF_ENABLE_ONEDNN_OPTS=0`.
I0000 00:00:1784889659.739593  192332 port.cc:153] oneDNN custom operations are on. You may see slightly different numerical results due to floating-point round-off errors from different computation orders. To turn them off, set the environment variable `TF_ENABLE_ONEDNN_OPTS=0`.
WARNING: All log messages before absl::InitializeLog() is called are written to STDERR
I0000 00:00:1784889660.760355  192332 port.cc:153] oneDNN custom operations are on. You may see slightly different numerical results due to floating-point round-off errors from different computation orders. To turn them off, set the environment variable `TF_ENABLE_ONEDNN_OPTS=0`.
WARNING: All log messages before absl::InitializeLog() is called are written to STDERR
I0000 00:00:1784889660.766872  192333 port.cc:153] oneDNN custom operations are on. You may see slightly different numerical results due to floating-point round-off errors from different computation orders. To turn them off, set the environment variable `TF_ENABLE_ONEDNN_OPTS=0`.
target_request_rate_hz: 16.000
target_requests_per_second: 16.000
realized_offered_requests_per_second: 14.212
throughput_requests_per_second: 13.951
slo_ms: 200.000
slo_good_requests: 28
slo_goodput_requests_per_second: 1.990
num_requests: 200
completed_requests: 200
failed_requests: 0
timeout_requests: 0
submit_lateness_mean_ms: 0.671
submit_lateness_p50_ms: 0.622
submit_lateness_p95_ms: 1.479
action_latency_mean_ms: 286.799
action_latency_p50_ms: 272.703
action_latency_p95_ms: 439.762
action_latency_p99_ms: 491.384
end_to_end_latency_mean_ms: 287.469
end_to_end_latency_p50_ms: 273.486
end_to_end_latency_p95_ms: 440.738
vlm_prefix_forward_mean_ms: 99.530
vlm_prefix_forward_p50_ms: 96.007
baseline_vlm_latency_mean_ms: null
baseline_vlm_latency_p50_ms: null
baseline_vlm_latency_p95_ms: null
baseline_ae_latency_mean_ms: null
baseline_ae_latency_p50_ms: null
baseline_ae_latency_p95_ms: null
baseline_ae_step_latency_mean_ms: null
baseline_ae_step_latency_p50_ms: null
baseline_ae_step_latency_p95_ms: null
baseline_ae_steps_mean: null
baseline_effective_batch_mean: null
infer_queue_wait_mean_ms: 0.063
infer_queue_wait_p50_ms: 0.044
infer_queue_wait_p95_ms: 0.152
vlm_request_queue_wait_mean_ms: 36.020
vlm_request_queue_wait_p50_ms: 32.844
vlm_request_queue_wait_p95_ms: 87.623
vlm_request_transfer_mean_ms: 2.679
vlm_request_transfer_p50_ms: 1.802
vlm_request_transfer_p95_ms: 9.294
vlm_queue_wait_mean_ms: 2.948
vlm_queue_wait_p50_ms: 2.089
vlm_queue_wait_p95_ms: 6.809
prefix_queue_wait_mean_ms: 10.098
prefix_queue_wait_p50_ms: 6.716
prefix_queue_wait_p95_ms: 26.174
prefix_transfer_mean_ms: 12.851
prefix_transfer_p50_ms: 2.241
prefix_transfer_p95_ms: 68.186
prefix_admit_wait_mean_ms: 0.056
prefix_admit_wait_p50_ms: 0.055
prefix_admit_wait_p95_ms: 0.064
ae_result_queue_wait_mean_ms: 0.287
ae_result_queue_wait_p50_ms: 0.000
ae_result_queue_wait_p95_ms: 1.111
ae_result_transfer_mean_ms: 72.059
ae_result_transfer_p50_ms: 74.736
ae_result_transfer_p95_ms: 198.881
va_split_transfer_mean_ms: 87.590
va_split_transfer_p50_ms: 79.274
va_split_transfer_p95_ms: 267.188
va_split_queue_wait_mean_ms: 49.409
va_split_queue_wait_p50_ms: 51.575
va_split_queue_wait_p95_ms: 102.288
prefix_lane_ingest_mean_ms: 0.639
prefix_lane_ingest_p50_ms: 0.626
prefix_lane_ingest_p95_ms: 0.799
prefix_lane_compact_mean_ms: 0.470
prefix_lane_compact_p50_ms: 0.504
prefix_lane_compact_p95_ms: 1.488
prefix_lane_overhead_mean_ms: 1.109
prefix_lane_overhead_p50_ms: 1.126
prefix_lane_overhead_p95_ms: 2.294
ae_step_mean_ms: 23.084
ae_step_p50_ms: 21.040
ae_effective_batch_mean: 2.806
vlm_effective_batch_mean: 2.070
policy_effective_batch_mean: null
batch_wait_mean_ms: null
batch_wait_p50_ms: null
batch_wait_p95_ms: null
effective_batch_mean: 2.806
effective_batch_p50: 2.600
effective_batch_p95: 6.800
effective_batch_p99: 7.000
effective_batch_max: 7.000
inflight_peak: 14
gpu_sm_util_mean: 67.028
gpu_mem_bw_util_mean: 18.722
