[2026-07-24 18:40:51.557 Other 192222] Startup
[2026-07-24 18:40:51.557 Other 192222] Connecting to control daemon on socket: /data1/gaobowen/tianze/logs/V-A/sm0-0-new/r16_ours/mps-pipe/control
[2026-07-24 18:40:51.557 Other 192222] Initializing server process
[2026-07-24 18:40:51.792 Server 192222] Creating server context on device 0 (NVIDIA A800-SXM4-80GB)
[2026-07-24 18:40:51.863 Server 192222] Created anonymous shared memory region mps.shm.1003.192222
[2026-07-24 18:40:51.863 Server 192222] CUDA MPS Server for Linux/Unix. Binary version: 13000
[2026-07-24 18:40:51.863 Server 192222] Display Driver version: 580
[2026-07-24 18:40:51.863 Server 192222] Active Threads Percentage set to 100.0
[2026-07-24 18:40:51.863 Server 192222] Server Priority set to 0
[2026-07-24 18:40:51.863 Server 192222] Server has started
[2026-07-24 18:40:51.863 Server 192222] Received new client request for {PID: 0, Context ID: 0}
[2026-07-24 18:40:51.863 Server 192222] Client {PID: 192120, Context ID: 0} connected
[2026-07-24 18:40:51.863 Server 192222] Creating worker thread for client {PID: 192120, Context ID: 0}
[2026-07-24 18:40:58.598 Server 192222] Received new client request for {PID: 192120, Context ID: 0}
[2026-07-24 18:40:58.598 Server 192222] Client {PID: 192332, Context ID: 0} connected
[2026-07-24 18:40:58.598 Server 192222] Creating worker thread for client {PID: 192332, Context ID: 0}
[2026-07-24 18:40:58.635 Server 192222] Received new client request for {PID: 192332, Context ID: 0}
[2026-07-24 18:40:58.635 Server 192222] Client {PID: 192333, Context ID: 0} connected
[2026-07-24 18:40:58.635 Server 192222] Creating worker thread for client {PID: 192333, Context ID: 0}
[2026-07-24 18:41:53.426 Server 192222] Received new client request for {PID: 192333, Context ID: 0}
[2026-07-24 18:41:53.426 Server 192222] Client {PID: 192332, Context ID: 1} connected
[2026-07-24 18:41:53.426 Server 192222] Creating worker thread for client {PID: 192332, Context ID: 1}
[2026-07-24 18:41:53.426 Server 192222] Device NVIDIA A800-SXM4-80GB (uuid GPU-bc6f6460-c6ce-5737-1d7c-e745c8771862) is associated
[2026-07-24 18:41:53.426 Server 192222] Status of client {PID: 192332, Context ID: 1} is ACTIVE
[2026-07-24 18:41:54.221 Server 192222] Received new client request for {PID: 192332, Context ID: 1}
[2026-07-24 18:41:54.221 Server 192222] Client {PID: 192333, Context ID: 1} connected
[2026-07-24 18:41:54.221 Server 192222] Creating worker thread for client {PID: 192333, Context ID: 1}
[2026-07-24 18:41:54.221 Server 192222] Device NVIDIA A800-SXM4-80GB (uuid GPU-bc6f6460-c6ce-5737-1d7c-e745c8771862) is associated
[2026-07-24 18:41:54.221 Server 192222] Status of client {PID: 192333, Context ID: 1} is ACTIVE
[2026-07-24 18:42:12.531 Server 192222] Server failed to recevie command with status 806, assuming client {PID: 192333, Context ID: 1} exit
[2026-07-24 18:42:12.531 Server 192222] Client {PID: 192333, Context ID: 1} exiting. Number of active client contexts is 1.
[2026-07-24 18:42:12.569 Server 192222] Server failed to recevie command with status 806, assuming client {PID: 192333, Context ID: 0} exit
[2026-07-24 18:42:12.569 Server 192222] Client process 192333 disconnected
[2026-07-24 18:42:12.629 Server 192222] Server failed to recevie command with status 806, assuming client {PID: 192332, Context ID: 1} exit
[2026-07-24 18:42:12.629 Server 192222] Client {PID: 192332, Context ID: 1} exiting. Number of active client contexts is 0.
[2026-07-24 18:42:12.673 Server 192222] Server failed to recevie command with status 806, assuming client {PID: 192332, Context ID: 0} exit
[2026-07-24 18:42:12.673 Server 192222] Client process 192332 disconnected
[2026-07-24 18:42:14.083 Server 192222] Server failed to recevie command with status 806, assuming client {PID: 192120, Context ID: 0} exit
[2026-07-24 18:42:14.083 Server 192222] Client process 192120 disconnected
[2026-07-24 18:42:14.112 Server 192222] Server has been notified to shutdown
[2026-07-24 18:42:14.112 Server 192222] Waiting for current clients to finish
[2026-07-24 18:42:14.112 Server 192222] Exiting
