[2026-07-24 17:59:22.898 Control 158094] Starting control daemon using socket /data1/gaobowen/tianze/logs/V-A/sm0-0/r8_ours/mps-pipe/control
[2026-07-24 17:59:22.898 Control 158094] To connect CUDA applications to this daemon, set env CUDA_MPS_PIPE_DIRECTORY=/data1/gaobowen/tianze/logs/V-A/sm0-0/r8_ours/mps-pipe
[2026-07-24 17:59:22.898 Control 158094] CUDA MPS Control binary version: 13000
[2026-07-24 17:59:27.284 Control 158094] Accepting connection...
[2026-07-24 17:59:27.284 Control 158094] User did not send valid credentials
[2026-07-24 17:59:27.284 Control 158094] Accepting connection...
[2026-07-24 17:59:27.284 Control 158094] NEW CLIENT 158099 from user 1003: Server is not ready, push client to pending list
[2026-07-24 17:59:27.285 Control 158182] Starting new server 158182 for user 1003
[2026-07-24 17:59:27.304 Control 158094] Accepting connection...
[2026-07-24 17:59:27.645 Control 158094] NEW SERVER 158182: Ready
[2026-07-24 17:59:35.029 Control 158094] Accepting connection...
[2026-07-24 17:59:35.029 Control 158094] User did not send valid credentials
[2026-07-24 17:59:35.029 Control 158094] Accepting connection...
[2026-07-24 17:59:35.029 Control 158094] NEW CLIENT 158306 from user 1003: Server already exists
[2026-07-24 17:59:35.039 Control 158094] Accepting connection...
[2026-07-24 17:59:35.039 Control 158094] User did not send valid credentials
[2026-07-24 17:59:35.039 Control 158094] Accepting connection...
[2026-07-24 17:59:35.039 Control 158094] NEW CLIENT 158307 from user 1003: Server already exists
[2026-07-24 18:00:31.960 Control 158094] Accepting connection...
[2026-07-24 18:00:31.960 Control 158094] NEW CLIENT 158306 from user 1003: Server already exists
[2026-07-24 18:00:32.225 Control 158094] Accepting connection...
[2026-07-24 18:00:32.225 Control 158094] NEW CLIENT 158307 from user 1003: Server already exists
[2026-07-24 18:01:07.711 Control 158094] Accepting connection...
[2026-07-24 18:01:07.711 Control 158094] NEW UI
[2026-07-24 18:01:07.711 Control 158094] Cmd:quit
[2026-07-24 18:01:07.711 Control 158094] Try shutting down server 158182, backoff is disabled
[2026-07-24 18:01:07.754 Control 158094] Server 158182 exited with status 0
[2026-07-24 18:01:07.754 Control 158094] Exit with status 0
