/data1/gaobowen/RLinf/.venv-libero-openpi/lib/python3.11/site-packages/transformers/utils/hub.py:111: FutureWarning: Using `TRANSFORMERS_CACHE` is deprecated and will be removed in v5 of Transformers. Use `HF_HOME` instead.
  warnings.warn(
WARNING: All log messages before absl::InitializeLog() is called are written to STDERR
I0000 00:00:1784887168.694813  158099 port.cc:153] oneDNN custom operations are on. You may see slightly different numerical results due to floating-point round-off errors from different computation orders. To turn them off, set the environment variable `TF_ENABLE_ONEDNN_OPTS=0`.
WARNING: All log messages before absl::InitializeLog() is called are written to STDERR
I0000 00:00:1784887170.143917  158099 port.cc:153] oneDNN custom operations are on. You may see slightly different numerical results due to floating-point round-off errors from different computation orders. To turn them off, set the environment variable `TF_ENABLE_ONEDNN_OPTS=0`.
/data1/gaobowen/RLinf/.venv-libero-openpi/lib/python3.11/site-packages/transformers/utils/hub.py:111: FutureWarning: Using `TRANSFORMERS_CACHE` is deprecated and will be removed in v5 of Transformers. Use `HF_HOME` instead.
  warnings.warn(
/data1/gaobowen/RLinf/.venv-libero-openpi/lib/python3.11/site-packages/transformers/utils/hub.py:111: FutureWarning: Using `TRANSFORMERS_CACHE` is deprecated and will be removed in v5 of Transformers. Use `HF_HOME` instead.
  warnings.warn(
WARNING: All log messages before absl::InitializeLog() is called are written to STDERR
I0000 00:00:1784887176.118150  158306 port.cc:153] oneDNN custom operations are on. You may see slightly different numerical results due to floating-point round-off errors from different computation orders. To turn them off, set the environment variable `TF_ENABLE_ONEDNN_OPTS=0`.
WARNING: All log messages before absl::InitializeLog() is called are written to STDERR
I0000 00:00:1784887176.118759  158307 port.cc:153] oneDNN custom operations are on. You may see slightly different numerical results due to floating-point round-off errors from different computation orders. To turn them off, set the environment variable `TF_ENABLE_ONEDNN_OPTS=0`.
WARNING: All log messages before absl::InitializeLog() is called are written to STDERR
I0000 00:00:1784887177.134603  158306 port.cc:153] oneDNN custom operations are on. You may see slightly different numerical results due to floating-point round-off errors from different computation orders. To turn them off, set the environment variable `TF_ENABLE_ONEDNN_OPTS=0`.
WARNING: All log messages before absl::InitializeLog() is called are written to STDERR
I0000 00:00:1784887177.145288  158307 port.cc:153] oneDNN custom operations are on. You may see slightly different numerical results due to floating-point round-off errors from different computation orders. To turn them off, set the environment variable `TF_ENABLE_ONEDNN_OPTS=0`.
target_request_rate_hz: 8.000
target_requests_per_second: 8.000
realized_offered_requests_per_second: 7.106
throughput_requests_per_second: 7.060
slo_ms: 200.000
slo_good_requests: 107
slo_goodput_requests_per_second: 3.802
num_requests: 200
completed_requests: 200
failed_requests: 0
timeout_requests: 0
submit_lateness_mean_ms: 0.709
submit_lateness_p50_ms: 0.701
submit_lateness_p95_ms: 1.425
action_latency_mean_ms: 211.956
action_latency_p50_ms: 197.124
action_latency_p95_ms: 285.064
action_latency_p99_ms: 318.453
end_to_end_latency_mean_ms: 212.665
end_to_end_latency_p50_ms: 197.674
end_to_end_latency_p95_ms: 285.396
vlm_prefix_forward_mean_ms: 77.050
vlm_prefix_forward_p50_ms: 71.404
baseline_vlm_latency_mean_ms: null
baseline_vlm_latency_p50_ms: null
baseline_vlm_latency_p95_ms: null
baseline_ae_latency_mean_ms: null
baseline_ae_latency_p50_ms: null
baseline_ae_latency_p95_ms: null
baseline_ae_step_latency_mean_ms: null
baseline_ae_step_latency_p50_ms: null
baseline_ae_step_latency_p95_ms: null
baseline_ae_steps_mean: null
baseline_effective_batch_mean: null
infer_queue_wait_mean_ms: 0.079
infer_queue_wait_p50_ms: 0.053
infer_queue_wait_p95_ms: 0.179
vlm_request_queue_wait_mean_ms: 15.763
vlm_request_queue_wait_p50_ms: 0.000
vlm_request_queue_wait_p95_ms: 69.275
vlm_request_transfer_mean_ms: 4.098
vlm_request_transfer_p50_ms: 2.546
vlm_request_transfer_p95_ms: 10.276
vlm_queue_wait_mean_ms: 2.087
vlm_queue_wait_p50_ms: 1.551
vlm_queue_wait_p95_ms: 3.240
prefix_queue_wait_mean_ms: 5.088
prefix_queue_wait_p50_ms: 1.666
prefix_queue_wait_p95_ms: 20.137
prefix_transfer_mean_ms: 63.431
prefix_transfer_p50_ms: 10.803
prefix_transfer_p95_ms: 301.162
prefix_admit_wait_mean_ms: 0.054
prefix_admit_wait_p50_ms: 0.054
prefix_admit_wait_p95_ms: 0.060
ae_result_queue_wait_mean_ms: 0.061
ae_result_queue_wait_p50_ms: 0.000
ae_result_queue_wait_p95_ms: 0.473
ae_result_transfer_mean_ms: 142.237
ae_result_transfer_p50_ms: 102.085
ae_result_transfer_p95_ms: 414.137
va_split_transfer_mean_ms: 209.766
va_split_transfer_p50_ms: 111.470
va_split_transfer_p95_ms: 721.956
va_split_queue_wait_mean_ms: 23.053
va_split_queue_wait_p50_ms: 8.300
va_split_queue_wait_p95_ms: 78.387
prefix_lane_ingest_mean_ms: 0.635
prefix_lane_ingest_p50_ms: 0.622
prefix_lane_ingest_p95_ms: 0.711
prefix_lane_compact_mean_ms: 0.231
prefix_lane_compact_p50_ms: 0.000
prefix_lane_compact_p95_ms: 0.846
prefix_lane_overhead_mean_ms: 0.866
prefix_lane_overhead_p50_ms: 0.634
prefix_lane_overhead_p95_ms: 1.463
ae_step_mean_ms: 19.498
ae_step_p50_ms: 18.968
ae_effective_batch_mean: 1.492
vlm_effective_batch_mean: 1.220
policy_effective_batch_mean: null
batch_wait_mean_ms: null
batch_wait_p50_ms: null
batch_wait_p95_ms: null
effective_batch_mean: 1.492
effective_batch_p50: 1.200
effective_batch_p95: 2.600
effective_batch_p99: 3.400
effective_batch_max: 3.400
inflight_peak: 6
gpu_sm_util_mean: 42.203
gpu_mem_bw_util_mean: 9.881
