[2026-07-24 17:59:27.304 Other 158182] Startup
[2026-07-24 17:59:27.304 Other 158182] Connecting to control daemon on socket: /data1/gaobowen/tianze/logs/V-A/sm0-0/r8_ours/mps-pipe/control
[2026-07-24 17:59:27.304 Other 158182] Initializing server process
[2026-07-24 17:59:27.562 Server 158182] Creating server context on device 0 (NVIDIA A800-SXM4-80GB)
[2026-07-24 17:59:27.645 Server 158182] Created anonymous shared memory region mps.shm.1003.158182
[2026-07-24 17:59:27.645 Server 158182] CUDA MPS Server for Linux/Unix. Binary version: 13000
[2026-07-24 17:59:27.645 Server 158182] Display Driver version: 580
[2026-07-24 17:59:27.645 Server 158182] Active Threads Percentage set to 100.0
[2026-07-24 17:59:27.645 Server 158182] Server Priority set to 0
[2026-07-24 17:59:27.645 Server 158182] Server has started
[2026-07-24 17:59:27.645 Server 158182] Received new client request for {PID: 0, Context ID: 0}
[2026-07-24 17:59:27.645 Server 158182] Client {PID: 158099, Context ID: 0} connected
[2026-07-24 17:59:27.645 Server 158182] Creating worker thread for client {PID: 158099, Context ID: 0}
[2026-07-24 17:59:35.029 Server 158182] Received new client request for {PID: 158099, Context ID: 0}
[2026-07-24 17:59:35.029 Server 158182] Client {PID: 158306, Context ID: 0} connected
[2026-07-24 17:59:35.029 Server 158182] Creating worker thread for client {PID: 158306, Context ID: 0}
[2026-07-24 17:59:35.039 Server 158182] Received new client request for {PID: 158306, Context ID: 0}
[2026-07-24 17:59:35.039 Server 158182] Client {PID: 158307, Context ID: 0} connected
[2026-07-24 17:59:35.039 Server 158182] Creating worker thread for client {PID: 158307, Context ID: 0}
[2026-07-24 18:00:31.960 Server 158182] Received new client request for {PID: 158307, Context ID: 0}
[2026-07-24 18:00:32.107 Server 158182] Client {PID: 158306, Context ID: 1} connected
[2026-07-24 18:00:32.107 Server 158182] Creating worker thread for client {PID: 158306, Context ID: 1}
[2026-07-24 18:00:32.107 Server 158182] Device NVIDIA A800-SXM4-80GB (uuid GPU-bc6f6460-c6ce-5737-1d7c-e745c8771862) is associated
[2026-07-24 18:00:32.107 Server 158182] Status of client {PID: 158306, Context ID: 1} is ACTIVE
[2026-07-24 18:00:32.225 Server 158182] Received new client request for {PID: 158306, Context ID: 1}
[2026-07-24 18:00:32.259 Server 158182] Client {PID: 158307, Context ID: 1} connected
[2026-07-24 18:00:32.259 Server 158182] Creating worker thread for client {PID: 158307, Context ID: 1}
[2026-07-24 18:00:32.259 Server 158182] Device NVIDIA A800-SXM4-80GB (uuid GPU-bc6f6460-c6ce-5737-1d7c-e745c8771862) is associated
[2026-07-24 18:00:32.259 Server 158182] Status of client {PID: 158307, Context ID: 1} is ACTIVE
[2026-07-24 18:01:06.250 Server 158182] Server failed to recevie command with status 806, assuming client {PID: 158307, Context ID: 1} exit
[2026-07-24 18:01:06.250 Server 158182] Client {PID: 158307, Context ID: 1} exiting. Number of active client contexts is 1.
[2026-07-24 18:01:06.280 Server 158182] Server failed to recevie command with status 806, assuming client {PID: 158306, Context ID: 1} exit
[2026-07-24 18:01:06.280 Server 158182] Client {PID: 158306, Context ID: 1} exiting. Number of active client contexts is 0.
[2026-07-24 18:01:06.313 Server 158182] Server failed to recevie command with status 806, assuming client {PID: 158306, Context ID: 0} exit
[2026-07-24 18:01:06.313 Server 158182] Client process 158306 disconnected
[2026-07-24 18:01:06.315 Server 158182] Server failed to recevie command with status 806, assuming client {PID: 158307, Context ID: 0} exit
[2026-07-24 18:01:06.315 Server 158182] Client process 158307 disconnected
[2026-07-24 18:01:07.683 Server 158182] Server failed to recevie command with status 806, assuming client {PID: 158099, Context ID: 0} exit
[2026-07-24 18:01:07.683 Server 158182] Client process 158099 disconnected
[2026-07-24 18:01:07.712 Server 158182] Server has been notified to shutdown
[2026-07-24 18:01:07.712 Server 158182] Waiting for current clients to finish
[2026-07-24 18:01:07.712 Server 158182] Exiting
