[2026-07-24 13:33:26.398 Control 232413] Starting control daemon using socket /data1/tianze/V-A schedule/logs/test/compare200_r32_ours_20260724_132602/mps-pipe/control
[2026-07-24 13:33:26.398 Control 232413] To connect CUDA applications to this daemon, set env CUDA_MPS_PIPE_DIRECTORY=/data1/tianze/V-A schedule/logs/test/compare200_r32_ours_20260724_132602/mps-pipe
[2026-07-24 13:33:26.398 Control 232413] CUDA MPS Control binary version: 13000
[2026-07-24 13:33:30.276 Control 232413] Accepting connection...
[2026-07-24 13:33:30.276 Control 232413] User did not send valid credentials
[2026-07-24 13:33:30.276 Control 232413] Accepting connection...
[2026-07-24 13:33:30.277 Control 232413] NEW CLIENT 232417 from user 1008: Server is not ready, push client to pending list
[2026-07-24 13:33:30.277 Control 232631] Starting new server 232631 for user 1008
[2026-07-24 13:33:30.317 Control 232413] Accepting connection...
[2026-07-24 13:33:30.571 Control 232413] NEW SERVER 232631: Ready
[2026-07-24 13:33:37.352 Control 232413] Accepting connection...
[2026-07-24 13:33:37.352 Control 232413] User did not send valid credentials
[2026-07-24 13:33:37.352 Control 232413] Accepting connection...
[2026-07-24 13:33:37.352 Control 232413] NEW CLIENT 232885 from user 1008: Server already exists
[2026-07-24 13:33:37.358 Control 232413] Accepting connection...
[2026-07-24 13:33:37.358 Control 232413] User did not send valid credentials
[2026-07-24 13:33:37.358 Control 232413] Accepting connection...
[2026-07-24 13:33:37.358 Control 232413] NEW CLIENT 232886 from user 1008: Server already exists
[2026-07-24 13:34:30.339 Control 232413] Accepting connection...
[2026-07-24 13:34:30.339 Control 232413] NEW CLIENT 232885 from user 1008: Server already exists
[2026-07-24 13:34:32.798 Control 232413] Accepting connection...
[2026-07-24 13:34:32.798 Control 232413] NEW CLIENT 232886 from user 1008: Server already exists
[2026-07-24 13:34:46.249 Control 232413] Accepting connection...
[2026-07-24 13:34:46.249 Control 232413] NEW UI
[2026-07-24 13:34:46.249 Control 232413] Cmd:quit
[2026-07-24 13:34:46.249 Control 232413] Try shutting down server 232631, backoff is disabled
[2026-07-24 13:34:46.280 Control 232413] Server 232631 exited with status 0
[2026-07-24 13:34:46.280 Control 232413] Exit with status 0
