WARNING: All log messages before absl::InitializeLog() is called are written to STDERR
I0000 00:00:1784871211.398470  232417 port.cc:153] oneDNN custom operations are on. You may see slightly different numerical results due to floating-point round-off errors from different computation orders. To turn them off, set the environment variable `TF_ENABLE_ONEDNN_OPTS=0`.
WARNING: All log messages before absl::InitializeLog() is called are written to STDERR
I0000 00:00:1784871212.597539  232417 port.cc:153] oneDNN custom operations are on. You may see slightly different numerical results due to floating-point round-off errors from different computation orders. To turn them off, set the environment variable `TF_ENABLE_ONEDNN_OPTS=0`.
WARNING: All log messages before absl::InitializeLog() is called are written to STDERR
I0000 00:00:1784871218.395023  232885 port.cc:153] oneDNN custom operations are on. You may see slightly different numerical results due to floating-point round-off errors from different computation orders. To turn them off, set the environment variable `TF_ENABLE_ONEDNN_OPTS=0`.
WARNING: All log messages before absl::InitializeLog() is called are written to STDERR
I0000 00:00:1784871218.434010  232886 port.cc:153] oneDNN custom operations are on. You may see slightly different numerical results due to floating-point round-off errors from different computation orders. To turn them off, set the environment variable `TF_ENABLE_ONEDNN_OPTS=0`.
WARNING: All log messages before absl::InitializeLog() is called are written to STDERR
I0000 00:00:1784871219.431636  232885 port.cc:153] oneDNN custom operations are on. You may see slightly different numerical results due to floating-point round-off errors from different computation orders. To turn them off, set the environment variable `TF_ENABLE_ONEDNN_OPTS=0`.
WARNING: All log messages before absl::InitializeLog() is called are written to STDERR
I0000 00:00:1784871219.483639  232886 port.cc:153] oneDNN custom operations are on. You may see slightly different numerical results due to floating-point round-off errors from different computation orders. To turn them off, set the environment variable `TF_ENABLE_ONEDNN_OPTS=0`.
target_request_rate_hz: 32.000
target_requests_per_second: 32.000
realized_offered_requests_per_second: 28.425
throughput_requests_per_second: 25.234
slo_ms: 200.000
slo_good_requests: 1
slo_goodput_requests_per_second: 0.142
num_requests: 200
completed_requests: 200
failed_requests: 0
timeout_requests: 0
submit_lateness_mean_ms: 0.723
submit_lateness_p50_ms: 0.650
submit_lateness_p95_ms: 1.608
action_latency_mean_ms: 902.953
action_latency_p50_ms: 950.462
action_latency_p95_ms: 1190.223
action_latency_p99_ms: 1242.912
end_to_end_latency_mean_ms: 903.676
end_to_end_latency_p50_ms: 951.180
end_to_end_latency_p95_ms: 1190.811
vlm_prefix_forward_mean_ms: 266.326
vlm_prefix_forward_p50_ms: 278.577
baseline_vlm_latency_mean_ms: null
baseline_vlm_latency_p50_ms: null
baseline_vlm_latency_p95_ms: null
baseline_ae_latency_mean_ms: null
baseline_ae_latency_p50_ms: null
baseline_ae_latency_p95_ms: null
baseline_ae_step_latency_mean_ms: null
baseline_ae_step_latency_p50_ms: null
baseline_ae_step_latency_p95_ms: null
baseline_ae_steps_mean: null
baseline_effective_batch_mean: null
vlm_request_transfer_mean_ms: 131.666
vlm_request_transfer_p50_ms: 125.934
vlm_request_transfer_p95_ms: 270.124
prefix_transfer_mean_ms: 13.984
prefix_transfer_p50_ms: 12.296
prefix_transfer_p95_ms: 29.608
ae_result_transfer_mean_ms: 2.923
ae_result_transfer_p50_ms: 2.861
ae_result_transfer_p95_ms: 5.445
va_split_transfer_mean_ms: 148.573
va_split_transfer_p50_ms: 145.193
va_split_transfer_p95_ms: 280.232
prefix_lane_ingest_mean_ms: 0.659
prefix_lane_ingest_p50_ms: 0.622
prefix_lane_ingest_p95_ms: 0.791
prefix_lane_compact_mean_ms: 0.103
prefix_lane_compact_p50_ms: 0.000
prefix_lane_compact_p95_ms: 0.517
prefix_lane_overhead_mean_ms: 0.762
prefix_lane_overhead_p50_ms: 0.626
prefix_lane_overhead_p95_ms: 1.155
ae_step_mean_ms: 45.515
ae_step_p50_ms: 47.610
ae_effective_batch_mean: 7.980
vlm_effective_batch_mean: 7.600
policy_effective_batch_mean: null
batch_wait_mean_ms: null
batch_wait_p50_ms: null
batch_wait_p95_ms: null
effective_batch_mean: 7.980
effective_batch_p50: 8.000
effective_batch_p95: 9.600
effective_batch_p99: 10.200
effective_batch_max: 10.200
inflight_peak: 33
gpu_sm_util_mean: 85.900
gpu_mem_bw_util_mean: 31.200
