[2026-07-24 13:33:30.317 Other 232631] Startup
[2026-07-24 13:33:30.317 Other 232631] Connecting to control daemon on socket: /data1/tianze/V-A schedule/logs/test/compare200_r32_ours_20260724_132602/mps-pipe/control
[2026-07-24 13:33:30.317 Other 232631] Initializing server process
[2026-07-24 13:33:30.494 Server 232631] Creating server context on device 0 (NVIDIA A800-SXM4-80GB)
[2026-07-24 13:33:30.571 Server 232631] Created anonymous shared memory region mps.shm.1008.232631
[2026-07-24 13:33:30.571 Server 232631] CUDA MPS Server for Linux/Unix. Binary version: 13000
[2026-07-24 13:33:30.571 Server 232631] Display Driver version: 580
[2026-07-24 13:33:30.571 Server 232631] Active Threads Percentage set to 100.0
[2026-07-24 13:33:30.571 Server 232631] Server Priority set to 0
[2026-07-24 13:33:30.571 Server 232631] Server has started
[2026-07-24 13:33:30.571 Server 232631] Received new client request for {PID: 0, Context ID: 0}
[2026-07-24 13:33:30.571 Server 232631] Client {PID: 232417, Context ID: 0} connected
[2026-07-24 13:33:30.571 Server 232631] Creating worker thread for client {PID: 232417, Context ID: 0}
[2026-07-24 13:33:37.352 Server 232631] Received new client request for {PID: 232417, Context ID: 0}
[2026-07-24 13:33:37.352 Server 232631] Client {PID: 232885, Context ID: 0} connected
[2026-07-24 13:33:37.353 Server 232631] Creating worker thread for client {PID: 232885, Context ID: 0}
[2026-07-24 13:33:37.358 Server 232631] Received new client request for {PID: 232885, Context ID: 0}
[2026-07-24 13:33:37.358 Server 232631] Client {PID: 232886, Context ID: 0} connected
[2026-07-24 13:33:37.358 Server 232631] Creating worker thread for client {PID: 232886, Context ID: 0}
[2026-07-24 13:34:30.339 Server 232631] Received new client request for {PID: 232886, Context ID: 0}
[2026-07-24 13:34:30.339 Server 232631] Client {PID: 232885, Context ID: 1} connected
[2026-07-24 13:34:30.339 Server 232631] Creating worker thread for client {PID: 232885, Context ID: 1}
[2026-07-24 13:34:30.339 Server 232631] Device NVIDIA A800-SXM4-80GB (uuid GPU-1e91fa45-683b-e950-c0ed-522784cbc201) is associated
[2026-07-24 13:34:30.339 Server 232631] Status of client {PID: 232885, Context ID: 1} is ACTIVE
[2026-07-24 13:34:32.798 Server 232631] Received new client request for {PID: 232885, Context ID: 1}
[2026-07-24 13:34:32.798 Server 232631] Client {PID: 232886, Context ID: 1} connected
[2026-07-24 13:34:32.798 Server 232631] Creating worker thread for client {PID: 232886, Context ID: 1}
[2026-07-24 13:34:32.798 Server 232631] Device NVIDIA A800-SXM4-80GB (uuid GPU-1e91fa45-683b-e950-c0ed-522784cbc201) is associated
[2026-07-24 13:34:32.798 Server 232631] Status of client {PID: 232886, Context ID: 1} is ACTIVE
[2026-07-24 13:34:44.769 Server 232631] Server failed to recevie command with status 806, assuming client {PID: 232886, Context ID: 1} exit
[2026-07-24 13:34:44.769 Server 232631] Client {PID: 232886, Context ID: 1} exiting. Number of active client contexts is 1.
[2026-07-24 13:34:44.773 Server 232631] Server failed to recevie command with status 806, assuming client {PID: 232885, Context ID: 1} exit
[2026-07-24 13:34:44.773 Server 232631] Client {PID: 232885, Context ID: 1} exiting. Number of active client contexts is 0.
[2026-07-24 13:34:44.818 Server 232631] Server failed to recevie command with status 806, assuming client {PID: 232886, Context ID: 0} exit
[2026-07-24 13:34:44.818 Server 232631] Client process 232886 disconnected
[2026-07-24 13:34:44.878 Server 232631] Server failed to recevie command with status 806, assuming client {PID: 232885, Context ID: 0} exit
[2026-07-24 13:34:44.878 Server 232631] Client process 232885 disconnected
[2026-07-24 13:34:46.226 Server 232631] Server failed to recevie command with status 806, assuming client {PID: 232417, Context ID: 0} exit
[2026-07-24 13:34:46.226 Server 232631] Client process 232417 disconnected
[2026-07-24 13:34:46.249 Server 232631] Server has been notified to shutdown
[2026-07-24 13:34:46.249 Server 232631] Waiting for current clients to finish
[2026-07-24 13:34:46.249 Server 232631] Exiting
