[2026-07-24 19:32:18.744 Control 223491] Starting control daemon using socket /data1/gaobowen/tianze/logs/V-A/sm0-0-torch/r16_ours/mps-pipe/control
[2026-07-24 19:32:18.744 Control 223491] To connect CUDA applications to this daemon, set env CUDA_MPS_PIPE_DIRECTORY=/data1/gaobowen/tianze/logs/V-A/sm0-0-torch/r16_ours/mps-pipe
[2026-07-24 19:32:18.744 Control 223491] CUDA MPS Control binary version: 13000
[2026-07-24 19:32:22.475 Control 223491] Accepting connection...
[2026-07-24 19:32:22.475 Control 223491] User did not send valid credentials
[2026-07-24 19:32:22.475 Control 223491] Accepting connection...
[2026-07-24 19:32:22.475 Control 223491] NEW CLIENT 223496 from user 1003: Server is not ready, push client to pending list
[2026-07-24 19:32:22.475 Control 223587] Starting new server 223587 for user 1003
[2026-07-24 19:32:22.500 Control 223491] Accepting connection...
[2026-07-24 19:32:22.868 Control 223491] NEW SERVER 223587: Ready
[2026-07-24 19:32:29.581 Control 223491] Accepting connection...
[2026-07-24 19:32:29.581 Control 223491] User did not send valid credentials
[2026-07-24 19:32:29.581 Control 223491] Accepting connection...
[2026-07-24 19:32:29.581 Control 223491] NEW CLIENT 223695 from user 1003: Server already exists
[2026-07-24 19:32:29.604 Control 223491] Accepting connection...
[2026-07-24 19:32:29.605 Control 223491] User did not send valid credentials
[2026-07-24 19:32:29.605 Control 223491] Accepting connection...
[2026-07-24 19:32:29.605 Control 223491] NEW CLIENT 223696 from user 1003: Server already exists
[2026-07-24 19:33:22.789 Control 223491] Accepting connection...
[2026-07-24 19:33:22.789 Control 223491] NEW CLIENT 223695 from user 1003: Server already exists
[2026-07-24 19:33:23.678 Control 223491] Accepting connection...
[2026-07-24 19:33:23.679 Control 223491] User did not send valid credentials
[2026-07-24 19:33:23.679 Control 223491] Accepting connection...
[2026-07-24 19:33:23.679 Control 223491] NEW CLIENT 224534 from user 1003: Server already exists
[2026-07-24 19:33:26.251 Control 223491] Accepting connection...
[2026-07-24 19:33:26.251 Control 223491] NEW CLIENT 223696 from user 1003: Server already exists
[2026-07-24 19:33:27.044 Control 223491] Accepting connection...
[2026-07-24 19:33:27.044 Control 223491] User did not send valid credentials
[2026-07-24 19:33:27.044 Control 223491] Accepting connection...
[2026-07-24 19:33:27.044 Control 223491] NEW CLIENT 224695 from user 1003: Server already exists
[2026-07-24 19:37:00.104 Control 223491] Accepting connection...
[2026-07-24 19:37:00.104 Control 223491] NEW UI
[2026-07-24 19:37:00.104 Control 223491] Cmd:quit
[2026-07-24 19:37:00.104 Control 223491] Try shutting down server 223587, backoff is disabled
[2026-07-24 19:37:00.149 Control 223491] Server 223587 exited with status 0
[2026-07-24 19:37:00.149 Control 223491] Exit with status 0
