/data1/gaobowen/RLinf/.venv-libero-openpi/lib/python3.11/site-packages/transformers/utils/hub.py:111: FutureWarning: Using `TRANSFORMERS_CACHE` is deprecated and will be removed in v5 of Transformers. Use `HF_HOME` instead.
  warnings.warn(
WARNING: All log messages before absl::InitializeLog() is called are written to STDERR
I0000 00:00:1784892743.683550  223496 port.cc:153] oneDNN custom operations are on. You may see slightly different numerical results due to floating-point round-off errors from different computation orders. To turn them off, set the environment variable `TF_ENABLE_ONEDNN_OPTS=0`.
WARNING: All log messages before absl::InitializeLog() is called are written to STDERR
I0000 00:00:1784892744.868717  223496 port.cc:153] oneDNN custom operations are on. You may see slightly different numerical results due to floating-point round-off errors from different computation orders. To turn them off, set the environment variable `TF_ENABLE_ONEDNN_OPTS=0`.
/data1/gaobowen/RLinf/.venv-libero-openpi/lib/python3.11/site-packages/transformers/utils/hub.py:111: FutureWarning: Using `TRANSFORMERS_CACHE` is deprecated and will be removed in v5 of Transformers. Use `HF_HOME` instead.
  warnings.warn(
/data1/gaobowen/RLinf/.venv-libero-openpi/lib/python3.11/site-packages/transformers/utils/hub.py:111: FutureWarning: Using `TRANSFORMERS_CACHE` is deprecated and will be removed in v5 of Transformers. Use `HF_HOME` instead.
  warnings.warn(
WARNING: All log messages before absl::InitializeLog() is called are written to STDERR
I0000 00:00:1784892750.644647  223695 port.cc:153] oneDNN custom operations are on. You may see slightly different numerical results due to floating-point round-off errors from different computation orders. To turn them off, set the environment variable `TF_ENABLE_ONEDNN_OPTS=0`.
WARNING: All log messages before absl::InitializeLog() is called are written to STDERR
I0000 00:00:1784892750.688467  223696 port.cc:153] oneDNN custom operations are on. You may see slightly different numerical results due to floating-point round-off errors from different computation orders. To turn them off, set the environment variable `TF_ENABLE_ONEDNN_OPTS=0`.
WARNING: All log messages before absl::InitializeLog() is called are written to STDERR
I0000 00:00:1784892751.669982  223695 port.cc:153] oneDNN custom operations are on. You may see slightly different numerical results due to floating-point round-off errors from different computation orders. To turn them off, set the environment variable `TF_ENABLE_ONEDNN_OPTS=0`.
WARNING: All log messages before absl::InitializeLog() is called are written to STDERR
I0000 00:00:1784892751.710663  223696 port.cc:153] oneDNN custom operations are on. You may see slightly different numerical results due to floating-point round-off errors from different computation orders. To turn them off, set the environment variable `TF_ENABLE_ONEDNN_OPTS=0`.
target_request_rate_hz: 16.000
target_requests_per_second: 16.000
realized_offered_requests_per_second: 14.212
throughput_requests_per_second: 14.094
slo_ms: 200.000
slo_good_requests: 180
slo_goodput_requests_per_second: 12.791
num_requests: 200
completed_requests: 200
failed_requests: 0
timeout_requests: 0
submit_lateness_mean_ms: 0.669
submit_lateness_p50_ms: 0.640
submit_lateness_p95_ms: 1.380
action_latency_mean_ms: 132.788
action_latency_p50_ms: 124.435
action_latency_p95_ms: 214.233
action_latency_p99_ms: 250.033
end_to_end_latency_mean_ms: 133.457
end_to_end_latency_p50_ms: 125.298
end_to_end_latency_p95_ms: 214.472
vlm_prefix_forward_mean_ms: 63.753
vlm_prefix_forward_p50_ms: 53.492
baseline_vlm_latency_mean_ms: null
baseline_vlm_latency_p50_ms: null
baseline_vlm_latency_p95_ms: null
baseline_ae_latency_mean_ms: null
baseline_ae_latency_p50_ms: null
baseline_ae_latency_p95_ms: null
baseline_ae_step_latency_mean_ms: null
baseline_ae_step_latency_p50_ms: null
baseline_ae_step_latency_p95_ms: null
baseline_ae_steps_mean: null
baseline_effective_batch_mean: null
infer_queue_wait_mean_ms: 0.073
infer_queue_wait_p50_ms: 0.047
infer_queue_wait_p95_ms: 0.173
vlm_request_queue_wait_mean_ms: 19.380
vlm_request_queue_wait_p50_ms: 11.321
vlm_request_queue_wait_p95_ms: 61.281
vlm_request_transfer_mean_ms: 3.475
vlm_request_transfer_p50_ms: 1.538
vlm_request_transfer_p95_ms: 10.372
vlm_queue_wait_mean_ms: 2.402
vlm_queue_wait_p50_ms: 1.734
vlm_queue_wait_p95_ms: 5.451
prefix_queue_wait_mean_ms: 1.397
prefix_queue_wait_p50_ms: 0.000
prefix_queue_wait_p95_ms: 4.641
prefix_transfer_mean_ms: 44.635
prefix_transfer_p50_ms: 25.595
prefix_transfer_p95_ms: 153.946
prefix_admit_wait_mean_ms: 0.057
prefix_admit_wait_p50_ms: 0.056
prefix_admit_wait_p95_ms: 0.064
ae_result_queue_wait_mean_ms: 0.136
ae_result_queue_wait_p50_ms: 0.000
ae_result_queue_wait_p95_ms: 0.651
ae_result_transfer_mean_ms: 71.352
ae_result_transfer_p50_ms: 58.183
ae_result_transfer_p95_ms: 189.507
va_split_transfer_mean_ms: 119.461
va_split_transfer_p50_ms: 86.449
va_split_transfer_p95_ms: 348.787
va_split_queue_wait_mean_ms: 23.373
va_split_queue_wait_p50_ms: 16.478
va_split_queue_wait_p95_ms: 64.876
prefix_lane_ingest_mean_ms: 0.641
prefix_lane_ingest_p50_ms: 0.624
prefix_lane_ingest_p95_ms: 0.752
prefix_lane_compact_mean_ms: 0.043
prefix_lane_compact_p50_ms: 0.000
prefix_lane_compact_p95_ms: 0.000
prefix_lane_overhead_mean_ms: 0.684
prefix_lane_overhead_p50_ms: 0.624
prefix_lane_overhead_p95_ms: 0.801
ae_step_mean_ms: 6.780
ae_step_p50_ms: 6.026
ae_effective_batch_mean: 1.584
vlm_effective_batch_mean: 1.550
policy_effective_batch_mean: null
batch_wait_mean_ms: null
batch_wait_p50_ms: null
batch_wait_p95_ms: null
effective_batch_mean: 1.584
effective_batch_p50: 1.000
effective_batch_p95: 3.000
effective_batch_p99: 4.000
effective_batch_max: 4.000
inflight_peak: 8
gpu_sm_util_mean: 57.181
gpu_mem_bw_util_mean: 14.361
