[2026-07-24 18:39:06.006 Control 190478] Starting control daemon using socket /data1/gaobowen/tianze/logs/V-A/sm0-0-new/r8_ours/mps-pipe/control
[2026-07-24 18:39:06.006 Control 190478] To connect CUDA applications to this daemon, set env CUDA_MPS_PIPE_DIRECTORY=/data1/gaobowen/tianze/logs/V-A/sm0-0-new/r8_ours/mps-pipe
[2026-07-24 18:39:06.006 Control 190478] CUDA MPS Control binary version: 13000
[2026-07-24 18:39:09.708 Control 190478] Accepting connection...
[2026-07-24 18:39:09.708 Control 190478] User did not send valid credentials
[2026-07-24 18:39:09.708 Control 190478] Accepting connection...
[2026-07-24 18:39:09.708 Control 190478] NEW CLIENT 190483 from user 1003: Server is not ready, push client to pending list
[2026-07-24 18:39:09.708 Control 190573] Starting new server 190573 for user 1003
[2026-07-24 18:39:09.729 Control 190478] Accepting connection...
[2026-07-24 18:39:10.044 Control 190478] NEW SERVER 190573: Ready
[2026-07-24 18:39:16.766 Control 190478] Accepting connection...
[2026-07-24 18:39:16.766 Control 190478] User did not send valid credentials
[2026-07-24 18:39:16.766 Control 190478] Accepting connection...
[2026-07-24 18:39:16.766 Control 190478] NEW CLIENT 190664 from user 1003: Server already exists
[2026-07-24 18:39:16.782 Control 190478] Accepting connection...
[2026-07-24 18:39:16.782 Control 190478] User did not send valid credentials
[2026-07-24 18:39:16.782 Control 190478] Accepting connection...
[2026-07-24 18:39:16.782 Control 190478] NEW CLIENT 190665 from user 1003: Server already exists
[2026-07-24 18:40:12.500 Control 190478] Accepting connection...
[2026-07-24 18:40:12.500 Control 190478] NEW CLIENT 190664 from user 1003: Server already exists
[2026-07-24 18:40:12.687 Control 190478] Accepting connection...
[2026-07-24 18:40:12.687 Control 190478] NEW CLIENT 190665 from user 1003: Server already exists
[2026-07-24 18:40:47.371 Control 190478] Accepting connection...
[2026-07-24 18:40:47.371 Control 190478] NEW UI
[2026-07-24 18:40:47.371 Control 190478] Cmd:quit
[2026-07-24 18:40:47.371 Control 190478] Try shutting down server 190573, backoff is disabled
[2026-07-24 18:40:47.417 Control 190478] Server 190573 exited with status 0
[2026-07-24 18:40:47.418 Control 190478] Exit with status 0
