/data1/gaobowen/RLinf/.venv-libero-openpi/lib/python3.11/site-packages/transformers/utils/hub.py:111: FutureWarning: Using `TRANSFORMERS_CACHE` is deprecated and will be removed in v5 of Transformers. Use `HF_HOME` instead.
  warnings.warn(
WARNING: All log messages before absl::InitializeLog() is called are written to STDERR
I0000 00:00:1784889550.861839  190483 port.cc:153] oneDNN custom operations are on. You may see slightly different numerical results due to floating-point round-off errors from different computation orders. To turn them off, set the environment variable `TF_ENABLE_ONEDNN_OPTS=0`.
WARNING: All log messages before absl::InitializeLog() is called are written to STDERR
I0000 00:00:1784889552.072154  190483 port.cc:153] oneDNN custom operations are on. You may see slightly different numerical results due to floating-point round-off errors from different computation orders. To turn them off, set the environment variable `TF_ENABLE_ONEDNN_OPTS=0`.
/data1/gaobowen/RLinf/.venv-libero-openpi/lib/python3.11/site-packages/transformers/utils/hub.py:111: FutureWarning: Using `TRANSFORMERS_CACHE` is deprecated and will be removed in v5 of Transformers. Use `HF_HOME` instead.
  warnings.warn(
/data1/gaobowen/RLinf/.venv-libero-openpi/lib/python3.11/site-packages/transformers/utils/hub.py:111: FutureWarning: Using `TRANSFORMERS_CACHE` is deprecated and will be removed in v5 of Transformers. Use `HF_HOME` instead.
  warnings.warn(
WARNING: All log messages before absl::InitializeLog() is called are written to STDERR
I0000 00:00:1784889557.839618  190664 port.cc:153] oneDNN custom operations are on. You may see slightly different numerical results due to floating-point round-off errors from different computation orders. To turn them off, set the environment variable `TF_ENABLE_ONEDNN_OPTS=0`.
WARNING: All log messages before absl::InitializeLog() is called are written to STDERR
I0000 00:00:1784889557.846799  190665 port.cc:153] oneDNN custom operations are on. You may see slightly different numerical results due to floating-point round-off errors from different computation orders. To turn them off, set the environment variable `TF_ENABLE_ONEDNN_OPTS=0`.
WARNING: All log messages before absl::InitializeLog() is called are written to STDERR
I0000 00:00:1784889558.857630  190664 port.cc:153] oneDNN custom operations are on. You may see slightly different numerical results due to floating-point round-off errors from different computation orders. To turn them off, set the environment variable `TF_ENABLE_ONEDNN_OPTS=0`.
WARNING: All log messages before absl::InitializeLog() is called are written to STDERR
I0000 00:00:1784889558.874947  190665 port.cc:153] oneDNN custom operations are on. You may see slightly different numerical results due to floating-point round-off errors from different computation orders. To turn them off, set the environment variable `TF_ENABLE_ONEDNN_OPTS=0`.
target_request_rate_hz: 8.000
target_requests_per_second: 8.000
realized_offered_requests_per_second: 7.106
throughput_requests_per_second: 7.062
slo_ms: 200.000
slo_good_requests: 103
slo_goodput_requests_per_second: 3.660
num_requests: 200
completed_requests: 200
failed_requests: 0
timeout_requests: 0
submit_lateness_mean_ms: 0.781
submit_lateness_p50_ms: 0.718
submit_lateness_p95_ms: 1.829
action_latency_mean_ms: 212.198
action_latency_p50_ms: 197.676
action_latency_p95_ms: 288.209
action_latency_p99_ms: 323.230
end_to_end_latency_mean_ms: 212.979
end_to_end_latency_p50_ms: 198.539
end_to_end_latency_p95_ms: 288.453
vlm_prefix_forward_mean_ms: 77.608
vlm_prefix_forward_p50_ms: 71.705
baseline_vlm_latency_mean_ms: null
baseline_vlm_latency_p50_ms: null
baseline_vlm_latency_p95_ms: null
baseline_ae_latency_mean_ms: null
baseline_ae_latency_p50_ms: null
baseline_ae_latency_p95_ms: null
baseline_ae_step_latency_mean_ms: null
baseline_ae_step_latency_p50_ms: null
baseline_ae_step_latency_p95_ms: null
baseline_ae_steps_mean: null
baseline_effective_batch_mean: null
infer_queue_wait_mean_ms: 0.079
infer_queue_wait_p50_ms: 0.052
infer_queue_wait_p95_ms: 0.188
vlm_request_queue_wait_mean_ms: 15.844
vlm_request_queue_wait_p50_ms: 0.685
vlm_request_queue_wait_p95_ms: 68.470
vlm_request_transfer_mean_ms: 4.066
vlm_request_transfer_p50_ms: 2.318
vlm_request_transfer_p95_ms: 10.347
vlm_queue_wait_mean_ms: 2.291
vlm_queue_wait_p50_ms: 1.844
vlm_queue_wait_p95_ms: 3.815
prefix_queue_wait_mean_ms: 5.435
prefix_queue_wait_p50_ms: 1.722
prefix_queue_wait_p95_ms: 19.622
prefix_transfer_mean_ms: 63.210
prefix_transfer_p50_ms: 12.385
prefix_transfer_p95_ms: 292.172
prefix_admit_wait_mean_ms: 0.056
prefix_admit_wait_p50_ms: 0.054
prefix_admit_wait_p95_ms: 0.062
ae_result_queue_wait_mean_ms: 0.061
ae_result_queue_wait_p50_ms: 0.000
ae_result_queue_wait_p95_ms: 0.517
ae_result_transfer_mean_ms: 142.189
ae_result_transfer_p50_ms: 103.090
ae_result_transfer_p95_ms: 402.217
va_split_transfer_mean_ms: 209.465
va_split_transfer_p50_ms: 112.863
va_split_transfer_p95_ms: 704.358
va_split_queue_wait_mean_ms: 23.687
va_split_queue_wait_p50_ms: 9.030
va_split_queue_wait_p95_ms: 78.085
prefix_lane_ingest_mean_ms: 0.639
prefix_lane_ingest_p50_ms: 0.626
prefix_lane_ingest_p95_ms: 0.694
prefix_lane_compact_mean_ms: 0.226
prefix_lane_compact_p50_ms: 0.000
prefix_lane_compact_p95_ms: 0.695
prefix_lane_overhead_mean_ms: 0.864
prefix_lane_overhead_p50_ms: 0.637
prefix_lane_overhead_p95_ms: 1.320
ae_step_mean_ms: 19.306
ae_step_p50_ms: 18.729
ae_effective_batch_mean: 1.482
vlm_effective_batch_mean: 1.220
policy_effective_batch_mean: null
batch_wait_mean_ms: null
batch_wait_p50_ms: null
batch_wait_p95_ms: null
effective_batch_mean: 1.482
effective_batch_p50: 1.200
effective_batch_p95: 2.800
effective_batch_p99: 3.400
effective_batch_max: 3.400
inflight_peak: 6
gpu_sm_util_mean: 42.648
gpu_mem_bw_util_mean: 9.908
